2026-04-28 05:06:22,080 [INFO] ============================================================
2026-04-28 05:06:22,080 [INFO] 08_sft_v2.py  --  Single-stage SFT from base HF weights
2026-04-28 05:06:22,080 [INFO]   GPU=2 | epochs=4 | max_samples=9646
2026-04-28 05:06:22,080 [INFO] ============================================================
2026-04-28 05:06:22,157 [INFO] Loaded 9646 captions from all_captions_gemma.json
2026-04-28 05:06:22,160 [INFO] After quality filter (len>30): 9577
2026-04-28 05:06:22,160 [INFO] Train: 8619 | Val: 958
2026-04-28 05:06:22,161 [INFO] per_device_bs=4 | grad_accum=4 | effective_bs=16
2026-04-28 05:06:22,161 [INFO] steps/epoch=539 | total_steps=2156
2026-04-28 05:06:22,161 [INFO] TRANSITION_STEP=539  (25% of 2156 total steps)
2026-04-28 05:06:22,161 [INFO]   Phase 1 (vision+connector only):          steps 0 -> 539
2026-04-28 05:06:22,161 [INFO]   Phase 2 (all trainable, vision LR=5e-6):  steps 539 -> 2156
2026-04-28 05:06:22,161 [INFO] Loading base model (bf16, no quantization): HuggingFaceTB/SmolVLM2-500M-Video-Instruct
2026-04-28 05:06:22,161 [INFO] HF cache: /usershome/cs671_user2/p16_blv/models/.hf_cache
2026-04-28 05:06:23,806 [INFO] HTTP Request: HEAD https://huggingface.co/HuggingFaceTB/SmolVLM2-500M-Video-Instruct/resolve/main/config.json "HTTP/1.1 307 Temporary Redirect"
2026-04-28 05:06:23,807 [WARNING] Warning: You are sending unauthenticated requests to the HF Hub. Please set a HF_TOKEN to enable higher rate limits and faster downloads.
2026-04-28 05:06:23,856 [INFO] HTTP Request: HEAD https://huggingface.co/api/resolve-cache/models/HuggingFaceTB/SmolVLM2-500M-Video-Instruct/7b375e1b73b11138ff12fe22c8f2822d8fe03467/config.json "HTTP/1.1 200 OK"
2026-04-28 05:06:24,138 [INFO] HTTP Request: HEAD https://huggingface.co/HuggingFaceTB/SmolVLM2-500M-Video-Instruct/resolve/main/config.json "HTTP/1.1 307 Temporary Redirect"
2026-04-28 05:06:24,191 [INFO] HTTP Request: HEAD https://huggingface.co/api/resolve-cache/models/HuggingFaceTB/SmolVLM2-500M-Video-Instruct/7b375e1b73b11138ff12fe22c8f2822d8fe03467/config.json "HTTP/1.1 200 OK"
2026-04-28 05:06:24,472 [INFO] HTTP Request: HEAD https://huggingface.co/HuggingFaceTB/SmolVLM2-500M-Video-Instruct/resolve/main/model.safetensors "HTTP/1.1 302 Found"
2026-04-28 05:06:27,999 [INFO] HTTP Request: HEAD https://huggingface.co/HuggingFaceTB/SmolVLM2-500M-Video-Instruct/resolve/main/generation_config.json "HTTP/1.1 307 Temporary Redirect"
2026-04-28 05:06:28,055 [INFO] HTTP Request: HEAD https://huggingface.co/api/resolve-cache/models/HuggingFaceTB/SmolVLM2-500M-Video-Instruct/7b375e1b73b11138ff12fe22c8f2822d8fe03467/generation_config.json "HTTP/1.1 200 OK"
2026-04-28 05:06:28,329 [INFO] HTTP Request: HEAD https://huggingface.co/HuggingFaceTB/SmolVLM2-500M-Video-Instruct/resolve/main/processor_config.json "HTTP/1.1 307 Temporary Redirect"
2026-04-28 05:06:28,379 [INFO] HTTP Request: HEAD https://huggingface.co/api/resolve-cache/models/HuggingFaceTB/SmolVLM2-500M-Video-Instruct/7b375e1b73b11138ff12fe22c8f2822d8fe03467/processor_config.json "HTTP/1.1 200 OK"
2026-04-28 05:06:28,661 [INFO] HTTP Request: GET https://huggingface.co/api/models/HuggingFaceTB/SmolVLM2-500M-Video-Instruct/tree/main/additional_chat_templates?recursive=false&expand=false "HTTP/1.1 404 Not Found"
2026-04-28 05:06:28,936 [INFO] HTTP Request: HEAD https://huggingface.co/HuggingFaceTB/SmolVLM2-500M-Video-Instruct/resolve/main/processor_config.json "HTTP/1.1 307 Temporary Redirect"
2026-04-28 05:06:28,986 [INFO] HTTP Request: HEAD https://huggingface.co/api/resolve-cache/models/HuggingFaceTB/SmolVLM2-500M-Video-Instruct/7b375e1b73b11138ff12fe22c8f2822d8fe03467/processor_config.json "HTTP/1.1 200 OK"
2026-04-28 05:06:29,259 [INFO] HTTP Request: HEAD https://huggingface.co/HuggingFaceTB/SmolVLM2-500M-Video-Instruct/resolve/main/chat_template.json "HTTP/1.1 307 Temporary Redirect"
2026-04-28 05:06:29,308 [INFO] HTTP Request: HEAD https://huggingface.co/api/resolve-cache/models/HuggingFaceTB/SmolVLM2-500M-Video-Instruct/7b375e1b73b11138ff12fe22c8f2822d8fe03467/chat_template.json "HTTP/1.1 200 OK"
2026-04-28 05:06:29,594 [INFO] HTTP Request: HEAD https://huggingface.co/HuggingFaceTB/SmolVLM2-500M-Video-Instruct/resolve/main/chat_template.jinja "HTTP/1.1 404 Not Found"
2026-04-28 05:06:29,867 [INFO] HTTP Request: HEAD https://huggingface.co/HuggingFaceTB/SmolVLM2-500M-Video-Instruct/resolve/main/audio_tokenizer_config.json "HTTP/1.1 404 Not Found"
2026-04-28 05:06:30,175 [INFO] HTTP Request: GET https://huggingface.co/api/models/HuggingFaceTB/SmolVLM2-500M-Video-Instruct/tree/main/additional_chat_templates?recursive=false&expand=false "HTTP/1.1 404 Not Found"
2026-04-28 05:06:30,445 [INFO] HTTP Request: HEAD https://huggingface.co/HuggingFaceTB/SmolVLM2-500M-Video-Instruct/resolve/main/processor_config.json "HTTP/1.1 307 Temporary Redirect"
2026-04-28 05:06:30,493 [INFO] HTTP Request: HEAD https://huggingface.co/api/resolve-cache/models/HuggingFaceTB/SmolVLM2-500M-Video-Instruct/7b375e1b73b11138ff12fe22c8f2822d8fe03467/processor_config.json "HTTP/1.1 200 OK"
2026-04-28 05:06:30,769 [INFO] HTTP Request: HEAD https://huggingface.co/HuggingFaceTB/SmolVLM2-500M-Video-Instruct/resolve/main/chat_template.json "HTTP/1.1 307 Temporary Redirect"
2026-04-28 05:06:30,818 [INFO] HTTP Request: HEAD https://huggingface.co/api/resolve-cache/models/HuggingFaceTB/SmolVLM2-500M-Video-Instruct/7b375e1b73b11138ff12fe22c8f2822d8fe03467/chat_template.json "HTTP/1.1 200 OK"
2026-04-28 05:06:31,093 [INFO] HTTP Request: HEAD https://huggingface.co/HuggingFaceTB/SmolVLM2-500M-Video-Instruct/resolve/main/chat_template.jinja "HTTP/1.1 404 Not Found"
2026-04-28 05:06:31,367 [INFO] HTTP Request: HEAD https://huggingface.co/HuggingFaceTB/SmolVLM2-500M-Video-Instruct/resolve/main/audio_tokenizer_config.json "HTTP/1.1 404 Not Found"
2026-04-28 05:06:31,651 [INFO] HTTP Request: HEAD https://huggingface.co/HuggingFaceTB/SmolVLM2-500M-Video-Instruct/resolve/main/processor_config.json "HTTP/1.1 307 Temporary Redirect"
2026-04-28 05:06:31,698 [INFO] HTTP Request: HEAD https://huggingface.co/api/resolve-cache/models/HuggingFaceTB/SmolVLM2-500M-Video-Instruct/7b375e1b73b11138ff12fe22c8f2822d8fe03467/processor_config.json "HTTP/1.1 200 OK"
2026-04-28 05:06:31,975 [INFO] HTTP Request: HEAD https://huggingface.co/HuggingFaceTB/SmolVLM2-500M-Video-Instruct/resolve/main/preprocessor_config.json "HTTP/1.1 307 Temporary Redirect"
2026-04-28 05:06:32,023 [INFO] HTTP Request: HEAD https://huggingface.co/api/resolve-cache/models/HuggingFaceTB/SmolVLM2-500M-Video-Instruct/7b375e1b73b11138ff12fe22c8f2822d8fe03467/preprocessor_config.json "HTTP/1.1 200 OK"
2026-04-28 05:06:32,300 [INFO] HTTP Request: HEAD https://huggingface.co/HuggingFaceTB/SmolVLM2-500M-Video-Instruct/resolve/main/processor_config.json "HTTP/1.1 307 Temporary Redirect"
2026-04-28 05:06:32,350 [INFO] HTTP Request: HEAD https://huggingface.co/api/resolve-cache/models/HuggingFaceTB/SmolVLM2-500M-Video-Instruct/7b375e1b73b11138ff12fe22c8f2822d8fe03467/processor_config.json "HTTP/1.1 200 OK"
2026-04-28 05:06:32,634 [INFO] HTTP Request: HEAD https://huggingface.co/HuggingFaceTB/SmolVLM2-500M-Video-Instruct/resolve/main/preprocessor_config.json "HTTP/1.1 307 Temporary Redirect"
2026-04-28 05:06:32,683 [INFO] HTTP Request: HEAD https://huggingface.co/api/resolve-cache/models/HuggingFaceTB/SmolVLM2-500M-Video-Instruct/7b375e1b73b11138ff12fe22c8f2822d8fe03467/preprocessor_config.json "HTTP/1.1 200 OK"
2026-04-28 05:06:32,956 [INFO] HTTP Request: HEAD https://huggingface.co/HuggingFaceTB/SmolVLM2-500M-Video-Instruct/resolve/main/config.json "HTTP/1.1 307 Temporary Redirect"
2026-04-28 05:06:33,006 [INFO] HTTP Request: HEAD https://huggingface.co/api/resolve-cache/models/HuggingFaceTB/SmolVLM2-500M-Video-Instruct/7b375e1b73b11138ff12fe22c8f2822d8fe03467/config.json "HTTP/1.1 200 OK"
2026-04-28 05:06:33,285 [INFO] HTTP Request: HEAD https://huggingface.co/HuggingFaceTB/SmolVLM2-500M-Video-Instruct/resolve/main/tokenizer_config.json "HTTP/1.1 307 Temporary Redirect"
2026-04-28 05:06:33,334 [INFO] HTTP Request: HEAD https://huggingface.co/api/resolve-cache/models/HuggingFaceTB/SmolVLM2-500M-Video-Instruct/7b375e1b73b11138ff12fe22c8f2822d8fe03467/tokenizer_config.json "HTTP/1.1 200 OK"
2026-04-28 05:06:33,611 [INFO] HTTP Request: GET https://huggingface.co/api/models/HuggingFaceTB/SmolVLM2-500M-Video-Instruct/tree/main/additional_chat_templates?recursive=false&expand=false "HTTP/1.1 404 Not Found"
2026-04-28 05:06:33,939 [INFO] HTTP Request: GET https://huggingface.co/api/models/HuggingFaceTB/SmolVLM2-500M-Video-Instruct/tree/main?recursive=true&expand=false "HTTP/1.1 200 OK"
2026-04-28 05:06:34,550 [INFO] HTTP Request: HEAD https://huggingface.co/HuggingFaceTB/SmolVLM2-500M-Video-Instruct/resolve/main/processor_config.json "HTTP/1.1 307 Temporary Redirect"
2026-04-28 05:06:34,600 [INFO] HTTP Request: HEAD https://huggingface.co/api/resolve-cache/models/HuggingFaceTB/SmolVLM2-500M-Video-Instruct/7b375e1b73b11138ff12fe22c8f2822d8fe03467/processor_config.json "HTTP/1.1 200 OK"
2026-04-28 05:06:34,882 [INFO] HTTP Request: HEAD https://huggingface.co/HuggingFaceTB/SmolVLM2-500M-Video-Instruct/resolve/main/video_preprocessor_config.json "HTTP/1.1 404 Not Found"
2026-04-28 05:06:35,154 [INFO] HTTP Request: HEAD https://huggingface.co/HuggingFaceTB/SmolVLM2-500M-Video-Instruct/resolve/main/preprocessor_config.json "HTTP/1.1 307 Temporary Redirect"
2026-04-28 05:06:35,202 [INFO] HTTP Request: HEAD https://huggingface.co/api/resolve-cache/models/HuggingFaceTB/SmolVLM2-500M-Video-Instruct/7b375e1b73b11138ff12fe22c8f2822d8fe03467/preprocessor_config.json "HTTP/1.1 200 OK"
2026-04-28 05:06:35,479 [INFO] HTTP Request: HEAD https://huggingface.co/HuggingFaceTB/SmolVLM2-500M-Video-Instruct/resolve/main/processor_config.json "HTTP/1.1 307 Temporary Redirect"
2026-04-28 05:06:35,527 [INFO] HTTP Request: HEAD https://huggingface.co/api/resolve-cache/models/HuggingFaceTB/SmolVLM2-500M-Video-Instruct/7b375e1b73b11138ff12fe22c8f2822d8fe03467/processor_config.json "HTTP/1.1 200 OK"
2026-04-28 05:06:35,804 [INFO] HTTP Request: HEAD https://huggingface.co/HuggingFaceTB/SmolVLM2-500M-Video-Instruct/resolve/main/video_preprocessor_config.json "HTTP/1.1 404 Not Found"
2026-04-28 05:06:36,083 [INFO] HTTP Request: HEAD https://huggingface.co/HuggingFaceTB/SmolVLM2-500M-Video-Instruct/resolve/main/preprocessor_config.json "HTTP/1.1 307 Temporary Redirect"
2026-04-28 05:06:36,131 [INFO] HTTP Request: HEAD https://huggingface.co/api/resolve-cache/models/HuggingFaceTB/SmolVLM2-500M-Video-Instruct/7b375e1b73b11138ff12fe22c8f2822d8fe03467/preprocessor_config.json "HTTP/1.1 200 OK"
2026-04-28 05:06:36,406 [INFO] Base model loaded.
2026-04-28 05:10:24,752 [INFO] ============================================================
2026-04-28 05:10:24,752 [INFO] 08_sft_v2.py  --  Single-stage SFT from base HF weights
2026-04-28 05:10:24,752 [INFO]   GPU=2 | epochs=4 | max_samples=9646
2026-04-28 05:10:24,752 [INFO] ============================================================
2026-04-28 05:10:24,850 [INFO] Loaded 9646 captions from all_captions_gemma.json
2026-04-28 05:10:24,866 [INFO] After quality filter (len>30): 9577
2026-04-28 05:10:24,866 [INFO] Train: 8619 | Val: 958
2026-04-28 05:10:24,866 [INFO] per_device_bs=4 | grad_accum=4 | effective_bs=16
2026-04-28 05:10:24,866 [INFO] steps/epoch=539 | total_steps=2156
2026-04-28 05:10:24,866 [INFO] TRANSITION_STEP=539  (25% of 2156 total steps)
2026-04-28 05:10:24,866 [INFO]   Phase 1 (vision+connector only):          steps 0 -> 539
2026-04-28 05:10:24,866 [INFO]   Phase 2 (all trainable, vision LR=5e-6):  steps 539 -> 2156
2026-04-28 05:10:24,866 [INFO] Loading base model (bf16, no quantization): HuggingFaceTB/SmolVLM2-500M-Video-Instruct
2026-04-28 05:10:24,866 [INFO] HF cache: /usershome/cs671_user2/p16_blv/models/.hf_cache
2026-04-28 05:10:25,208 [INFO] HTTP Request: HEAD https://huggingface.co/HuggingFaceTB/SmolVLM2-500M-Video-Instruct/resolve/main/config.json "HTTP/1.1 307 Temporary Redirect"
2026-04-28 05:10:25,240 [INFO] HTTP Request: HEAD https://huggingface.co/api/resolve-cache/models/HuggingFaceTB/SmolVLM2-500M-Video-Instruct/7b375e1b73b11138ff12fe22c8f2822d8fe03467/config.json "HTTP/1.1 200 OK"
2026-04-28 05:10:25,513 [INFO] HTTP Request: HEAD https://huggingface.co/HuggingFaceTB/SmolVLM2-500M-Video-Instruct/resolve/main/config.json "HTTP/1.1 307 Temporary Redirect"
2026-04-28 05:10:25,539 [INFO] HTTP Request: HEAD https://huggingface.co/api/resolve-cache/models/HuggingFaceTB/SmolVLM2-500M-Video-Instruct/7b375e1b73b11138ff12fe22c8f2822d8fe03467/config.json "HTTP/1.1 200 OK"
2026-04-28 05:10:25,833 [INFO] HTTP Request: HEAD https://huggingface.co/HuggingFaceTB/SmolVLM2-500M-Video-Instruct/resolve/main/model.safetensors "HTTP/1.1 302 Found"
2026-04-28 05:10:25,834 [WARNING] Warning: You are sending unauthenticated requests to the HF Hub. Please set a HF_TOKEN to enable higher rate limits and faster downloads.
2026-04-28 05:10:27,638 [INFO] HTTP Request: HEAD https://huggingface.co/HuggingFaceTB/SmolVLM2-500M-Video-Instruct/resolve/main/generation_config.json "HTTP/1.1 307 Temporary Redirect"
2026-04-28 05:10:27,665 [INFO] HTTP Request: HEAD https://huggingface.co/api/resolve-cache/models/HuggingFaceTB/SmolVLM2-500M-Video-Instruct/7b375e1b73b11138ff12fe22c8f2822d8fe03467/generation_config.json "HTTP/1.1 200 OK"
2026-04-28 05:10:27,955 [INFO] HTTP Request: HEAD https://huggingface.co/HuggingFaceTB/SmolVLM2-500M-Video-Instruct/resolve/main/processor_config.json "HTTP/1.1 307 Temporary Redirect"
2026-04-28 05:10:27,982 [INFO] HTTP Request: HEAD https://huggingface.co/api/resolve-cache/models/HuggingFaceTB/SmolVLM2-500M-Video-Instruct/7b375e1b73b11138ff12fe22c8f2822d8fe03467/processor_config.json "HTTP/1.1 200 OK"
2026-04-28 05:10:28,265 [INFO] HTTP Request: GET https://huggingface.co/api/models/HuggingFaceTB/SmolVLM2-500M-Video-Instruct/tree/main/additional_chat_templates?recursive=false&expand=false "HTTP/1.1 404 Not Found"
2026-04-28 05:10:28,546 [INFO] HTTP Request: HEAD https://huggingface.co/HuggingFaceTB/SmolVLM2-500M-Video-Instruct/resolve/main/processor_config.json "HTTP/1.1 307 Temporary Redirect"
2026-04-28 05:10:28,578 [INFO] HTTP Request: HEAD https://huggingface.co/api/resolve-cache/models/HuggingFaceTB/SmolVLM2-500M-Video-Instruct/7b375e1b73b11138ff12fe22c8f2822d8fe03467/processor_config.json "HTTP/1.1 200 OK"
2026-04-28 05:10:28,852 [INFO] HTTP Request: HEAD https://huggingface.co/HuggingFaceTB/SmolVLM2-500M-Video-Instruct/resolve/main/chat_template.json "HTTP/1.1 307 Temporary Redirect"
2026-04-28 05:10:28,884 [INFO] HTTP Request: HEAD https://huggingface.co/api/resolve-cache/models/HuggingFaceTB/SmolVLM2-500M-Video-Instruct/7b375e1b73b11138ff12fe22c8f2822d8fe03467/chat_template.json "HTTP/1.1 200 OK"
2026-04-28 05:10:29,176 [INFO] HTTP Request: HEAD https://huggingface.co/HuggingFaceTB/SmolVLM2-500M-Video-Instruct/resolve/main/chat_template.jinja "HTTP/1.1 404 Not Found"
2026-04-28 05:10:29,457 [INFO] HTTP Request: HEAD https://huggingface.co/HuggingFaceTB/SmolVLM2-500M-Video-Instruct/resolve/main/audio_tokenizer_config.json "HTTP/1.1 404 Not Found"
2026-04-28 05:10:29,771 [INFO] HTTP Request: GET https://huggingface.co/api/models/HuggingFaceTB/SmolVLM2-500M-Video-Instruct/tree/main/additional_chat_templates?recursive=false&expand=false "HTTP/1.1 404 Not Found"
2026-04-28 05:10:30,049 [INFO] HTTP Request: HEAD https://huggingface.co/HuggingFaceTB/SmolVLM2-500M-Video-Instruct/resolve/main/processor_config.json "HTTP/1.1 307 Temporary Redirect"
2026-04-28 05:10:30,077 [INFO] HTTP Request: HEAD https://huggingface.co/api/resolve-cache/models/HuggingFaceTB/SmolVLM2-500M-Video-Instruct/7b375e1b73b11138ff12fe22c8f2822d8fe03467/processor_config.json "HTTP/1.1 200 OK"
2026-04-28 05:10:30,358 [INFO] HTTP Request: HEAD https://huggingface.co/HuggingFaceTB/SmolVLM2-500M-Video-Instruct/resolve/main/chat_template.json "HTTP/1.1 307 Temporary Redirect"
2026-04-28 05:10:30,385 [INFO] HTTP Request: HEAD https://huggingface.co/api/resolve-cache/models/HuggingFaceTB/SmolVLM2-500M-Video-Instruct/7b375e1b73b11138ff12fe22c8f2822d8fe03467/chat_template.json "HTTP/1.1 200 OK"
2026-04-28 05:10:30,662 [INFO] HTTP Request: HEAD https://huggingface.co/HuggingFaceTB/SmolVLM2-500M-Video-Instruct/resolve/main/chat_template.jinja "HTTP/1.1 404 Not Found"
2026-04-28 05:10:30,939 [INFO] HTTP Request: HEAD https://huggingface.co/HuggingFaceTB/SmolVLM2-500M-Video-Instruct/resolve/main/audio_tokenizer_config.json "HTTP/1.1 404 Not Found"
2026-04-28 05:10:31,215 [INFO] HTTP Request: HEAD https://huggingface.co/HuggingFaceTB/SmolVLM2-500M-Video-Instruct/resolve/main/processor_config.json "HTTP/1.1 307 Temporary Redirect"
2026-04-28 05:10:31,241 [INFO] HTTP Request: HEAD https://huggingface.co/api/resolve-cache/models/HuggingFaceTB/SmolVLM2-500M-Video-Instruct/7b375e1b73b11138ff12fe22c8f2822d8fe03467/processor_config.json "HTTP/1.1 200 OK"
2026-04-28 05:10:31,522 [INFO] HTTP Request: HEAD https://huggingface.co/HuggingFaceTB/SmolVLM2-500M-Video-Instruct/resolve/main/preprocessor_config.json "HTTP/1.1 307 Temporary Redirect"
2026-04-28 05:10:31,550 [INFO] HTTP Request: HEAD https://huggingface.co/api/resolve-cache/models/HuggingFaceTB/SmolVLM2-500M-Video-Instruct/7b375e1b73b11138ff12fe22c8f2822d8fe03467/preprocessor_config.json "HTTP/1.1 200 OK"
2026-04-28 05:10:31,828 [INFO] HTTP Request: HEAD https://huggingface.co/HuggingFaceTB/SmolVLM2-500M-Video-Instruct/resolve/main/processor_config.json "HTTP/1.1 307 Temporary Redirect"
2026-04-28 05:10:31,854 [INFO] HTTP Request: HEAD https://huggingface.co/api/resolve-cache/models/HuggingFaceTB/SmolVLM2-500M-Video-Instruct/7b375e1b73b11138ff12fe22c8f2822d8fe03467/processor_config.json "HTTP/1.1 200 OK"
2026-04-28 05:10:32,131 [INFO] HTTP Request: HEAD https://huggingface.co/HuggingFaceTB/SmolVLM2-500M-Video-Instruct/resolve/main/preprocessor_config.json "HTTP/1.1 307 Temporary Redirect"
2026-04-28 05:10:32,158 [INFO] HTTP Request: HEAD https://huggingface.co/api/resolve-cache/models/HuggingFaceTB/SmolVLM2-500M-Video-Instruct/7b375e1b73b11138ff12fe22c8f2822d8fe03467/preprocessor_config.json "HTTP/1.1 200 OK"
2026-04-28 05:10:32,437 [INFO] HTTP Request: HEAD https://huggingface.co/HuggingFaceTB/SmolVLM2-500M-Video-Instruct/resolve/main/config.json "HTTP/1.1 307 Temporary Redirect"
2026-04-28 05:10:32,465 [INFO] HTTP Request: HEAD https://huggingface.co/api/resolve-cache/models/HuggingFaceTB/SmolVLM2-500M-Video-Instruct/7b375e1b73b11138ff12fe22c8f2822d8fe03467/config.json "HTTP/1.1 200 OK"
2026-04-28 05:10:32,740 [INFO] HTTP Request: HEAD https://huggingface.co/HuggingFaceTB/SmolVLM2-500M-Video-Instruct/resolve/main/tokenizer_config.json "HTTP/1.1 307 Temporary Redirect"
2026-04-28 05:10:32,766 [INFO] HTTP Request: HEAD https://huggingface.co/api/resolve-cache/models/HuggingFaceTB/SmolVLM2-500M-Video-Instruct/7b375e1b73b11138ff12fe22c8f2822d8fe03467/tokenizer_config.json "HTTP/1.1 200 OK"
2026-04-28 05:10:33,048 [INFO] HTTP Request: GET https://huggingface.co/api/models/HuggingFaceTB/SmolVLM2-500M-Video-Instruct/tree/main/additional_chat_templates?recursive=false&expand=false "HTTP/1.1 404 Not Found"
2026-04-28 05:10:33,325 [INFO] HTTP Request: GET https://huggingface.co/api/models/HuggingFaceTB/SmolVLM2-500M-Video-Instruct/tree/main?recursive=true&expand=false "HTTP/1.1 200 OK"
2026-04-28 05:10:33,919 [INFO] HTTP Request: HEAD https://huggingface.co/HuggingFaceTB/SmolVLM2-500M-Video-Instruct/resolve/main/processor_config.json "HTTP/1.1 307 Temporary Redirect"
2026-04-28 05:10:33,945 [INFO] HTTP Request: HEAD https://huggingface.co/api/resolve-cache/models/HuggingFaceTB/SmolVLM2-500M-Video-Instruct/7b375e1b73b11138ff12fe22c8f2822d8fe03467/processor_config.json "HTTP/1.1 200 OK"
2026-04-28 05:10:34,219 [INFO] HTTP Request: HEAD https://huggingface.co/HuggingFaceTB/SmolVLM2-500M-Video-Instruct/resolve/main/video_preprocessor_config.json "HTTP/1.1 404 Not Found"
2026-04-28 05:10:34,501 [INFO] HTTP Request: HEAD https://huggingface.co/HuggingFaceTB/SmolVLM2-500M-Video-Instruct/resolve/main/preprocessor_config.json "HTTP/1.1 307 Temporary Redirect"
2026-04-28 05:10:34,528 [INFO] HTTP Request: HEAD https://huggingface.co/api/resolve-cache/models/HuggingFaceTB/SmolVLM2-500M-Video-Instruct/7b375e1b73b11138ff12fe22c8f2822d8fe03467/preprocessor_config.json "HTTP/1.1 200 OK"
2026-04-28 05:10:34,809 [INFO] HTTP Request: HEAD https://huggingface.co/HuggingFaceTB/SmolVLM2-500M-Video-Instruct/resolve/main/processor_config.json "HTTP/1.1 307 Temporary Redirect"
2026-04-28 05:10:34,836 [INFO] HTTP Request: HEAD https://huggingface.co/api/resolve-cache/models/HuggingFaceTB/SmolVLM2-500M-Video-Instruct/7b375e1b73b11138ff12fe22c8f2822d8fe03467/processor_config.json "HTTP/1.1 200 OK"
2026-04-28 05:10:35,117 [INFO] HTTP Request: HEAD https://huggingface.co/HuggingFaceTB/SmolVLM2-500M-Video-Instruct/resolve/main/video_preprocessor_config.json "HTTP/1.1 404 Not Found"
2026-04-28 05:10:35,390 [INFO] HTTP Request: HEAD https://huggingface.co/HuggingFaceTB/SmolVLM2-500M-Video-Instruct/resolve/main/preprocessor_config.json "HTTP/1.1 307 Temporary Redirect"
2026-04-28 05:10:35,417 [INFO] HTTP Request: HEAD https://huggingface.co/api/resolve-cache/models/HuggingFaceTB/SmolVLM2-500M-Video-Instruct/7b375e1b73b11138ff12fe22c8f2822d8fe03467/preprocessor_config.json "HTTP/1.1 200 OK"
2026-04-28 05:10:35,663 [INFO] Base model loaded.
2026-04-28 05:10:53,275 [INFO] Starting training...
2026-04-28 05:10:53,733 [INFO] Optimizer: AdamW | vision_lr=1e-05 | connector_lr=1e-05 | lora_lr=2e-05
2026-04-28 05:10:53,821 [INFO] === PHASE 1: vision + connector trainable, LoRA FROZEN ===
2026-04-28 05:10:53,821 [INFO]   steps 0 -> 539
2026-04-28 05:10:53,821 [INFO]   vision_model trainable: 86,433,024
2026-04-28 05:10:53,821 [INFO]   connector trainable:    11,796,480
2026-04-28 05:10:53,821 [INFO]   LoRA trainable:         0  (FROZEN)
2026-04-28 05:10:53,821 [INFO]   TOTAL trainable:        98,229,504
2026-04-28 07:52:59,926 [INFO] ============================================================
2026-04-28 07:52:59,931 [INFO] 08_sft_v2.py  --  Single-stage SFT from base HF weights
2026-04-28 07:52:59,931 [INFO]   GPU=2 | epochs=4 | max_samples=9646
2026-04-28 07:52:59,931 [INFO] ============================================================
2026-04-28 07:53:00,016 [INFO] Loaded 9646 captions from all_captions_gemma.json
2026-04-28 07:53:00,025 [INFO] After quality filter (len>30): 9577
2026-04-28 07:53:00,025 [INFO] Train: 8619 | Val: 958
2026-04-28 07:53:00,028 [INFO] per_device_bs=4 | grad_accum=4 | effective_bs=16
2026-04-28 07:53:00,029 [INFO] steps/epoch=539 | total_steps=2156
2026-04-28 07:53:00,029 [INFO] TRANSITION_STEP=539  (25% of 2156 total steps)
2026-04-28 07:53:00,029 [INFO]   Phase 1 (vision+connector only):          steps 0 -> 539
2026-04-28 07:53:00,029 [INFO]   Phase 2 (all trainable, vision LR=5e-6):  steps 539 -> 2156
2026-04-28 07:53:00,029 [INFO] Loading base model (bf16, no quantization): HuggingFaceTB/SmolVLM2-500M-Video-Instruct
2026-04-28 07:53:00,029 [INFO] HF cache: /usershome/cs671_user2/p16_blv/models/.hf_cache
2026-04-28 07:53:00,441 [INFO] HTTP Request: HEAD https://huggingface.co/HuggingFaceTB/SmolVLM2-500M-Video-Instruct/resolve/main/config.json "HTTP/1.1 307 Temporary Redirect"
2026-04-28 07:53:00,442 [WARNING] Warning: You are sending unauthenticated requests to the HF Hub. Please set a HF_TOKEN to enable higher rate limits and faster downloads.
2026-04-28 07:53:00,468 [INFO] HTTP Request: HEAD https://huggingface.co/api/resolve-cache/models/HuggingFaceTB/SmolVLM2-500M-Video-Instruct/7b375e1b73b11138ff12fe22c8f2822d8fe03467/config.json "HTTP/1.1 200 OK"
2026-04-28 07:53:00,743 [INFO] HTTP Request: HEAD https://huggingface.co/HuggingFaceTB/SmolVLM2-500M-Video-Instruct/resolve/main/config.json "HTTP/1.1 307 Temporary Redirect"
2026-04-28 07:53:00,770 [INFO] HTTP Request: HEAD https://huggingface.co/api/resolve-cache/models/HuggingFaceTB/SmolVLM2-500M-Video-Instruct/7b375e1b73b11138ff12fe22c8f2822d8fe03467/config.json "HTTP/1.1 200 OK"
2026-04-28 07:53:01,056 [INFO] HTTP Request: HEAD https://huggingface.co/HuggingFaceTB/SmolVLM2-500M-Video-Instruct/resolve/main/model.safetensors "HTTP/1.1 302 Found"
2026-04-28 07:53:03,527 [INFO] HTTP Request: HEAD https://huggingface.co/HuggingFaceTB/SmolVLM2-500M-Video-Instruct/resolve/main/generation_config.json "HTTP/1.1 307 Temporary Redirect"
2026-04-28 07:53:03,554 [INFO] HTTP Request: HEAD https://huggingface.co/api/resolve-cache/models/HuggingFaceTB/SmolVLM2-500M-Video-Instruct/7b375e1b73b11138ff12fe22c8f2822d8fe03467/generation_config.json "HTTP/1.1 200 OK"
2026-04-28 07:53:03,843 [INFO] HTTP Request: HEAD https://huggingface.co/HuggingFaceTB/SmolVLM2-500M-Video-Instruct/resolve/main/processor_config.json "HTTP/1.1 307 Temporary Redirect"
2026-04-28 07:53:03,871 [INFO] HTTP Request: HEAD https://huggingface.co/api/resolve-cache/models/HuggingFaceTB/SmolVLM2-500M-Video-Instruct/7b375e1b73b11138ff12fe22c8f2822d8fe03467/processor_config.json "HTTP/1.1 200 OK"
2026-04-28 07:53:04,148 [INFO] HTTP Request: GET https://huggingface.co/api/models/HuggingFaceTB/SmolVLM2-500M-Video-Instruct/tree/main/additional_chat_templates?recursive=false&expand=false "HTTP/1.1 404 Not Found"
2026-04-28 07:53:04,421 [INFO] HTTP Request: HEAD https://huggingface.co/HuggingFaceTB/SmolVLM2-500M-Video-Instruct/resolve/main/processor_config.json "HTTP/1.1 307 Temporary Redirect"
2026-04-28 07:53:04,448 [INFO] HTTP Request: HEAD https://huggingface.co/api/resolve-cache/models/HuggingFaceTB/SmolVLM2-500M-Video-Instruct/7b375e1b73b11138ff12fe22c8f2822d8fe03467/processor_config.json "HTTP/1.1 200 OK"
2026-04-28 07:53:04,729 [INFO] HTTP Request: HEAD https://huggingface.co/HuggingFaceTB/SmolVLM2-500M-Video-Instruct/resolve/main/chat_template.json "HTTP/1.1 307 Temporary Redirect"
2026-04-28 07:53:04,755 [INFO] HTTP Request: HEAD https://huggingface.co/api/resolve-cache/models/HuggingFaceTB/SmolVLM2-500M-Video-Instruct/7b375e1b73b11138ff12fe22c8f2822d8fe03467/chat_template.json "HTTP/1.1 200 OK"
2026-04-28 07:53:05,032 [INFO] HTTP Request: HEAD https://huggingface.co/HuggingFaceTB/SmolVLM2-500M-Video-Instruct/resolve/main/chat_template.jinja "HTTP/1.1 404 Not Found"
2026-04-28 07:53:05,324 [INFO] HTTP Request: HEAD https://huggingface.co/HuggingFaceTB/SmolVLM2-500M-Video-Instruct/resolve/main/audio_tokenizer_config.json "HTTP/1.1 404 Not Found"
2026-04-28 07:53:05,697 [INFO] HTTP Request: GET https://huggingface.co/api/models/HuggingFaceTB/SmolVLM2-500M-Video-Instruct/tree/main/additional_chat_templates?recursive=false&expand=false "HTTP/1.1 404 Not Found"
2026-04-28 07:53:05,974 [INFO] HTTP Request: HEAD https://huggingface.co/HuggingFaceTB/SmolVLM2-500M-Video-Instruct/resolve/main/processor_config.json "HTTP/1.1 307 Temporary Redirect"
2026-04-28 07:53:06,002 [INFO] HTTP Request: HEAD https://huggingface.co/api/resolve-cache/models/HuggingFaceTB/SmolVLM2-500M-Video-Instruct/7b375e1b73b11138ff12fe22c8f2822d8fe03467/processor_config.json "HTTP/1.1 200 OK"
2026-04-28 07:53:06,285 [INFO] HTTP Request: HEAD https://huggingface.co/HuggingFaceTB/SmolVLM2-500M-Video-Instruct/resolve/main/chat_template.json "HTTP/1.1 307 Temporary Redirect"
2026-04-28 07:53:06,311 [INFO] HTTP Request: HEAD https://huggingface.co/api/resolve-cache/models/HuggingFaceTB/SmolVLM2-500M-Video-Instruct/7b375e1b73b11138ff12fe22c8f2822d8fe03467/chat_template.json "HTTP/1.1 200 OK"
2026-04-28 07:53:06,590 [INFO] HTTP Request: HEAD https://huggingface.co/HuggingFaceTB/SmolVLM2-500M-Video-Instruct/resolve/main/chat_template.jinja "HTTP/1.1 404 Not Found"
2026-04-28 07:53:06,866 [INFO] HTTP Request: HEAD https://huggingface.co/HuggingFaceTB/SmolVLM2-500M-Video-Instruct/resolve/main/audio_tokenizer_config.json "HTTP/1.1 404 Not Found"
2026-04-28 07:53:07,147 [INFO] HTTP Request: HEAD https://huggingface.co/HuggingFaceTB/SmolVLM2-500M-Video-Instruct/resolve/main/processor_config.json "HTTP/1.1 307 Temporary Redirect"
2026-04-28 07:53:07,173 [INFO] HTTP Request: HEAD https://huggingface.co/api/resolve-cache/models/HuggingFaceTB/SmolVLM2-500M-Video-Instruct/7b375e1b73b11138ff12fe22c8f2822d8fe03467/processor_config.json "HTTP/1.1 200 OK"
2026-04-28 07:53:07,448 [INFO] HTTP Request: HEAD https://huggingface.co/HuggingFaceTB/SmolVLM2-500M-Video-Instruct/resolve/main/preprocessor_config.json "HTTP/1.1 307 Temporary Redirect"
2026-04-28 07:53:07,476 [INFO] HTTP Request: HEAD https://huggingface.co/api/resolve-cache/models/HuggingFaceTB/SmolVLM2-500M-Video-Instruct/7b375e1b73b11138ff12fe22c8f2822d8fe03467/preprocessor_config.json "HTTP/1.1 200 OK"
2026-04-28 07:53:07,756 [INFO] HTTP Request: HEAD https://huggingface.co/HuggingFaceTB/SmolVLM2-500M-Video-Instruct/resolve/main/processor_config.json "HTTP/1.1 307 Temporary Redirect"
2026-04-28 07:53:07,782 [INFO] HTTP Request: HEAD https://huggingface.co/api/resolve-cache/models/HuggingFaceTB/SmolVLM2-500M-Video-Instruct/7b375e1b73b11138ff12fe22c8f2822d8fe03467/processor_config.json "HTTP/1.1 200 OK"
2026-04-28 07:53:08,057 [INFO] HTTP Request: HEAD https://huggingface.co/HuggingFaceTB/SmolVLM2-500M-Video-Instruct/resolve/main/preprocessor_config.json "HTTP/1.1 307 Temporary Redirect"
2026-04-28 07:53:08,089 [INFO] HTTP Request: HEAD https://huggingface.co/api/resolve-cache/models/HuggingFaceTB/SmolVLM2-500M-Video-Instruct/7b375e1b73b11138ff12fe22c8f2822d8fe03467/preprocessor_config.json "HTTP/1.1 200 OK"
2026-04-28 07:53:08,372 [INFO] HTTP Request: HEAD https://huggingface.co/HuggingFaceTB/SmolVLM2-500M-Video-Instruct/resolve/main/config.json "HTTP/1.1 307 Temporary Redirect"
2026-04-28 07:53:08,401 [INFO] HTTP Request: HEAD https://huggingface.co/api/resolve-cache/models/HuggingFaceTB/SmolVLM2-500M-Video-Instruct/7b375e1b73b11138ff12fe22c8f2822d8fe03467/config.json "HTTP/1.1 200 OK"
2026-04-28 07:53:08,676 [INFO] HTTP Request: HEAD https://huggingface.co/HuggingFaceTB/SmolVLM2-500M-Video-Instruct/resolve/main/tokenizer_config.json "HTTP/1.1 307 Temporary Redirect"
2026-04-28 07:53:08,702 [INFO] HTTP Request: HEAD https://huggingface.co/api/resolve-cache/models/HuggingFaceTB/SmolVLM2-500M-Video-Instruct/7b375e1b73b11138ff12fe22c8f2822d8fe03467/tokenizer_config.json "HTTP/1.1 200 OK"
2026-04-28 07:53:08,981 [INFO] HTTP Request: GET https://huggingface.co/api/models/HuggingFaceTB/SmolVLM2-500M-Video-Instruct/tree/main/additional_chat_templates?recursive=false&expand=false "HTTP/1.1 404 Not Found"
2026-04-28 07:53:09,267 [INFO] HTTP Request: GET https://huggingface.co/api/models/HuggingFaceTB/SmolVLM2-500M-Video-Instruct/tree/main?recursive=true&expand=false "HTTP/1.1 200 OK"
2026-04-28 07:53:10,626 [INFO] HTTP Request: HEAD https://huggingface.co/HuggingFaceTB/SmolVLM2-500M-Video-Instruct/resolve/main/processor_config.json "HTTP/1.1 307 Temporary Redirect"
2026-04-28 07:53:10,651 [INFO] HTTP Request: HEAD https://huggingface.co/api/resolve-cache/models/HuggingFaceTB/SmolVLM2-500M-Video-Instruct/7b375e1b73b11138ff12fe22c8f2822d8fe03467/processor_config.json "HTTP/1.1 200 OK"
2026-04-28 07:53:10,932 [INFO] HTTP Request: HEAD https://huggingface.co/HuggingFaceTB/SmolVLM2-500M-Video-Instruct/resolve/main/video_preprocessor_config.json "HTTP/1.1 404 Not Found"
2026-04-28 07:53:11,210 [INFO] HTTP Request: HEAD https://huggingface.co/HuggingFaceTB/SmolVLM2-500M-Video-Instruct/resolve/main/preprocessor_config.json "HTTP/1.1 307 Temporary Redirect"
2026-04-28 07:53:11,236 [INFO] HTTP Request: HEAD https://huggingface.co/api/resolve-cache/models/HuggingFaceTB/SmolVLM2-500M-Video-Instruct/7b375e1b73b11138ff12fe22c8f2822d8fe03467/preprocessor_config.json "HTTP/1.1 200 OK"
2026-04-28 07:53:11,512 [INFO] HTTP Request: HEAD https://huggingface.co/HuggingFaceTB/SmolVLM2-500M-Video-Instruct/resolve/main/processor_config.json "HTTP/1.1 307 Temporary Redirect"
2026-04-28 07:53:11,538 [INFO] HTTP Request: HEAD https://huggingface.co/api/resolve-cache/models/HuggingFaceTB/SmolVLM2-500M-Video-Instruct/7b375e1b73b11138ff12fe22c8f2822d8fe03467/processor_config.json "HTTP/1.1 200 OK"
2026-04-28 07:53:11,814 [INFO] HTTP Request: HEAD https://huggingface.co/HuggingFaceTB/SmolVLM2-500M-Video-Instruct/resolve/main/video_preprocessor_config.json "HTTP/1.1 404 Not Found"
2026-04-28 07:53:12,085 [INFO] HTTP Request: HEAD https://huggingface.co/HuggingFaceTB/SmolVLM2-500M-Video-Instruct/resolve/main/preprocessor_config.json "HTTP/1.1 307 Temporary Redirect"
2026-04-28 07:53:12,110 [INFO] HTTP Request: HEAD https://huggingface.co/api/resolve-cache/models/HuggingFaceTB/SmolVLM2-500M-Video-Instruct/7b375e1b73b11138ff12fe22c8f2822d8fe03467/preprocessor_config.json "HTTP/1.1 200 OK"
2026-04-28 07:53:13,037 [INFO] Base model loaded.
2026-04-28 07:54:02,507 [INFO] Starting training...
2026-04-28 07:54:03,828 [INFO] Optimizer: AdamW | vision_lr=1e-05 | connector_lr=1e-05 | lora_lr=2e-05
2026-04-28 07:54:03,925 [INFO] === PHASE 1: vision + connector trainable, LoRA FROZEN ===
2026-04-28 07:54:03,925 [INFO]   steps 0 -> 539
2026-04-28 07:54:03,925 [INFO]   vision_model trainable: 86,433,024
2026-04-28 07:54:03,925 [INFO]   connector trainable:    11,796,480
2026-04-28 07:54:03,925 [INFO]   LoRA trainable:         0  (FROZEN)
2026-04-28 07:54:03,925 [INFO]   TOTAL trainable:        98,229,504
2026-04-28 15:49:29,421 [INFO] ============================================================
2026-04-28 15:49:29,422 [INFO] 08_sft_v2.py  --  Single-stage SFT from base HF weights
2026-04-28 15:49:29,422 [INFO]   GPU=2 | epochs=4 | max_samples=9646
2026-04-28 15:49:29,422 [INFO] ============================================================
2026-04-28 15:49:29,545 [INFO] Loaded 9646 captions from all_captions_gemma.json
2026-04-28 15:49:29,551 [INFO] After quality filter (len>30): 9577
2026-04-28 15:49:29,551 [INFO] Train: 8619 | Val: 958
2026-04-28 15:49:29,552 [INFO] per_device_bs=4 | grad_accum=4 | effective_bs=16
2026-04-28 15:49:29,552 [INFO] steps/epoch=539 | total_steps=2156
2026-04-28 15:49:29,552 [INFO] TRANSITION_STEP=539  (25% of 2156 total steps)
2026-04-28 15:49:29,552 [INFO]   Phase 1 (vision+connector only):          steps 0 -> 539
2026-04-28 15:49:29,552 [INFO]   Phase 2 (all trainable, vision LR=5e-6):  steps 539 -> 2156
2026-04-28 15:49:29,552 [INFO] Loading base model (bf16, no quantization): HuggingFaceTB/SmolVLM2-500M-Video-Instruct
2026-04-28 15:49:29,552 [INFO] HF cache: /usershome/cs671_user2/p16_blv/models/.hf_cache
2026-04-28 15:49:30,135 [INFO] HTTP Request: HEAD https://huggingface.co/HuggingFaceTB/SmolVLM2-500M-Video-Instruct/resolve/main/config.json "HTTP/1.1 307 Temporary Redirect"
2026-04-28 15:49:30,254 [INFO] HTTP Request: HEAD https://huggingface.co/api/resolve-cache/models/HuggingFaceTB/SmolVLM2-500M-Video-Instruct/7b375e1b73b11138ff12fe22c8f2822d8fe03467/config.json "HTTP/1.1 200 OK"
2026-04-28 15:49:30,625 [INFO] HTTP Request: HEAD https://huggingface.co/HuggingFaceTB/SmolVLM2-500M-Video-Instruct/resolve/main/config.json "HTTP/1.1 307 Temporary Redirect"
2026-04-28 15:49:30,625 [WARNING] Warning: You are sending unauthenticated requests to the HF Hub. Please set a HF_TOKEN to enable higher rate limits and faster downloads.
2026-04-28 15:49:30,743 [INFO] HTTP Request: HEAD https://huggingface.co/api/resolve-cache/models/HuggingFaceTB/SmolVLM2-500M-Video-Instruct/7b375e1b73b11138ff12fe22c8f2822d8fe03467/config.json "HTTP/1.1 200 OK"
2026-04-28 15:49:31,092 [INFO] HTTP Request: HEAD https://huggingface.co/HuggingFaceTB/SmolVLM2-500M-Video-Instruct/resolve/main/model.safetensors "HTTP/1.1 302 Found"
2026-04-28 15:49:34,654 [INFO] HTTP Request: HEAD https://huggingface.co/HuggingFaceTB/SmolVLM2-500M-Video-Instruct/resolve/main/generation_config.json "HTTP/1.1 307 Temporary Redirect"
2026-04-28 15:49:34,783 [INFO] HTTP Request: HEAD https://huggingface.co/api/resolve-cache/models/HuggingFaceTB/SmolVLM2-500M-Video-Instruct/7b375e1b73b11138ff12fe22c8f2822d8fe03467/generation_config.json "HTTP/1.1 200 OK"
2026-04-28 15:49:35,157 [INFO] HTTP Request: HEAD https://huggingface.co/HuggingFaceTB/SmolVLM2-500M-Video-Instruct/resolve/main/processor_config.json "HTTP/1.1 307 Temporary Redirect"
2026-04-28 15:49:35,306 [INFO] HTTP Request: HEAD https://huggingface.co/api/resolve-cache/models/HuggingFaceTB/SmolVLM2-500M-Video-Instruct/7b375e1b73b11138ff12fe22c8f2822d8fe03467/processor_config.json "HTTP/1.1 200 OK"
2026-04-28 15:49:35,679 [INFO] HTTP Request: GET https://huggingface.co/api/models/HuggingFaceTB/SmolVLM2-500M-Video-Instruct/tree/main/additional_chat_templates?recursive=false&expand=false "HTTP/1.1 404 Not Found"
2026-04-28 15:49:36,054 [INFO] HTTP Request: HEAD https://huggingface.co/HuggingFaceTB/SmolVLM2-500M-Video-Instruct/resolve/main/processor_config.json "HTTP/1.1 307 Temporary Redirect"
2026-04-28 15:49:36,534 [INFO] HTTP Request: HEAD https://huggingface.co/api/resolve-cache/models/HuggingFaceTB/SmolVLM2-500M-Video-Instruct/7b375e1b73b11138ff12fe22c8f2822d8fe03467/processor_config.json "HTTP/1.1 200 OK"
2026-04-28 15:49:36,926 [INFO] HTTP Request: HEAD https://huggingface.co/HuggingFaceTB/SmolVLM2-500M-Video-Instruct/resolve/main/chat_template.json "HTTP/1.1 307 Temporary Redirect"
2026-04-28 15:49:37,085 [INFO] HTTP Request: HEAD https://huggingface.co/api/resolve-cache/models/HuggingFaceTB/SmolVLM2-500M-Video-Instruct/7b375e1b73b11138ff12fe22c8f2822d8fe03467/chat_template.json "HTTP/1.1 200 OK"
2026-04-28 15:49:37,449 [INFO] HTTP Request: HEAD https://huggingface.co/HuggingFaceTB/SmolVLM2-500M-Video-Instruct/resolve/main/chat_template.jinja "HTTP/1.1 404 Not Found"
2026-04-28 15:49:37,828 [INFO] HTTP Request: HEAD https://huggingface.co/HuggingFaceTB/SmolVLM2-500M-Video-Instruct/resolve/main/audio_tokenizer_config.json "HTTP/1.1 404 Not Found"
2026-04-28 15:49:38,181 [INFO] HTTP Request: GET https://huggingface.co/api/models/HuggingFaceTB/SmolVLM2-500M-Video-Instruct/tree/main/additional_chat_templates?recursive=false&expand=false "HTTP/1.1 404 Not Found"
2026-04-28 15:49:38,481 [INFO] HTTP Request: HEAD https://huggingface.co/HuggingFaceTB/SmolVLM2-500M-Video-Instruct/resolve/main/processor_config.json "HTTP/1.1 307 Temporary Redirect"
2026-04-28 15:49:38,554 [INFO] HTTP Request: HEAD https://huggingface.co/api/resolve-cache/models/HuggingFaceTB/SmolVLM2-500M-Video-Instruct/7b375e1b73b11138ff12fe22c8f2822d8fe03467/processor_config.json "HTTP/1.1 200 OK"
2026-04-28 15:49:38,849 [INFO] HTTP Request: HEAD https://huggingface.co/HuggingFaceTB/SmolVLM2-500M-Video-Instruct/resolve/main/chat_template.json "HTTP/1.1 307 Temporary Redirect"
2026-04-28 15:49:38,909 [INFO] HTTP Request: HEAD https://huggingface.co/api/resolve-cache/models/HuggingFaceTB/SmolVLM2-500M-Video-Instruct/7b375e1b73b11138ff12fe22c8f2822d8fe03467/chat_template.json "HTTP/1.1 200 OK"
2026-04-28 15:49:39,197 [INFO] HTTP Request: HEAD https://huggingface.co/HuggingFaceTB/SmolVLM2-500M-Video-Instruct/resolve/main/chat_template.jinja "HTTP/1.1 404 Not Found"
2026-04-28 15:49:39,475 [INFO] HTTP Request: HEAD https://huggingface.co/HuggingFaceTB/SmolVLM2-500M-Video-Instruct/resolve/main/audio_tokenizer_config.json "HTTP/1.1 404 Not Found"
2026-04-28 15:49:39,757 [INFO] HTTP Request: HEAD https://huggingface.co/HuggingFaceTB/SmolVLM2-500M-Video-Instruct/resolve/main/processor_config.json "HTTP/1.1 307 Temporary Redirect"
2026-04-28 15:49:39,807 [INFO] HTTP Request: HEAD https://huggingface.co/api/resolve-cache/models/HuggingFaceTB/SmolVLM2-500M-Video-Instruct/7b375e1b73b11138ff12fe22c8f2822d8fe03467/processor_config.json "HTTP/1.1 200 OK"
2026-04-28 15:49:40,092 [INFO] HTTP Request: HEAD https://huggingface.co/HuggingFaceTB/SmolVLM2-500M-Video-Instruct/resolve/main/preprocessor_config.json "HTTP/1.1 307 Temporary Redirect"
2026-04-28 15:49:40,140 [INFO] HTTP Request: HEAD https://huggingface.co/api/resolve-cache/models/HuggingFaceTB/SmolVLM2-500M-Video-Instruct/7b375e1b73b11138ff12fe22c8f2822d8fe03467/preprocessor_config.json "HTTP/1.1 200 OK"
2026-04-28 15:49:40,473 [INFO] HTTP Request: HEAD https://huggingface.co/HuggingFaceTB/SmolVLM2-500M-Video-Instruct/resolve/main/processor_config.json "HTTP/1.1 307 Temporary Redirect"
2026-04-28 15:49:40,532 [INFO] HTTP Request: HEAD https://huggingface.co/api/resolve-cache/models/HuggingFaceTB/SmolVLM2-500M-Video-Instruct/7b375e1b73b11138ff12fe22c8f2822d8fe03467/processor_config.json "HTTP/1.1 200 OK"
2026-04-28 15:49:40,817 [INFO] HTTP Request: HEAD https://huggingface.co/HuggingFaceTB/SmolVLM2-500M-Video-Instruct/resolve/main/preprocessor_config.json "HTTP/1.1 307 Temporary Redirect"
2026-04-28 15:49:40,893 [INFO] HTTP Request: HEAD https://huggingface.co/api/resolve-cache/models/HuggingFaceTB/SmolVLM2-500M-Video-Instruct/7b375e1b73b11138ff12fe22c8f2822d8fe03467/preprocessor_config.json "HTTP/1.1 200 OK"
2026-04-28 15:49:41,230 [INFO] HTTP Request: HEAD https://huggingface.co/HuggingFaceTB/SmolVLM2-500M-Video-Instruct/resolve/main/config.json "HTTP/1.1 307 Temporary Redirect"
2026-04-28 15:49:41,305 [INFO] HTTP Request: HEAD https://huggingface.co/api/resolve-cache/models/HuggingFaceTB/SmolVLM2-500M-Video-Instruct/7b375e1b73b11138ff12fe22c8f2822d8fe03467/config.json "HTTP/1.1 200 OK"
2026-04-28 15:49:41,610 [INFO] HTTP Request: HEAD https://huggingface.co/HuggingFaceTB/SmolVLM2-500M-Video-Instruct/resolve/main/tokenizer_config.json "HTTP/1.1 307 Temporary Redirect"
2026-04-28 15:49:41,697 [INFO] HTTP Request: HEAD https://huggingface.co/api/resolve-cache/models/HuggingFaceTB/SmolVLM2-500M-Video-Instruct/7b375e1b73b11138ff12fe22c8f2822d8fe03467/tokenizer_config.json "HTTP/1.1 200 OK"
2026-04-28 15:49:42,010 [INFO] HTTP Request: GET https://huggingface.co/api/models/HuggingFaceTB/SmolVLM2-500M-Video-Instruct/tree/main/additional_chat_templates?recursive=false&expand=false "HTTP/1.1 404 Not Found"
2026-04-28 15:49:42,336 [INFO] HTTP Request: GET https://huggingface.co/api/models/HuggingFaceTB/SmolVLM2-500M-Video-Instruct/tree/main?recursive=true&expand=false "HTTP/1.1 200 OK"
2026-04-28 15:49:43,641 [INFO] HTTP Request: HEAD https://huggingface.co/HuggingFaceTB/SmolVLM2-500M-Video-Instruct/resolve/main/processor_config.json "HTTP/1.1 307 Temporary Redirect"
2026-04-28 15:49:43,697 [INFO] HTTP Request: HEAD https://huggingface.co/api/resolve-cache/models/HuggingFaceTB/SmolVLM2-500M-Video-Instruct/7b375e1b73b11138ff12fe22c8f2822d8fe03467/processor_config.json "HTTP/1.1 200 OK"
2026-04-28 15:49:43,999 [INFO] HTTP Request: HEAD https://huggingface.co/HuggingFaceTB/SmolVLM2-500M-Video-Instruct/resolve/main/video_preprocessor_config.json "HTTP/1.1 404 Not Found"
2026-04-28 15:49:44,365 [INFO] HTTP Request: HEAD https://huggingface.co/HuggingFaceTB/SmolVLM2-500M-Video-Instruct/resolve/main/preprocessor_config.json "HTTP/1.1 307 Temporary Redirect"
2026-04-28 15:49:44,479 [INFO] HTTP Request: HEAD https://huggingface.co/api/resolve-cache/models/HuggingFaceTB/SmolVLM2-500M-Video-Instruct/7b375e1b73b11138ff12fe22c8f2822d8fe03467/preprocessor_config.json "HTTP/1.1 200 OK"
2026-04-28 15:49:44,854 [INFO] HTTP Request: HEAD https://huggingface.co/HuggingFaceTB/SmolVLM2-500M-Video-Instruct/resolve/main/processor_config.json "HTTP/1.1 307 Temporary Redirect"
2026-04-28 15:49:44,998 [INFO] HTTP Request: HEAD https://huggingface.co/api/resolve-cache/models/HuggingFaceTB/SmolVLM2-500M-Video-Instruct/7b375e1b73b11138ff12fe22c8f2822d8fe03467/processor_config.json "HTTP/1.1 200 OK"
2026-04-28 15:49:45,381 [INFO] HTTP Request: HEAD https://huggingface.co/HuggingFaceTB/SmolVLM2-500M-Video-Instruct/resolve/main/video_preprocessor_config.json "HTTP/1.1 404 Not Found"
2026-04-28 15:49:45,778 [INFO] HTTP Request: HEAD https://huggingface.co/HuggingFaceTB/SmolVLM2-500M-Video-Instruct/resolve/main/preprocessor_config.json "HTTP/1.1 307 Temporary Redirect"
2026-04-28 15:49:45,929 [INFO] HTTP Request: HEAD https://huggingface.co/api/resolve-cache/models/HuggingFaceTB/SmolVLM2-500M-Video-Instruct/7b375e1b73b11138ff12fe22c8f2822d8fe03467/preprocessor_config.json "HTTP/1.1 200 OK"
2026-04-28 15:49:46,905 [INFO] Base model loaded.
2026-04-28 15:51:04,584 [INFO] Starting training...
2026-04-28 15:51:06,658 [INFO] Optimizer: AdamW | vision_lr=1e-05 | connector_lr=1e-05 | lora_lr=2e-05
2026-04-28 15:51:06,975 [INFO] === PHASE 1: vision + connector trainable, LoRA FROZEN ===
2026-04-28 15:51:06,975 [INFO]   steps 0 -> 539
2026-04-28 15:51:06,975 [INFO]   vision_model trainable: 86,433,024
2026-04-28 15:51:06,975 [INFO]   connector trainable:    11,796,480
2026-04-28 15:51:06,976 [INFO]   LoRA trainable:         0  (FROZEN)
2026-04-28 15:51:06,976 [INFO]   TOTAL trainable:        98,229,504
2026-04-28 16:14:30,005 [INFO] ============================================================
2026-04-28 16:14:30,008 [INFO] 08_sft_v2.py  --  Single-stage SFT from base HF weights
2026-04-28 16:14:30,008 [INFO]   GPU=2 | epochs=4 | max_samples=9646
2026-04-28 16:14:30,008 [INFO] ============================================================
2026-04-28 16:14:30,309 [INFO] Loaded 9646 captions from all_captions_gemma.json
2026-04-28 16:14:30,320 [INFO] After quality filter (len>30): 9577
2026-04-28 16:14:30,322 [INFO] Train: 8619 | Val: 958
2026-04-28 16:14:30,322 [INFO] per_device_bs=4 | grad_accum=4 | effective_bs=16
2026-04-28 16:14:30,322 [INFO] steps/epoch=539 | total_steps=2156
2026-04-28 16:14:30,323 [INFO] TRANSITION_STEP=539  (25% of 2156 total steps)
2026-04-28 16:14:30,323 [INFO]   Phase 1 (vision+connector only):          steps 0 -> 539
2026-04-28 16:14:30,323 [INFO]   Phase 2 (all trainable, vision LR=5e-6):  steps 539 -> 2156
2026-04-28 16:14:30,323 [INFO] Loading base model (bf16, no quantization): HuggingFaceTB/SmolVLM2-500M-Video-Instruct
2026-04-28 16:14:30,323 [INFO] HF cache: /usershome/cs671_user2/p16_blv/models/.hf_cache
2026-04-28 16:14:30,842 [INFO] HTTP Request: HEAD https://huggingface.co/HuggingFaceTB/SmolVLM2-500M-Video-Instruct/resolve/main/config.json "HTTP/1.1 307 Temporary Redirect"
2026-04-28 16:14:30,842 [WARNING] Warning: You are sending unauthenticated requests to the HF Hub. Please set a HF_TOKEN to enable higher rate limits and faster downloads.
2026-04-28 16:14:30,869 [INFO] HTTP Request: HEAD https://huggingface.co/api/resolve-cache/models/HuggingFaceTB/SmolVLM2-500M-Video-Instruct/7b375e1b73b11138ff12fe22c8f2822d8fe03467/config.json "HTTP/1.1 200 OK"
2026-04-28 16:14:31,151 [INFO] HTTP Request: HEAD https://huggingface.co/HuggingFaceTB/SmolVLM2-500M-Video-Instruct/resolve/main/config.json "HTTP/1.1 307 Temporary Redirect"
2026-04-28 16:14:31,177 [INFO] HTTP Request: HEAD https://huggingface.co/api/resolve-cache/models/HuggingFaceTB/SmolVLM2-500M-Video-Instruct/7b375e1b73b11138ff12fe22c8f2822d8fe03467/config.json "HTTP/1.1 200 OK"
2026-04-28 16:14:31,464 [INFO] HTTP Request: HEAD https://huggingface.co/HuggingFaceTB/SmolVLM2-500M-Video-Instruct/resolve/main/model.safetensors "HTTP/1.1 302 Found"
2026-04-28 16:14:34,496 [INFO] HTTP Request: HEAD https://huggingface.co/HuggingFaceTB/SmolVLM2-500M-Video-Instruct/resolve/main/generation_config.json "HTTP/1.1 307 Temporary Redirect"
2026-04-28 16:14:34,524 [INFO] HTTP Request: HEAD https://huggingface.co/api/resolve-cache/models/HuggingFaceTB/SmolVLM2-500M-Video-Instruct/7b375e1b73b11138ff12fe22c8f2822d8fe03467/generation_config.json "HTTP/1.1 200 OK"
2026-04-28 16:14:34,800 [INFO] HTTP Request: HEAD https://huggingface.co/HuggingFaceTB/SmolVLM2-500M-Video-Instruct/resolve/main/processor_config.json "HTTP/1.1 307 Temporary Redirect"
2026-04-28 16:14:34,828 [INFO] HTTP Request: HEAD https://huggingface.co/api/resolve-cache/models/HuggingFaceTB/SmolVLM2-500M-Video-Instruct/7b375e1b73b11138ff12fe22c8f2822d8fe03467/processor_config.json "HTTP/1.1 200 OK"
2026-04-28 16:14:35,110 [INFO] HTTP Request: GET https://huggingface.co/api/models/HuggingFaceTB/SmolVLM2-500M-Video-Instruct/tree/main/additional_chat_templates?recursive=false&expand=false "HTTP/1.1 404 Not Found"
2026-04-28 16:14:35,380 [INFO] HTTP Request: HEAD https://huggingface.co/HuggingFaceTB/SmolVLM2-500M-Video-Instruct/resolve/main/processor_config.json "HTTP/1.1 307 Temporary Redirect"
2026-04-28 16:14:35,406 [INFO] HTTP Request: HEAD https://huggingface.co/api/resolve-cache/models/HuggingFaceTB/SmolVLM2-500M-Video-Instruct/7b375e1b73b11138ff12fe22c8f2822d8fe03467/processor_config.json "HTTP/1.1 200 OK"
2026-04-28 16:14:35,690 [INFO] HTTP Request: HEAD https://huggingface.co/HuggingFaceTB/SmolVLM2-500M-Video-Instruct/resolve/main/chat_template.json "HTTP/1.1 307 Temporary Redirect"
2026-04-28 16:14:35,716 [INFO] HTTP Request: HEAD https://huggingface.co/api/resolve-cache/models/HuggingFaceTB/SmolVLM2-500M-Video-Instruct/7b375e1b73b11138ff12fe22c8f2822d8fe03467/chat_template.json "HTTP/1.1 200 OK"
2026-04-28 16:14:35,993 [INFO] HTTP Request: HEAD https://huggingface.co/HuggingFaceTB/SmolVLM2-500M-Video-Instruct/resolve/main/chat_template.jinja "HTTP/1.1 404 Not Found"
2026-04-28 16:14:36,281 [INFO] HTTP Request: HEAD https://huggingface.co/HuggingFaceTB/SmolVLM2-500M-Video-Instruct/resolve/main/audio_tokenizer_config.json "HTTP/1.1 404 Not Found"
2026-04-28 16:14:36,771 [INFO] HTTP Request: GET https://huggingface.co/api/models/HuggingFaceTB/SmolVLM2-500M-Video-Instruct/tree/main/additional_chat_templates?recursive=false&expand=false "HTTP/1.1 404 Not Found"
2026-04-28 16:14:37,045 [INFO] HTTP Request: HEAD https://huggingface.co/HuggingFaceTB/SmolVLM2-500M-Video-Instruct/resolve/main/processor_config.json "HTTP/1.1 307 Temporary Redirect"
2026-04-28 16:14:37,071 [INFO] HTTP Request: HEAD https://huggingface.co/api/resolve-cache/models/HuggingFaceTB/SmolVLM2-500M-Video-Instruct/7b375e1b73b11138ff12fe22c8f2822d8fe03467/processor_config.json "HTTP/1.1 200 OK"
2026-04-28 16:14:37,345 [INFO] HTTP Request: HEAD https://huggingface.co/HuggingFaceTB/SmolVLM2-500M-Video-Instruct/resolve/main/chat_template.json "HTTP/1.1 307 Temporary Redirect"
2026-04-28 16:14:37,372 [INFO] HTTP Request: HEAD https://huggingface.co/api/resolve-cache/models/HuggingFaceTB/SmolVLM2-500M-Video-Instruct/7b375e1b73b11138ff12fe22c8f2822d8fe03467/chat_template.json "HTTP/1.1 200 OK"
2026-04-28 16:14:37,649 [INFO] HTTP Request: HEAD https://huggingface.co/HuggingFaceTB/SmolVLM2-500M-Video-Instruct/resolve/main/chat_template.jinja "HTTP/1.1 404 Not Found"
2026-04-28 16:14:37,930 [INFO] HTTP Request: HEAD https://huggingface.co/HuggingFaceTB/SmolVLM2-500M-Video-Instruct/resolve/main/audio_tokenizer_config.json "HTTP/1.1 404 Not Found"
2026-04-28 16:14:38,207 [INFO] HTTP Request: HEAD https://huggingface.co/HuggingFaceTB/SmolVLM2-500M-Video-Instruct/resolve/main/processor_config.json "HTTP/1.1 307 Temporary Redirect"
2026-04-28 16:14:38,234 [INFO] HTTP Request: HEAD https://huggingface.co/api/resolve-cache/models/HuggingFaceTB/SmolVLM2-500M-Video-Instruct/7b375e1b73b11138ff12fe22c8f2822d8fe03467/processor_config.json "HTTP/1.1 200 OK"
2026-04-28 16:14:38,520 [INFO] HTTP Request: HEAD https://huggingface.co/HuggingFaceTB/SmolVLM2-500M-Video-Instruct/resolve/main/preprocessor_config.json "HTTP/1.1 307 Temporary Redirect"
2026-04-28 16:14:38,547 [INFO] HTTP Request: HEAD https://huggingface.co/api/resolve-cache/models/HuggingFaceTB/SmolVLM2-500M-Video-Instruct/7b375e1b73b11138ff12fe22c8f2822d8fe03467/preprocessor_config.json "HTTP/1.1 200 OK"
2026-04-28 16:14:38,829 [INFO] HTTP Request: HEAD https://huggingface.co/HuggingFaceTB/SmolVLM2-500M-Video-Instruct/resolve/main/processor_config.json "HTTP/1.1 307 Temporary Redirect"
2026-04-28 16:14:38,855 [INFO] HTTP Request: HEAD https://huggingface.co/api/resolve-cache/models/HuggingFaceTB/SmolVLM2-500M-Video-Instruct/7b375e1b73b11138ff12fe22c8f2822d8fe03467/processor_config.json "HTTP/1.1 200 OK"
2026-04-28 16:14:39,125 [INFO] HTTP Request: HEAD https://huggingface.co/HuggingFaceTB/SmolVLM2-500M-Video-Instruct/resolve/main/preprocessor_config.json "HTTP/1.1 307 Temporary Redirect"
2026-04-28 16:14:39,151 [INFO] HTTP Request: HEAD https://huggingface.co/api/resolve-cache/models/HuggingFaceTB/SmolVLM2-500M-Video-Instruct/7b375e1b73b11138ff12fe22c8f2822d8fe03467/preprocessor_config.json "HTTP/1.1 200 OK"
2026-04-28 16:14:39,427 [INFO] HTTP Request: HEAD https://huggingface.co/HuggingFaceTB/SmolVLM2-500M-Video-Instruct/resolve/main/config.json "HTTP/1.1 307 Temporary Redirect"
2026-04-28 16:14:39,453 [INFO] HTTP Request: HEAD https://huggingface.co/api/resolve-cache/models/HuggingFaceTB/SmolVLM2-500M-Video-Instruct/7b375e1b73b11138ff12fe22c8f2822d8fe03467/config.json "HTTP/1.1 200 OK"
2026-04-28 16:14:39,731 [INFO] HTTP Request: HEAD https://huggingface.co/HuggingFaceTB/SmolVLM2-500M-Video-Instruct/resolve/main/tokenizer_config.json "HTTP/1.1 307 Temporary Redirect"
2026-04-28 16:14:39,757 [INFO] HTTP Request: HEAD https://huggingface.co/api/resolve-cache/models/HuggingFaceTB/SmolVLM2-500M-Video-Instruct/7b375e1b73b11138ff12fe22c8f2822d8fe03467/tokenizer_config.json "HTTP/1.1 200 OK"
2026-04-28 16:14:40,042 [INFO] HTTP Request: GET https://huggingface.co/api/models/HuggingFaceTB/SmolVLM2-500M-Video-Instruct/tree/main/additional_chat_templates?recursive=false&expand=false "HTTP/1.1 404 Not Found"
2026-04-28 16:14:40,321 [INFO] HTTP Request: GET https://huggingface.co/api/models/HuggingFaceTB/SmolVLM2-500M-Video-Instruct/tree/main?recursive=true&expand=false "HTTP/1.1 200 OK"
2026-04-28 16:14:42,054 [INFO] HTTP Request: HEAD https://huggingface.co/HuggingFaceTB/SmolVLM2-500M-Video-Instruct/resolve/main/processor_config.json "HTTP/1.1 307 Temporary Redirect"
2026-04-28 16:14:42,080 [INFO] HTTP Request: HEAD https://huggingface.co/api/resolve-cache/models/HuggingFaceTB/SmolVLM2-500M-Video-Instruct/7b375e1b73b11138ff12fe22c8f2822d8fe03467/processor_config.json "HTTP/1.1 200 OK"
2026-04-28 16:14:42,359 [INFO] HTTP Request: HEAD https://huggingface.co/HuggingFaceTB/SmolVLM2-500M-Video-Instruct/resolve/main/video_preprocessor_config.json "HTTP/1.1 404 Not Found"
2026-04-28 16:14:42,640 [INFO] HTTP Request: HEAD https://huggingface.co/HuggingFaceTB/SmolVLM2-500M-Video-Instruct/resolve/main/preprocessor_config.json "HTTP/1.1 307 Temporary Redirect"
2026-04-28 16:14:42,667 [INFO] HTTP Request: HEAD https://huggingface.co/api/resolve-cache/models/HuggingFaceTB/SmolVLM2-500M-Video-Instruct/7b375e1b73b11138ff12fe22c8f2822d8fe03467/preprocessor_config.json "HTTP/1.1 200 OK"
2026-04-28 16:14:42,957 [INFO] HTTP Request: HEAD https://huggingface.co/HuggingFaceTB/SmolVLM2-500M-Video-Instruct/resolve/main/processor_config.json "HTTP/1.1 307 Temporary Redirect"
2026-04-28 16:14:42,985 [INFO] HTTP Request: HEAD https://huggingface.co/api/resolve-cache/models/HuggingFaceTB/SmolVLM2-500M-Video-Instruct/7b375e1b73b11138ff12fe22c8f2822d8fe03467/processor_config.json "HTTP/1.1 200 OK"
2026-04-28 16:14:43,259 [INFO] HTTP Request: HEAD https://huggingface.co/HuggingFaceTB/SmolVLM2-500M-Video-Instruct/resolve/main/video_preprocessor_config.json "HTTP/1.1 404 Not Found"
2026-04-28 16:14:43,559 [INFO] HTTP Request: HEAD https://huggingface.co/HuggingFaceTB/SmolVLM2-500M-Video-Instruct/resolve/main/preprocessor_config.json "HTTP/1.1 307 Temporary Redirect"
2026-04-28 16:14:43,587 [INFO] HTTP Request: HEAD https://huggingface.co/api/resolve-cache/models/HuggingFaceTB/SmolVLM2-500M-Video-Instruct/7b375e1b73b11138ff12fe22c8f2822d8fe03467/preprocessor_config.json "HTTP/1.1 200 OK"
2026-04-28 16:14:44,639 [INFO] Base model loaded.
2026-04-28 16:15:40,209 [INFO] Starting training...
2026-04-28 16:15:42,075 [INFO] Optimizer: AdamW | vision_lr=1e-05 | connector_lr=1e-05 | lora_lr=2e-05
2026-04-28 16:15:42,441 [INFO] === PHASE 1: vision + connector trainable, LoRA FROZEN ===
2026-04-28 16:15:42,441 [INFO]   steps 0 -> 539
2026-04-28 16:15:42,441 [INFO]   vision_model trainable: 86,433,024
2026-04-28 16:15:42,442 [INFO]   connector trainable:    11,796,480
2026-04-28 16:15:42,442 [INFO]   LoRA trainable:         0  (FROZEN)
2026-04-28 16:15:42,442 [INFO]   TOTAL trainable:        98,229,504
2026-04-29 00:29:11,391 [INFO] === STEP 539: PHASE 2 BEGINS ===
2026-04-29 00:29:11,392 [INFO]   LoRA UNFROZEN: 38,273,024 params now trainable
2026-04-29 00:29:11,392 [INFO]   vision LR reduced to 5e-6
2026-04-29 00:29:11,392 [INFO]   TOTAL trainable now: 136,502,528
2026-04-29 01:29:49,698 [INFO] HTTP Request: HEAD https://huggingface.co/HuggingFaceTB/SmolVLM2-500M-Video-Instruct/resolve/main/config.json "HTTP/1.1 307 Temporary Redirect"
2026-04-29 01:29:49,730 [INFO] HTTP Request: HEAD https://huggingface.co/api/resolve-cache/models/HuggingFaceTB/SmolVLM2-500M-Video-Instruct/7b375e1b73b11138ff12fe22c8f2822d8fe03467/config.json "HTTP/1.1 200 OK"
2026-04-29 01:29:50,011 [INFO] HTTP Request: HEAD https://huggingface.co/HuggingFaceTB/SmolVLM2-500M-Video-Instruct/resolve/main/config.json "HTTP/1.1 307 Temporary Redirect"
2026-04-29 01:29:50,035 [INFO] HTTP Request: HEAD https://huggingface.co/api/resolve-cache/models/HuggingFaceTB/SmolVLM2-500M-Video-Instruct/7b375e1b73b11138ff12fe22c8f2822d8fe03467/config.json "HTTP/1.1 200 OK"
2026-04-29 01:29:54,357 [INFO] Checkpoint renamed: checkpoint-539 -> checkpoint-epoch1
2026-04-29 09:43:43,790 [INFO] HTTP Request: HEAD https://huggingface.co/HuggingFaceTB/SmolVLM2-500M-Video-Instruct/resolve/main/config.json "HTTP/1.1 307 Temporary Redirect"
2026-04-29 09:43:43,840 [INFO] HTTP Request: HEAD https://huggingface.co/api/resolve-cache/models/HuggingFaceTB/SmolVLM2-500M-Video-Instruct/7b375e1b73b11138ff12fe22c8f2822d8fe03467/config.json "HTTP/1.1 200 OK"
2026-04-29 09:43:44,115 [INFO] HTTP Request: HEAD https://huggingface.co/HuggingFaceTB/SmolVLM2-500M-Video-Instruct/resolve/main/config.json "HTTP/1.1 307 Temporary Redirect"
2026-04-29 09:43:44,164 [INFO] HTTP Request: HEAD https://huggingface.co/api/resolve-cache/models/HuggingFaceTB/SmolVLM2-500M-Video-Instruct/7b375e1b73b11138ff12fe22c8f2822d8fe03467/config.json "HTTP/1.1 200 OK"
2026-04-29 09:43:47,206 [INFO] Checkpoint renamed: checkpoint-1078 -> checkpoint-epoch2
2026-04-29 16:41:06,270 [INFO] HTTP Request: HEAD https://huggingface.co/HuggingFaceTB/SmolVLM2-500M-Video-Instruct/resolve/main/config.json "HTTP/1.1 307 Temporary Redirect"
2026-04-29 16:41:06,350 [INFO] HTTP Request: HEAD https://huggingface.co/api/resolve-cache/models/HuggingFaceTB/SmolVLM2-500M-Video-Instruct/7b375e1b73b11138ff12fe22c8f2822d8fe03467/config.json "HTTP/1.1 200 OK"
2026-04-29 16:41:06,684 [INFO] HTTP Request: HEAD https://huggingface.co/HuggingFaceTB/SmolVLM2-500M-Video-Instruct/resolve/main/config.json "HTTP/1.1 307 Temporary Redirect"
2026-04-29 16:41:06,831 [INFO] HTTP Request: HEAD https://huggingface.co/api/resolve-cache/models/HuggingFaceTB/SmolVLM2-500M-Video-Instruct/7b375e1b73b11138ff12fe22c8f2822d8fe03467/config.json "HTTP/1.1 200 OK"
2026-04-29 16:41:09,471 [INFO] Checkpoint renamed: checkpoint-1617 -> checkpoint-epoch3
2026-04-30 05:35:48,822 [INFO] HTTP Request: HEAD https://huggingface.co/HuggingFaceTB/SmolVLM2-500M-Video-Instruct/resolve/main/config.json "HTTP/1.1 307 Temporary Redirect"
2026-04-30 05:35:48,850 [INFO] HTTP Request: HEAD https://huggingface.co/api/resolve-cache/models/HuggingFaceTB/SmolVLM2-500M-Video-Instruct/7b375e1b73b11138ff12fe22c8f2822d8fe03467/config.json "HTTP/1.1 200 OK"
2026-04-30 05:35:49,149 [INFO] HTTP Request: HEAD https://huggingface.co/HuggingFaceTB/SmolVLM2-500M-Video-Instruct/resolve/main/config.json "HTTP/1.1 307 Temporary Redirect"
2026-04-30 05:35:49,187 [INFO] HTTP Request: HEAD https://huggingface.co/api/resolve-cache/models/HuggingFaceTB/SmolVLM2-500M-Video-Instruct/7b375e1b73b11138ff12fe22c8f2822d8fe03467/config.json "HTTP/1.1 200 OK"
2026-04-30 05:35:54,984 [INFO] Checkpoint renamed: checkpoint-2156 -> checkpoint-epoch4
2026-04-30 05:35:55,979 [INFO] HTTP Request: HEAD https://huggingface.co/HuggingFaceTB/SmolVLM2-500M-Video-Instruct/resolve/main/config.json "HTTP/1.1 307 Temporary Redirect"
2026-04-30 05:35:56,013 [INFO] HTTP Request: HEAD https://huggingface.co/api/resolve-cache/models/HuggingFaceTB/SmolVLM2-500M-Video-Instruct/7b375e1b73b11138ff12fe22c8f2822d8fe03467/config.json "HTTP/1.1 200 OK"
2026-04-30 05:35:56,300 [INFO] HTTP Request: HEAD https://huggingface.co/HuggingFaceTB/SmolVLM2-500M-Video-Instruct/resolve/main/config.json "HTTP/1.1 307 Temporary Redirect"
2026-04-30 05:35:56,328 [INFO] HTTP Request: HEAD https://huggingface.co/api/resolve-cache/models/HuggingFaceTB/SmolVLM2-500M-Video-Instruct/7b375e1b73b11138ff12fe22c8f2822d8fe03467/config.json "HTTP/1.1 200 OK"
2026-04-30 05:35:57,659 [INFO] Best model saved to: /usershome/cs671_user2/p16_blv/models/student/sft_v3/best
2026-04-30 05:35:57,659 [INFO] Training complete.
