Loaded 50 samples.
Loading PaliGemma2-3B-instruct from models/baselines/paligemma2_3b_instruct ...
Loading weights:   0%|          | 0/603 [00:00<?, ?it/s]Loading weights:   0%|          | 1/603 [00:00<03:07,  3.20it/s]Loading weights:   8%|▊         | 49/603 [00:00<00:03, 151.81it/s]Loading weights:  13%|█▎        | 77/603 [00:00<00:03, 165.87it/s]Loading weights:  17%|█▋        | 101/603 [00:00<00:02, 183.69it/s]Loading weights:  21%|██        | 125/603 [00:00<00:02, 169.64it/s]Loading weights:  24%|██▍       | 146/603 [00:00<00:02, 177.01it/s]Loading weights:  28%|██▊       | 167/603 [00:01<00:02, 180.38it/s]Loading weights:  41%|████      | 248/603 [00:01<00:01, 347.05it/s]Loading weights:  52%|█████▏    | 313/603 [00:01<00:00, 430.38it/s]Loading weights:  63%|██████▎   | 378/603 [00:01<00:00, 487.52it/s]Loading weights:  74%|███████▍  | 449/603 [00:01<00:00, 550.88it/s]Loading weights:  86%|████████▌ | 516/603 [00:01<00:00, 578.18it/s]Loading weights:  97%|█████████▋| 584/603 [00:01<00:00, 606.42it/s]Loading weights: 100%|██████████| 603/603 [00:01<00:00, 358.85it/s]
Model loaded.
You are passing both `text` and `images` to `PaliGemmaProcessor`. The processor expects special image tokens in the text, as many tokens as there are images per each text. It is recommended to add `<image>` tokens in the very beginning of your text. For this call, we will infer how many images each text has and add special tokens.
You are passing both `text` and `images` to `PaliGemmaProcessor`. The processor expects special image tokens in the text, as many tokens as there are images per each text. It is recommended to add `<image>` tokens in the very beginning of your text. For this call, we will infer how many images each text has and add special tokens.
You are passing both `text` and `images` to `PaliGemmaProcessor`. The processor expects special image tokens in the text, as many tokens as there are images per each text. It is recommended to add `<image>` tokens in the very beginning of your text. For this call, we will infer how many images each text has and add special tokens.
  sample 3: no images, skip
You are passing both `text` and `images` to `PaliGemmaProcessor`. The processor expects special image tokens in the text, as many tokens as there are images per each text. It is recommended to add `<image>` tokens in the very beginning of your text. For this call, we will infer how many images each text has and add special tokens.
You are passing both `text` and `images` to `PaliGemmaProcessor`. The processor expects special image tokens in the text, as many tokens as there are images per each text. It is recommended to add `<image>` tokens in the very beginning of your text. For this call, we will infer how many images each text has and add special tokens.
You are passing both `text` and `images` to `PaliGemmaProcessor`. The processor expects special image tokens in the text, as many tokens as there are images per each text. It is recommended to add `<image>` tokens in the very beginning of your text. For this call, we will infer how many images each text has and add special tokens.
You are passing both `text` and `images` to `PaliGemmaProcessor`. The processor expects special image tokens in the text, as many tokens as there are images per each text. It is recommended to add `<image>` tokens in the very beginning of your text. For this call, we will infer how many images each text has and add special tokens.
You are passing both `text` and `images` to `PaliGemmaProcessor`. The processor expects special image tokens in the text, as many tokens as there are images per each text. It is recommended to add `<image>` tokens in the very beginning of your text. For this call, we will infer how many images each text has and add special tokens.
You are passing both `text` and `images` to `PaliGemmaProcessor`. The processor expects special image tokens in the text, as many tokens as there are images per each text. It is recommended to add `<image>` tokens in the very beginning of your text. For this call, we will infer how many images each text has and add special tokens.
  [10/50] avg: 379ms
You are passing both `text` and `images` to `PaliGemmaProcessor`. The processor expects special image tokens in the text, as many tokens as there are images per each text. It is recommended to add `<image>` tokens in the very beginning of your text. For this call, we will infer how many images each text has and add special tokens.
You are passing both `text` and `images` to `PaliGemmaProcessor`. The processor expects special image tokens in the text, as many tokens as there are images per each text. It is recommended to add `<image>` tokens in the very beginning of your text. For this call, we will infer how many images each text has and add special tokens.
  sample 12: no images, skip
You are passing both `text` and `images` to `PaliGemmaProcessor`. The processor expects special image tokens in the text, as many tokens as there are images per each text. It is recommended to add `<image>` tokens in the very beginning of your text. For this call, we will infer how many images each text has and add special tokens.
You are passing both `text` and `images` to `PaliGemmaProcessor`. The processor expects special image tokens in the text, as many tokens as there are images per each text. It is recommended to add `<image>` tokens in the very beginning of your text. For this call, we will infer how many images each text has and add special tokens.
You are passing both `text` and `images` to `PaliGemmaProcessor`. The processor expects special image tokens in the text, as many tokens as there are images per each text. It is recommended to add `<image>` tokens in the very beginning of your text. For this call, we will infer how many images each text has and add special tokens.
You are passing both `text` and `images` to `PaliGemmaProcessor`. The processor expects special image tokens in the text, as many tokens as there are images per each text. It is recommended to add `<image>` tokens in the very beginning of your text. For this call, we will infer how many images each text has and add special tokens.
You are passing both `text` and `images` to `PaliGemmaProcessor`. The processor expects special image tokens in the text, as many tokens as there are images per each text. It is recommended to add `<image>` tokens in the very beginning of your text. For this call, we will infer how many images each text has and add special tokens.
You are passing both `text` and `images` to `PaliGemmaProcessor`. The processor expects special image tokens in the text, as many tokens as there are images per each text. It is recommended to add `<image>` tokens in the very beginning of your text. For this call, we will infer how many images each text has and add special tokens.
You are passing both `text` and `images` to `PaliGemmaProcessor`. The processor expects special image tokens in the text, as many tokens as there are images per each text. It is recommended to add `<image>` tokens in the very beginning of your text. For this call, we will infer how many images each text has and add special tokens.
  [20/50] avg: 441ms
You are passing both `text` and `images` to `PaliGemmaProcessor`. The processor expects special image tokens in the text, as many tokens as there are images per each text. It is recommended to add `<image>` tokens in the very beginning of your text. For this call, we will infer how many images each text has and add special tokens.
You are passing both `text` and `images` to `PaliGemmaProcessor`. The processor expects special image tokens in the text, as many tokens as there are images per each text. It is recommended to add `<image>` tokens in the very beginning of your text. For this call, we will infer how many images each text has and add special tokens.
  sample 22: no images, skip
You are passing both `text` and `images` to `PaliGemmaProcessor`. The processor expects special image tokens in the text, as many tokens as there are images per each text. It is recommended to add `<image>` tokens in the very beginning of your text. For this call, we will infer how many images each text has and add special tokens.
You are passing both `text` and `images` to `PaliGemmaProcessor`. The processor expects special image tokens in the text, as many tokens as there are images per each text. It is recommended to add `<image>` tokens in the very beginning of your text. For this call, we will infer how many images each text has and add special tokens.
You are passing both `text` and `images` to `PaliGemmaProcessor`. The processor expects special image tokens in the text, as many tokens as there are images per each text. It is recommended to add `<image>` tokens in the very beginning of your text. For this call, we will infer how many images each text has and add special tokens.
You are passing both `text` and `images` to `PaliGemmaProcessor`. The processor expects special image tokens in the text, as many tokens as there are images per each text. It is recommended to add `<image>` tokens in the very beginning of your text. For this call, we will infer how many images each text has and add special tokens.
You are passing both `text` and `images` to `PaliGemmaProcessor`. The processor expects special image tokens in the text, as many tokens as there are images per each text. It is recommended to add `<image>` tokens in the very beginning of your text. For this call, we will infer how many images each text has and add special tokens.
You are passing both `text` and `images` to `PaliGemmaProcessor`. The processor expects special image tokens in the text, as many tokens as there are images per each text. It is recommended to add `<image>` tokens in the very beginning of your text. For this call, we will infer how many images each text has and add special tokens.
You are passing both `text` and `images` to `PaliGemmaProcessor`. The processor expects special image tokens in the text, as many tokens as there are images per each text. It is recommended to add `<image>` tokens in the very beginning of your text. For this call, we will infer how many images each text has and add special tokens.
  [30/50] avg: 411ms
You are passing both `text` and `images` to `PaliGemmaProcessor`. The processor expects special image tokens in the text, as many tokens as there are images per each text. It is recommended to add `<image>` tokens in the very beginning of your text. For this call, we will infer how many images each text has and add special tokens.
You are passing both `text` and `images` to `PaliGemmaProcessor`. The processor expects special image tokens in the text, as many tokens as there are images per each text. It is recommended to add `<image>` tokens in the very beginning of your text. For this call, we will infer how many images each text has and add special tokens.
You are passing both `text` and `images` to `PaliGemmaProcessor`. The processor expects special image tokens in the text, as many tokens as there are images per each text. It is recommended to add `<image>` tokens in the very beginning of your text. For this call, we will infer how many images each text has and add special tokens.
You are passing both `text` and `images` to `PaliGemmaProcessor`. The processor expects special image tokens in the text, as many tokens as there are images per each text. It is recommended to add `<image>` tokens in the very beginning of your text. For this call, we will infer how many images each text has and add special tokens.
You are passing both `text` and `images` to `PaliGemmaProcessor`. The processor expects special image tokens in the text, as many tokens as there are images per each text. It is recommended to add `<image>` tokens in the very beginning of your text. For this call, we will infer how many images each text has and add special tokens.
You are passing both `text` and `images` to `PaliGemmaProcessor`. The processor expects special image tokens in the text, as many tokens as there are images per each text. It is recommended to add `<image>` tokens in the very beginning of your text. For this call, we will infer how many images each text has and add special tokens.
You are passing both `text` and `images` to `PaliGemmaProcessor`. The processor expects special image tokens in the text, as many tokens as there are images per each text. It is recommended to add `<image>` tokens in the very beginning of your text. For this call, we will infer how many images each text has and add special tokens.
You are passing both `text` and `images` to `PaliGemmaProcessor`. The processor expects special image tokens in the text, as many tokens as there are images per each text. It is recommended to add `<image>` tokens in the very beginning of your text. For this call, we will infer how many images each text has and add special tokens.
You are passing both `text` and `images` to `PaliGemmaProcessor`. The processor expects special image tokens in the text, as many tokens as there are images per each text. It is recommended to add `<image>` tokens in the very beginning of your text. For this call, we will infer how many images each text has and add special tokens.
You are passing both `text` and `images` to `PaliGemmaProcessor`. The processor expects special image tokens in the text, as many tokens as there are images per each text. It is recommended to add `<image>` tokens in the very beginning of your text. For this call, we will infer how many images each text has and add special tokens.
  [40/50] avg: 416ms
You are passing both `text` and `images` to `PaliGemmaProcessor`. The processor expects special image tokens in the text, as many tokens as there are images per each text. It is recommended to add `<image>` tokens in the very beginning of your text. For this call, we will infer how many images each text has and add special tokens.
You are passing both `text` and `images` to `PaliGemmaProcessor`. The processor expects special image tokens in the text, as many tokens as there are images per each text. It is recommended to add `<image>` tokens in the very beginning of your text. For this call, we will infer how many images each text has and add special tokens.
You are passing both `text` and `images` to `PaliGemmaProcessor`. The processor expects special image tokens in the text, as many tokens as there are images per each text. It is recommended to add `<image>` tokens in the very beginning of your text. For this call, we will infer how many images each text has and add special tokens.
You are passing both `text` and `images` to `PaliGemmaProcessor`. The processor expects special image tokens in the text, as many tokens as there are images per each text. It is recommended to add `<image>` tokens in the very beginning of your text. For this call, we will infer how many images each text has and add special tokens.
You are passing both `text` and `images` to `PaliGemmaProcessor`. The processor expects special image tokens in the text, as many tokens as there are images per each text. It is recommended to add `<image>` tokens in the very beginning of your text. For this call, we will infer how many images each text has and add special tokens.
You are passing both `text` and `images` to `PaliGemmaProcessor`. The processor expects special image tokens in the text, as many tokens as there are images per each text. It is recommended to add `<image>` tokens in the very beginning of your text. For this call, we will infer how many images each text has and add special tokens.
You are passing both `text` and `images` to `PaliGemmaProcessor`. The processor expects special image tokens in the text, as many tokens as there are images per each text. It is recommended to add `<image>` tokens in the very beginning of your text. For this call, we will infer how many images each text has and add special tokens.
You are passing both `text` and `images` to `PaliGemmaProcessor`. The processor expects special image tokens in the text, as many tokens as there are images per each text. It is recommended to add `<image>` tokens in the very beginning of your text. For this call, we will infer how many images each text has and add special tokens.
You are passing both `text` and `images` to `PaliGemmaProcessor`. The processor expects special image tokens in the text, as many tokens as there are images per each text. It is recommended to add `<image>` tokens in the very beginning of your text. For this call, we will infer how many images each text has and add special tokens.
You are passing both `text` and `images` to `PaliGemmaProcessor`. The processor expects special image tokens in the text, as many tokens as there are images per each text. It is recommended to add `<image>` tokens in the very beginning of your text. For this call, we will infer how many images each text has and add special tokens.
  [50/50] avg: 414ms

DONE -- mean=414.3ms | p95=816.5ms | fps=2.414
Saved -> results/benchmark_graph/latency_results.json
