Skipping import of cpp extensions due to incompatible torch version. Please upgrade to torch >= 2.11.0 (found 2.10.0+cu128).
2026-04-27 03:55:46,059 INFO === DPO TRAINING START === 2026-04-27T03:55:46.059059
2026-04-27 03:55:46,059 INFO GPU: NVIDIA RTX A6000
2026-04-27 03:55:46,069 INFO VRAM total: 47.4 GB | free: 47.4 GB
2026-04-27 03:55:46,069 INFO Loading processor from SFT checkpoint...
2026-04-27 03:55:46,940 INFO Loading and formatting DPO pairs...
2026-04-27 03:55:47,219 INFO   train: processing 0/7008...
2026-04-27 03:55:47,245 INFO   train: processing 500/7008...
2026-04-27 03:55:47,257 INFO   train: processing 1000/7008...
2026-04-27 03:55:47,285 INFO   train: processing 1500/7008...
2026-04-27 03:55:47,313 INFO   train: processing 2000/7008...
2026-04-27 03:55:47,341 INFO   train: processing 2500/7008...
2026-04-27 03:55:47,369 INFO   train: processing 3000/7008...
2026-04-27 03:55:47,396 INFO   train: processing 3500/7008...
2026-04-27 03:55:47,422 INFO   train: processing 4000/7008...
2026-04-27 03:55:47,441 INFO   train: processing 4500/7008...
2026-04-27 03:55:47,468 INFO   train: processing 5000/7008...
2026-04-27 03:55:47,492 INFO   train: processing 5500/7008...
2026-04-27 03:55:47,541 INFO   train: processing 6000/7008...
2026-04-27 03:55:47,588 INFO   train: processing 6500/7008...
2026-04-27 03:55:47,600 INFO   train: processing 7000/7008...
2026-04-27 03:55:47,613 INFO   train: 7008 kept, 0 skipped
2026-04-27 03:55:47,613 INFO   val: processing 0/781...
2026-04-27 03:55:47,626 INFO   val: processing 500/781...
2026-04-27 03:55:47,649 INFO   val: 781 kept, 0 skipped
2026-04-27 03:55:47,771 INFO Train: 7008 | Val: 781
2026-04-27 03:55:47,784 INFO Loading policy model (SFT merged)...
2026-04-27 03:55:48,235 INFO HTTP Request: HEAD https://huggingface.co/HuggingFaceTB/SmolVLM2-500M-Video-Instruct/resolve/main/config.json "HTTP/1.1 307 Temporary Redirect"
2026-04-27 03:55:48,258 INFO HTTP Request: HEAD https://huggingface.co/api/resolve-cache/models/HuggingFaceTB/SmolVLM2-500M-Video-Instruct/7b375e1b73b11138ff12fe22c8f2822d8fe03467/config.json "HTTP/1.1 200 OK"
2026-04-27 03:55:48,531 INFO HTTP Request: HEAD https://huggingface.co/HuggingFaceTB/SmolVLM2-500M-Video-Instruct/resolve/main/config.json "HTTP/1.1 307 Temporary Redirect"
Warning: You are sending unauthenticated requests to the HF Hub. Please set a HF_TOKEN to enable higher rate limits and faster downloads.
2026-04-27 03:55:48,532 WARNING Warning: You are sending unauthenticated requests to the HF Hub. Please set a HF_TOKEN to enable higher rate limits and faster downloads.
2026-04-27 03:55:48,555 INFO HTTP Request: HEAD https://huggingface.co/api/resolve-cache/models/HuggingFaceTB/SmolVLM2-500M-Video-Instruct/7b375e1b73b11138ff12fe22c8f2822d8fe03467/config.json "HTTP/1.1 200 OK"
2026-04-27 03:55:48,839 INFO HTTP Request: HEAD https://huggingface.co/HuggingFaceTB/SmolVLM2-500M-Video-Instruct/resolve/main/model.safetensors "HTTP/1.1 302 Found"
Loading weights:   0%|          | 0/489 [00:00<?, ?it/s]Loading weights:  33%|███▎      | 159/489 [00:00<00:00, 1550.36it/s]Loading weights:  69%|██████▉   | 337/489 [00:00<00:00, 1682.17it/s]Loading weights: 100%|██████████| 489/489 [00:00<00:00, 2034.00it/s]
2026-04-27 03:55:50,365 INFO HTTP Request: HEAD https://huggingface.co/HuggingFaceTB/SmolVLM2-500M-Video-Instruct/resolve/main/generation_config.json "HTTP/1.1 307 Temporary Redirect"
2026-04-27 03:55:50,388 INFO HTTP Request: HEAD https://huggingface.co/api/resolve-cache/models/HuggingFaceTB/SmolVLM2-500M-Video-Instruct/7b375e1b73b11138ff12fe22c8f2822d8fe03467/generation_config.json "HTTP/1.1 200 OK"
2026-04-27 03:56:21,356 INFO Loading reference model (SFT merged, frozen)...
2026-04-27 03:56:21,727 INFO HTTP Request: HEAD https://huggingface.co/HuggingFaceTB/SmolVLM2-500M-Video-Instruct/resolve/main/config.json "HTTP/1.1 307 Temporary Redirect"
2026-04-27 03:56:21,749 INFO HTTP Request: HEAD https://huggingface.co/api/resolve-cache/models/HuggingFaceTB/SmolVLM2-500M-Video-Instruct/7b375e1b73b11138ff12fe22c8f2822d8fe03467/config.json "HTTP/1.1 200 OK"
2026-04-27 03:56:22,023 INFO HTTP Request: HEAD https://huggingface.co/HuggingFaceTB/SmolVLM2-500M-Video-Instruct/resolve/main/config.json "HTTP/1.1 307 Temporary Redirect"
2026-04-27 03:56:22,045 INFO HTTP Request: HEAD https://huggingface.co/api/resolve-cache/models/HuggingFaceTB/SmolVLM2-500M-Video-Instruct/7b375e1b73b11138ff12fe22c8f2822d8fe03467/config.json "HTTP/1.1 200 OK"
2026-04-27 03:56:22,330 INFO HTTP Request: HEAD https://huggingface.co/HuggingFaceTB/SmolVLM2-500M-Video-Instruct/resolve/main/model.safetensors "HTTP/1.1 302 Found"
Loading weights:   0%|          | 0/489 [00:00<?, ?it/s]Loading weights:  34%|███▎      | 164/489 [00:00<00:00, 1634.97it/s]Loading weights:  67%|██████▋   | 328/489 [00:00<00:00, 1595.45it/s]Loading weights: 100%|██████████| 489/489 [00:00<00:00, 1891.50it/s]
2026-04-27 03:56:23,655 INFO HTTP Request: HEAD https://huggingface.co/HuggingFaceTB/SmolVLM2-500M-Video-Instruct/resolve/main/generation_config.json "HTTP/1.1 307 Temporary Redirect"
2026-04-27 03:56:23,678 INFO HTTP Request: HEAD https://huggingface.co/api/resolve-cache/models/HuggingFaceTB/SmolVLM2-500M-Video-Instruct/7b375e1b73b11138ff12fe22c8f2822d8fe03467/generation_config.json "HTTP/1.1 200 OK"
/usershome/cs671_user2/miniconda3/lib/python3.13/site-packages/peft/tuners/tuners_utils.py:285: UserWarning: Already found a `peft_config` attribute in the model. This will lead to having multiple adapters in the model. Make sure to know what you are doing!
  warnings.warn(
2026-04-27 03:57:19,802 INFO Train batches: 7008 | Grad steps: 876
2026-04-27 03:57:19,803 INFO === STARTING DPO TRAINING ===
2026-04-27 03:57:22,981 WARNING Skipping batch 0: At least one sample has <image> tokens not divisible by patch_size.
2026-04-27 03:57:25,556 WARNING Skipping batch 1: At least one sample has <image> tokens not divisible by patch_size.
2026-04-27 03:57:27,968 WARNING Skipping batch 2: At least one sample has <image> tokens not divisible by patch_size.
2026-04-27 03:57:30,486 WARNING Skipping batch 3: At least one sample has <image> tokens not divisible by patch_size.
2026-04-27 03:57:32,681 WARNING Skipping batch 4: At least one sample has <image> tokens not divisible by patch_size.
2026-04-27 03:57:35,200 WARNING Skipping batch 5: At least one sample has <image> tokens not divisible by patch_size.
2026-04-27 03:57:37,680 WARNING Skipping batch 6: At least one sample has <image> tokens not divisible by patch_size.
2026-04-27 03:57:40,492 WARNING Skipping batch 7: At least one sample has <image> tokens not divisible by patch_size.
2026-04-27 03:57:42,531 WARNING Skipping batch 8: At least one sample has <image> tokens not divisible by patch_size.
2026-04-27 03:57:45,502 WARNING Skipping batch 9: At least one sample has <image> tokens not divisible by patch_size.
2026-04-27 03:57:48,419 WARNING Skipping batch 10: At least one sample has <image> tokens not divisible by patch_size.
2026-04-27 03:57:50,561 WARNING Skipping batch 11: At least one sample has <image> tokens not divisible by patch_size.
2026-04-27 03:57:52,815 WARNING Skipping batch 12: At least one sample has <image> tokens not divisible by patch_size.
2026-04-27 03:57:55,945 WARNING Skipping batch 13: At least one sample has <image> tokens not divisible by patch_size.
2026-04-27 03:57:58,708 WARNING Skipping batch 14: At least one sample has <image> tokens not divisible by patch_size.
2026-04-27 03:58:00,813 WARNING Skipping batch 15: At least one sample has <image> tokens not divisible by patch_size.
2026-04-27 03:58:03,185 WARNING Skipping batch 16: At least one sample has <image> tokens not divisible by patch_size.
2026-04-27 03:58:05,744 WARNING Skipping batch 17: At least one sample has <image> tokens not divisible by patch_size.
2026-04-27 03:58:07,641 WARNING Skipping batch 18: At least one sample has <image> tokens not divisible by patch_size.
2026-04-27 03:58:09,909 WARNING Skipping batch 19: At least one sample has <image> tokens not divisible by patch_size.
2026-04-27 03:58:12,080 WARNING Skipping batch 20: At least one sample has <image> tokens not divisible by patch_size.
2026-04-27 03:58:14,294 WARNING Skipping batch 21: At least one sample has <image> tokens not divisible by patch_size.
2026-04-27 03:58:16,784 WARNING Skipping batch 22: At least one sample has <image> tokens not divisible by patch_size.
2026-04-27 03:58:19,276 WARNING Skipping batch 23: At least one sample has <image> tokens not divisible by patch_size.
2026-04-27 03:58:22,056 WARNING Skipping batch 24: At least one sample has <image> tokens not divisible by patch_size.
2026-04-27 03:58:25,077 WARNING Skipping batch 25: At least one sample has <image> tokens not divisible by patch_size.
2026-04-27 03:58:27,309 WARNING Skipping batch 26: At least one sample has <image> tokens not divisible by patch_size.
2026-04-27 03:58:29,606 WARNING Skipping batch 27: At least one sample has <image> tokens not divisible by patch_size.
2026-04-27 03:58:31,758 WARNING Skipping batch 28: At least one sample has <image> tokens not divisible by patch_size.
2026-04-27 03:58:34,326 WARNING Skipping batch 29: At least one sample has <image> tokens not divisible by patch_size.
2026-04-27 03:58:36,427 WARNING Skipping batch 30: At least one sample has <image> tokens not divisible by patch_size.
2026-04-27 03:58:38,512 WARNING Skipping batch 31: At least one sample has <image> tokens not divisible by patch_size.
2026-04-27 03:58:40,940 WARNING Skipping batch 32: At least one sample has <image> tokens not divisible by patch_size.
2026-04-27 03:58:43,769 WARNING Skipping batch 33: At least one sample has <image> tokens not divisible by patch_size.
2026-04-27 03:58:45,707 WARNING Skipping batch 34: At least one sample has <image> tokens not divisible by patch_size.
2026-04-27 03:58:48,114 WARNING Skipping batch 35: At least one sample has <image> tokens not divisible by patch_size.
2026-04-27 03:58:50,492 WARNING Skipping batch 36: At least one sample has <image> tokens not divisible by patch_size.
2026-04-27 03:58:52,745 WARNING Skipping batch 37: At least one sample has <image> tokens not divisible by patch_size.
2026-04-27 03:58:54,547 WARNING Skipping batch 38: At least one sample has <image> tokens not divisible by patch_size.
2026-04-27 03:58:56,473 WARNING Skipping batch 39: At least one sample has <image> tokens not divisible by patch_size.
2026-04-27 03:58:58,496 WARNING Skipping batch 40: At least one sample has <image> tokens not divisible by patch_size.
2026-04-27 03:59:00,744 WARNING Skipping batch 41: At least one sample has <image> tokens not divisible by patch_size.
2026-04-27 03:59:03,048 WARNING Skipping batch 42: At least one sample has <image> tokens not divisible by patch_size.
2026-04-27 03:59:05,543 WARNING Skipping batch 43: At least one sample has <image> tokens not divisible by patch_size.
2026-04-27 03:59:07,654 WARNING Skipping batch 44: At least one sample has <image> tokens not divisible by patch_size.
2026-04-27 03:59:09,476 WARNING Skipping batch 45: At least one sample has <image> tokens not divisible by patch_size.
2026-04-27 03:59:12,156 WARNING Skipping batch 46: At least one sample has <image> tokens not divisible by patch_size.
2026-04-27 03:59:13,868 WARNING Skipping batch 47: At least one sample has <image> tokens not divisible by patch_size.
2026-04-27 03:59:16,815 WARNING Skipping batch 48: At least one sample has <image> tokens not divisible by patch_size.
2026-04-27 03:59:19,172 WARNING Skipping batch 49: At least one sample has <image> tokens not divisible by patch_size.
2026-04-27 03:59:21,689 WARNING Skipping batch 50: At least one sample has <image> tokens not divisible by patch_size.
2026-04-27 03:59:23,720 WARNING Skipping batch 51: At least one sample has <image> tokens not divisible by patch_size.
2026-04-27 03:59:25,933 WARNING Skipping batch 52: At least one sample has <image> tokens not divisible by patch_size.
2026-04-27 03:59:28,393 WARNING Skipping batch 53: At least one sample has <image> tokens not divisible by patch_size.
2026-04-27 03:59:31,116 WARNING Skipping batch 54: At least one sample has <image> tokens not divisible by patch_size.
2026-04-27 03:59:33,840 WARNING Skipping batch 55: At least one sample has <image> tokens not divisible by patch_size.
2026-04-27 03:59:36,288 WARNING Skipping batch 56: At least one sample has <image> tokens not divisible by patch_size.
2026-04-27 03:59:38,926 WARNING Skipping batch 57: At least one sample has <image> tokens not divisible by patch_size.
2026-04-27 03:59:41,171 WARNING Skipping batch 58: At least one sample has <image> tokens not divisible by patch_size.
2026-04-27 03:59:43,982 WARNING Skipping batch 59: At least one sample has <image> tokens not divisible by patch_size.
2026-04-27 03:59:46,311 WARNING Skipping batch 60: At least one sample has <image> tokens not divisible by patch_size.
2026-04-27 03:59:48,792 WARNING Skipping batch 61: At least one sample has <image> tokens not divisible by patch_size.
2026-04-27 03:59:51,528 WARNING Skipping batch 62: At least one sample has <image> tokens not divisible by patch_size.
2026-04-27 03:59:53,636 WARNING Skipping batch 63: At least one sample has <image> tokens not divisible by patch_size.
2026-04-27 03:59:55,770 WARNING Skipping batch 64: At least one sample has <image> tokens not divisible by patch_size.
2026-04-27 03:59:57,883 WARNING Skipping batch 65: At least one sample has <image> tokens not divisible by patch_size.
2026-04-27 04:00:00,081 WARNING Skipping batch 66: At least one sample has <image> tokens not divisible by patch_size.
2026-04-27 04:00:02,931 WARNING Skipping batch 67: At least one sample has <image> tokens not divisible by patch_size.
2026-04-27 04:00:05,716 WARNING Skipping batch 68: At least one sample has <image> tokens not divisible by patch_size.
2026-04-27 04:00:07,997 WARNING Skipping batch 69: At least one sample has <image> tokens not divisible by patch_size.
2026-04-27 04:00:10,502 WARNING Skipping batch 70: At least one sample has <image> tokens not divisible by patch_size.
2026-04-27 04:00:12,854 WARNING Skipping batch 71: At least one sample has <image> tokens not divisible by patch_size.
2026-04-27 04:00:14,923 WARNING Skipping batch 72: At least one sample has <image> tokens not divisible by patch_size.
2026-04-27 04:00:16,962 WARNING Skipping batch 73: At least one sample has <image> tokens not divisible by patch_size.
2026-04-27 04:00:19,371 WARNING Skipping batch 74: At least one sample has <image> tokens not divisible by patch_size.
2026-04-27 04:00:22,081 WARNING Skipping batch 75: At least one sample has <image> tokens not divisible by patch_size.
2026-04-27 04:00:24,437 WARNING Skipping batch 76: At least one sample has <image> tokens not divisible by patch_size.
2026-04-27 04:00:26,869 WARNING Skipping batch 77: At least one sample has <image> tokens not divisible by patch_size.
2026-04-27 04:00:29,024 WARNING Skipping batch 78: At least one sample has <image> tokens not divisible by patch_size.
2026-04-27 04:00:31,219 WARNING Skipping batch 79: At least one sample has <image> tokens not divisible by patch_size.
2026-04-27 04:00:33,111 WARNING Skipping batch 80: At least one sample has <image> tokens not divisible by patch_size.
2026-04-27 04:00:35,017 WARNING Skipping batch 81: At least one sample has <image> tokens not divisible by patch_size.
2026-04-27 04:00:38,192 WARNING Skipping batch 82: At least one sample has <image> tokens not divisible by patch_size.
2026-04-27 04:00:40,717 WARNING Skipping batch 83: At least one sample has <image> tokens not divisible by patch_size.
2026-04-27 04:00:43,435 WARNING Skipping batch 84: At least one sample has <image> tokens not divisible by patch_size.
2026-04-27 04:00:46,360 WARNING Skipping batch 85: At least one sample has <image> tokens not divisible by patch_size.
2026-04-27 04:00:48,321 WARNING Skipping batch 86: At least one sample has <image> tokens not divisible by patch_size.
2026-04-27 04:00:51,171 WARNING Skipping batch 87: At least one sample has <image> tokens not divisible by patch_size.
2026-04-27 04:00:53,936 WARNING Skipping batch 88: At least one sample has <image> tokens not divisible by patch_size.
2026-04-27 04:00:55,972 WARNING Skipping batch 89: At least one sample has <image> tokens not divisible by patch_size.
2026-04-27 04:00:58,266 WARNING Skipping batch 90: At least one sample has <image> tokens not divisible by patch_size.
2026-04-27 04:00:59,892 WARNING Skipping batch 91: At least one sample has <image> tokens not divisible by patch_size.
2026-04-27 04:01:02,531 WARNING Skipping batch 92: At least one sample has <image> tokens not divisible by patch_size.
2026-04-27 04:01:04,920 WARNING Skipping batch 93: At least one sample has <image> tokens not divisible by patch_size.
2026-04-27 04:01:07,117 WARNING Skipping batch 94: At least one sample has <image> tokens not divisible by patch_size.
2026-04-27 04:01:09,598 WARNING Skipping batch 95: At least one sample has <image> tokens not divisible by patch_size.
2026-04-27 04:01:12,080 WARNING Skipping batch 96: At least one sample has <image> tokens not divisible by patch_size.
2026-04-27 04:01:15,008 WARNING Skipping batch 97: At least one sample has <image> tokens not divisible by patch_size.
2026-04-27 04:01:17,301 WARNING Skipping batch 98: At least one sample has <image> tokens not divisible by patch_size.
2026-04-27 04:01:19,565 WARNING Skipping batch 99: At least one sample has <image> tokens not divisible by patch_size.
2026-04-27 04:01:21,947 WARNING Skipping batch 100: At least one sample has <image> tokens not divisible by patch_size.
2026-04-27 04:01:24,140 WARNING Skipping batch 101: At least one sample has <image> tokens not divisible by patch_size.
2026-04-27 04:01:26,400 WARNING Skipping batch 102: At least one sample has <image> tokens not divisible by patch_size.
2026-04-27 04:01:28,077 WARNING Skipping batch 103: At least one sample has <image> tokens not divisible by patch_size.
2026-04-27 04:01:30,533 WARNING Skipping batch 104: At least one sample has <image> tokens not divisible by patch_size.
2026-04-27 04:01:34,364 WARNING Skipping batch 105: At least one sample has <image> tokens not divisible by patch_size.
2026-04-27 04:01:36,943 WARNING Skipping batch 106: At least one sample has <image> tokens not divisible by patch_size.
2026-04-27 04:01:39,364 WARNING Skipping batch 107: At least one sample has <image> tokens not divisible by patch_size.
2026-04-27 04:01:41,971 WARNING Skipping batch 108: At least one sample has <image> tokens not divisible by patch_size.
2026-04-27 04:01:44,237 WARNING Skipping batch 109: At least one sample has <image> tokens not divisible by patch_size.
2026-04-27 04:01:46,922 WARNING Skipping batch 110: At least one sample has <image> tokens not divisible by patch_size.
2026-04-27 04:01:50,010 WARNING Skipping batch 111: At least one sample has <image> tokens not divisible by patch_size.
2026-04-27 04:01:53,117 WARNING Skipping batch 112: At least one sample has <image> tokens not divisible by patch_size.
2026-04-27 04:01:55,650 WARNING Skipping batch 113: At least one sample has <image> tokens not divisible by patch_size.
2026-04-27 04:01:58,156 WARNING Skipping batch 114: At least one sample has <image> tokens not divisible by patch_size.
2026-04-27 04:02:01,102 WARNING Skipping batch 115: At least one sample has <image> tokens not divisible by patch_size.
2026-04-27 04:02:02,530 WARNING Skipping batch 116: At least one sample has <image> tokens not divisible by patch_size.
2026-04-27 04:02:04,984 WARNING Skipping batch 117: At least one sample has <image> tokens not divisible by patch_size.
2026-04-27 04:02:07,117 WARNING Skipping batch 118: At least one sample has <image> tokens not divisible by patch_size.
2026-04-27 04:02:09,254 WARNING Skipping batch 119: At least one sample has <image> tokens not divisible by patch_size.
2026-04-27 04:02:11,219 WARNING Skipping batch 120: At least one sample has <image> tokens not divisible by patch_size.
2026-04-27 04:02:13,647 WARNING Skipping batch 121: At least one sample has <image> tokens not divisible by patch_size.
2026-04-27 04:02:16,427 WARNING Skipping batch 122: At least one sample has <image> tokens not divisible by patch_size.
2026-04-27 04:02:19,695 WARNING Skipping batch 123: At least one sample has <image> tokens not divisible by patch_size.
2026-04-27 04:02:22,371 WARNING Skipping batch 124: At least one sample has <image> tokens not divisible by patch_size.
2026-04-27 04:02:24,952 WARNING Skipping batch 125: At least one sample has <image> tokens not divisible by patch_size.
2026-04-27 04:02:27,524 WARNING Skipping batch 126: At least one sample has <image> tokens not divisible by patch_size.
2026-04-27 04:02:30,278 WARNING Skipping batch 127: At least one sample has <image> tokens not divisible by patch_size.
2026-04-27 04:02:32,740 WARNING Skipping batch 128: At least one sample has <image> tokens not divisible by patch_size.
2026-04-27 04:02:34,761 WARNING Skipping batch 129: At least one sample has <image> tokens not divisible by patch_size.
2026-04-27 04:02:37,035 WARNING Skipping batch 130: At least one sample has <image> tokens not divisible by patch_size.
2026-04-27 04:02:39,798 WARNING Skipping batch 131: At least one sample has <image> tokens not divisible by patch_size.
2026-04-27 04:02:41,947 WARNING Skipping batch 132: At least one sample has <image> tokens not divisible by patch_size.
2026-04-27 04:02:43,640 WARNING Skipping batch 133: At least one sample has <image> tokens not divisible by patch_size.
2026-04-27 04:02:45,765 WARNING Skipping batch 134: At least one sample has <image> tokens not divisible by patch_size.
2026-04-27 04:02:48,013 WARNING Skipping batch 135: At least one sample has <image> tokens not divisible by patch_size.
2026-04-27 04:02:49,732 WARNING Skipping batch 136: At least one sample has <image> tokens not divisible by patch_size.
2026-04-27 04:02:51,611 WARNING Skipping batch 137: At least one sample has <image> tokens not divisible by patch_size.
2026-04-27 04:02:53,803 WARNING Skipping batch 138: At least one sample has <image> tokens not divisible by patch_size.
2026-04-27 04:02:56,144 WARNING Skipping batch 139: At least one sample has <image> tokens not divisible by patch_size.
2026-04-27 04:02:57,976 WARNING Skipping batch 140: At least one sample has <image> tokens not divisible by patch_size.
2026-04-27 04:02:59,908 WARNING Skipping batch 141: At least one sample has <image> tokens not divisible by patch_size.
2026-04-27 04:03:02,511 WARNING Skipping batch 142: At least one sample has <image> tokens not divisible by patch_size.
2026-04-27 04:03:04,838 WARNING Skipping batch 143: At least one sample has <image> tokens not divisible by patch_size.
2026-04-27 04:03:07,694 WARNING Skipping batch 144: At least one sample has <image> tokens not divisible by patch_size.
2026-04-27 04:03:09,679 WARNING Skipping batch 145: At least one sample has <image> tokens not divisible by patch_size.
2026-04-27 04:03:11,321 WARNING Skipping batch 146: At least one sample has <image> tokens not divisible by patch_size.
2026-04-27 04:03:13,455 WARNING Skipping batch 147: At least one sample has <image> tokens not divisible by patch_size.
2026-04-27 04:03:15,497 WARNING Skipping batch 148: At least one sample has <image> tokens not divisible by patch_size.
2026-04-27 04:03:17,341 WARNING Skipping batch 149: At least one sample has <image> tokens not divisible by patch_size.
2026-04-27 04:03:19,419 WARNING Skipping batch 150: At least one sample has <image> tokens not divisible by patch_size.
2026-04-27 04:03:21,675 WARNING Skipping batch 151: At least one sample has <image> tokens not divisible by patch_size.
2026-04-27 04:03:24,615 WARNING Skipping batch 152: At least one sample has <image> tokens not divisible by patch_size.
2026-04-27 04:03:26,740 WARNING Skipping batch 153: At least one sample has <image> tokens not divisible by patch_size.
2026-04-27 04:03:28,435 WARNING Skipping batch 154: At least one sample has <image> tokens not divisible by patch_size.
2026-04-27 04:03:30,364 WARNING Skipping batch 155: At least one sample has <image> tokens not divisible by patch_size.
2026-04-27 04:03:32,332 WARNING Skipping batch 156: At least one sample has <image> tokens not divisible by patch_size.
2026-04-27 04:03:34,680 WARNING Skipping batch 157: At least one sample has <image> tokens not divisible by patch_size.
2026-04-27 04:03:37,049 WARNING Skipping batch 158: At least one sample has <image> tokens not divisible by patch_size.
2026-04-27 04:03:38,930 WARNING Skipping batch 159: At least one sample has <image> tokens not divisible by patch_size.
2026-04-27 04:03:40,981 WARNING Skipping batch 160: At least one sample has <image> tokens not divisible by patch_size.
2026-04-27 04:03:43,094 WARNING Skipping batch 161: At least one sample has <image> tokens not divisible by patch_size.
2026-04-27 04:03:45,492 WARNING Skipping batch 162: At least one sample has <image> tokens not divisible by patch_size.
2026-04-27 04:03:47,532 WARNING Skipping batch 163: At least one sample has <image> tokens not divisible by patch_size.
2026-04-27 04:03:49,515 WARNING Skipping batch 164: At least one sample has <image> tokens not divisible by patch_size.
2026-04-27 04:03:51,590 WARNING Skipping batch 165: At least one sample has <image> tokens not divisible by patch_size.
2026-04-27 04:03:53,620 WARNING Skipping batch 166: At least one sample has <image> tokens not divisible by patch_size.
2026-04-27 04:03:55,732 WARNING Skipping batch 167: At least one sample has <image> tokens not divisible by patch_size.
2026-04-27 04:03:58,500 WARNING Skipping batch 168: At least one sample has <image> tokens not divisible by patch_size.
2026-04-27 04:04:00,526 WARNING Skipping batch 169: At least one sample has <image> tokens not divisible by patch_size.
2026-04-27 04:04:02,949 WARNING Skipping batch 170: At least one sample has <image> tokens not divisible by patch_size.
2026-04-27 04:04:05,172 WARNING Skipping batch 171: At least one sample has <image> tokens not divisible by patch_size.
2026-04-27 04:04:07,083 WARNING Skipping batch 172: At least one sample has <image> tokens not divisible by patch_size.
2026-04-27 04:04:09,124 WARNING Skipping batch 173: At least one sample has <image> tokens not divisible by patch_size.
2026-04-27 04:04:11,506 WARNING Skipping batch 174: At least one sample has <image> tokens not divisible by patch_size.
2026-04-27 04:04:13,637 WARNING Skipping batch 175: At least one sample has <image> tokens not divisible by patch_size.
2026-04-27 04:04:15,505 WARNING Skipping batch 176: At least one sample has <image> tokens not divisible by patch_size.
2026-04-27 04:04:17,179 WARNING Skipping batch 177: At least one sample has <image> tokens not divisible by patch_size.
2026-04-27 04:04:19,248 WARNING Skipping batch 178: At least one sample has <image> tokens not divisible by patch_size.
2026-04-27 04:04:21,656 WARNING Skipping batch 179: At least one sample has <image> tokens not divisible by patch_size.
2026-04-27 04:04:23,903 WARNING Skipping batch 180: At least one sample has <image> tokens not divisible by patch_size.
2026-04-27 04:04:26,173 WARNING Skipping batch 181: At least one sample has <image> tokens not divisible by patch_size.
2026-04-27 04:04:28,395 WARNING Skipping batch 182: At least one sample has <image> tokens not divisible by patch_size.
2026-04-27 04:04:30,472 WARNING Skipping batch 183: At least one sample has <image> tokens not divisible by patch_size.
2026-04-27 04:04:32,612 WARNING Skipping batch 184: At least one sample has <image> tokens not divisible by patch_size.
2026-04-27 04:04:34,438 WARNING Skipping batch 185: At least one sample has <image> tokens not divisible by patch_size.
2026-04-27 04:04:36,525 WARNING Skipping batch 186: At least one sample has <image> tokens not divisible by patch_size.
2026-04-27 04:04:38,568 WARNING Skipping batch 187: At least one sample has <image> tokens not divisible by patch_size.
2026-04-27 04:04:40,416 WARNING Skipping batch 188: At least one sample has <image> tokens not divisible by patch_size.
2026-04-27 04:04:42,533 WARNING Skipping batch 189: At least one sample has <image> tokens not divisible by patch_size.
2026-04-27 04:04:44,226 WARNING Skipping batch 190: At least one sample has <image> tokens not divisible by patch_size.
2026-04-27 04:04:46,428 WARNING Skipping batch 191: At least one sample has <image> tokens not divisible by patch_size.
2026-04-27 04:04:48,707 WARNING Skipping batch 192: At least one sample has <image> tokens not divisible by patch_size.
2026-04-27 04:04:51,018 WARNING Skipping batch 193: At least one sample has <image> tokens not divisible by patch_size.
2026-04-27 04:04:53,267 WARNING Skipping batch 194: At least one sample has <image> tokens not divisible by patch_size.
2026-04-27 04:04:55,427 WARNING Skipping batch 195: At least one sample has <image> tokens not divisible by patch_size.
2026-04-27 04:04:57,129 WARNING Skipping batch 196: At least one sample has <image> tokens not divisible by patch_size.
2026-04-27 04:04:58,941 WARNING Skipping batch 197: At least one sample has <image> tokens not divisible by patch_size.
2026-04-27 04:05:00,558 WARNING Skipping batch 198: At least one sample has <image> tokens not divisible by patch_size.
2026-04-27 04:05:02,952 WARNING Skipping batch 199: At least one sample has <image> tokens not divisible by patch_size.
2026-04-27 04:05:04,975 WARNING Skipping batch 200: At least one sample has <image> tokens not divisible by patch_size.
2026-04-27 04:05:06,607 WARNING Skipping batch 201: At least one sample has <image> tokens not divisible by patch_size.
2026-04-27 04:05:08,756 WARNING Skipping batch 202: At least one sample has <image> tokens not divisible by patch_size.
2026-04-27 04:05:10,573 WARNING Skipping batch 203: At least one sample has <image> tokens not divisible by patch_size.
2026-04-27 04:05:12,532 WARNING Skipping batch 204: At least one sample has <image> tokens not divisible by patch_size.
2026-04-27 04:05:14,483 WARNING Skipping batch 205: At least one sample has <image> tokens not divisible by patch_size.
2026-04-27 04:05:16,990 WARNING Skipping batch 206: At least one sample has <image> tokens not divisible by patch_size.
2026-04-27 04:05:19,467 WARNING Skipping batch 207: At least one sample has <image> tokens not divisible by patch_size.
2026-04-27 04:05:22,164 WARNING Skipping batch 208: At least one sample has <image> tokens not divisible by patch_size.
2026-04-27 04:05:25,298 WARNING Skipping batch 209: At least one sample has <image> tokens not divisible by patch_size.
2026-04-27 04:05:28,017 WARNING Skipping batch 210: At least one sample has <image> tokens not divisible by patch_size.
2026-04-27 04:05:29,878 WARNING Skipping batch 211: At least one sample has <image> tokens not divisible by patch_size.
2026-04-27 04:05:32,236 WARNING Skipping batch 212: At least one sample has <image> tokens not divisible by patch_size.
2026-04-27 04:05:34,905 WARNING Skipping batch 213: At least one sample has <image> tokens not divisible by patch_size.
2026-04-27 04:05:37,987 WARNING Skipping batch 214: At least one sample has <image> tokens not divisible by patch_size.
2026-04-27 04:05:40,230 WARNING Skipping batch 215: At least one sample has <image> tokens not divisible by patch_size.
2026-04-27 04:05:43,152 WARNING Skipping batch 216: At least one sample has <image> tokens not divisible by patch_size.
2026-04-27 04:05:45,496 WARNING Skipping batch 217: At least one sample has <image> tokens not divisible by patch_size.
2026-04-27 04:05:48,438 WARNING Skipping batch 218: At least one sample has <image> tokens not divisible by patch_size.
2026-04-27 04:05:50,928 WARNING Skipping batch 219: At least one sample has <image> tokens not divisible by patch_size.
2026-04-27 04:05:53,483 WARNING Skipping batch 220: At least one sample has <image> tokens not divisible by patch_size.
2026-04-27 04:05:56,180 WARNING Skipping batch 221: At least one sample has <image> tokens not divisible by patch_size.
2026-04-27 04:05:59,309 WARNING Skipping batch 222: At least one sample has <image> tokens not divisible by patch_size.
2026-04-27 04:06:01,515 WARNING Skipping batch 223: At least one sample has <image> tokens not divisible by patch_size.
2026-04-27 04:06:04,055 WARNING Skipping batch 224: At least one sample has <image> tokens not divisible by patch_size.
2026-04-27 04:06:06,456 WARNING Skipping batch 225: At least one sample has <image> tokens not divisible by patch_size.
2026-04-27 04:06:08,882 WARNING Skipping batch 226: At least one sample has <image> tokens not divisible by patch_size.
2026-04-27 04:06:10,885 WARNING Skipping batch 227: At least one sample has <image> tokens not divisible by patch_size.
2026-04-27 04:06:13,333 WARNING Skipping batch 228: At least one sample has <image> tokens not divisible by patch_size.
2026-04-27 04:06:14,930 WARNING Skipping batch 229: At least one sample has <image> tokens not divisible by patch_size.
2026-04-27 04:06:17,504 WARNING Skipping batch 230: At least one sample has <image> tokens not divisible by patch_size.
2026-04-27 04:06:19,791 WARNING Skipping batch 231: At least one sample has <image> tokens not divisible by patch_size.
2026-04-27 04:06:22,311 WARNING Skipping batch 232: At least one sample has <image> tokens not divisible by patch_size.
2026-04-27 04:06:25,245 WARNING Skipping batch 233: At least one sample has <image> tokens not divisible by patch_size.
2026-04-27 04:06:27,853 WARNING Skipping batch 234: At least one sample has <image> tokens not divisible by patch_size.
2026-04-27 04:06:30,081 WARNING Skipping batch 235: At least one sample has <image> tokens not divisible by patch_size.
2026-04-27 04:06:32,157 WARNING Skipping batch 236: At least one sample has <image> tokens not divisible by patch_size.
2026-04-27 04:06:34,636 WARNING Skipping batch 237: At least one sample has <image> tokens not divisible by patch_size.
2026-04-27 04:06:37,328 WARNING Skipping batch 238: At least one sample has <image> tokens not divisible by patch_size.
2026-04-27 04:06:40,227 WARNING Skipping batch 239: At least one sample has <image> tokens not divisible by patch_size.
2026-04-27 04:06:42,499 WARNING Skipping batch 240: At least one sample has <image> tokens not divisible by patch_size.
2026-04-27 04:06:45,952 WARNING Skipping batch 241: At least one sample has <image> tokens not divisible by patch_size.
2026-04-27 04:06:49,266 WARNING Skipping batch 242: At least one sample has <image> tokens not divisible by patch_size.
2026-04-27 04:06:52,782 WARNING Skipping batch 243: At least one sample has <image> tokens not divisible by patch_size.
2026-04-27 04:06:55,119 WARNING Skipping batch 244: At least one sample has <image> tokens not divisible by patch_size.
2026-04-27 04:06:57,403 WARNING Skipping batch 245: At least one sample has <image> tokens not divisible by patch_size.
2026-04-27 04:06:59,489 WARNING Skipping batch 246: At least one sample has <image> tokens not divisible by patch_size.
2026-04-27 04:07:01,992 WARNING Skipping batch 247: At least one sample has <image> tokens not divisible by patch_size.
2026-04-27 04:07:04,259 WARNING Skipping batch 248: At least one sample has <image> tokens not divisible by patch_size.
2026-04-27 04:07:06,393 WARNING Skipping batch 249: At least one sample has <image> tokens not divisible by patch_size.
2026-04-27 04:07:08,519 WARNING Skipping batch 250: At least one sample has <image> tokens not divisible by patch_size.
2026-04-27 04:07:10,699 WARNING Skipping batch 251: At least one sample has <image> tokens not divisible by patch_size.
2026-04-27 04:07:12,858 WARNING Skipping batch 252: At least one sample has <image> tokens not divisible by patch_size.
2026-04-27 04:07:14,433 WARNING Skipping batch 253: At least one sample has <image> tokens not divisible by patch_size.
2026-04-27 04:07:16,945 WARNING Skipping batch 254: At least one sample has <image> tokens not divisible by patch_size.
2026-04-27 04:07:19,501 WARNING Skipping batch 255: At least one sample has <image> tokens not divisible by patch_size.
2026-04-27 04:07:21,896 WARNING Skipping batch 256: At least one sample has <image> tokens not divisible by patch_size.
2026-04-27 04:07:24,666 WARNING Skipping batch 257: At least one sample has <image> tokens not divisible by patch_size.
2026-04-27 04:07:26,520 WARNING Skipping batch 258: At least one sample has <image> tokens not divisible by patch_size.
2026-04-27 04:07:28,602 WARNING Skipping batch 259: At least one sample has <image> tokens not divisible by patch_size.
2026-04-27 04:07:30,598 WARNING Skipping batch 260: At least one sample has <image> tokens not divisible by patch_size.
2026-04-27 04:07:32,767 WARNING Skipping batch 261: At least one sample has <image> tokens not divisible by patch_size.
2026-04-27 04:07:34,941 WARNING Skipping batch 262: At least one sample has <image> tokens not divisible by patch_size.
2026-04-27 04:07:36,820 WARNING Skipping batch 263: At least one sample has <image> tokens not divisible by patch_size.
2026-04-27 04:07:38,700 WARNING Skipping batch 264: At least one sample has <image> tokens not divisible by patch_size.
2026-04-27 04:07:41,198 WARNING Skipping batch 265: At least one sample has <image> tokens not divisible by patch_size.
2026-04-27 04:07:43,267 WARNING Skipping batch 266: At least one sample has <image> tokens not divisible by patch_size.
2026-04-27 04:07:45,276 WARNING Skipping batch 267: At least one sample has <image> tokens not divisible by patch_size.
2026-04-27 04:07:47,176 WARNING Skipping batch 268: At least one sample has <image> tokens not divisible by patch_size.
2026-04-27 04:07:49,489 WARNING Skipping batch 269: At least one sample has <image> tokens not divisible by patch_size.
2026-04-27 04:07:51,503 WARNING Skipping batch 270: At least one sample has <image> tokens not divisible by patch_size.
2026-04-27 04:07:54,382 WARNING Skipping batch 271: At least one sample has <image> tokens not divisible by patch_size.
2026-04-27 04:07:57,296 WARNING Skipping batch 272: At least one sample has <image> tokens not divisible by patch_size.
2026-04-27 04:07:59,510 WARNING Skipping batch 273: At least one sample has <image> tokens not divisible by patch_size.
2026-04-27 04:08:01,681 WARNING Skipping batch 274: At least one sample has <image> tokens not divisible by patch_size.
2026-04-27 04:08:04,675 WARNING Skipping batch 275: At least one sample has <image> tokens not divisible by patch_size.
2026-04-27 04:08:06,328 WARNING Skipping batch 276: At least one sample has <image> tokens not divisible by patch_size.
2026-04-27 04:08:08,227 WARNING Skipping batch 277: At least one sample has <image> tokens not divisible by patch_size.
2026-04-27 04:08:10,463 WARNING Skipping batch 278: At least one sample has <image> tokens not divisible by patch_size.
2026-04-27 04:08:12,604 WARNING Skipping batch 279: At least one sample has <image> tokens not divisible by patch_size.
2026-04-27 04:08:15,212 WARNING Skipping batch 280: At least one sample has <image> tokens not divisible by patch_size.
2026-04-27 04:08:17,346 WARNING Skipping batch 281: At least one sample has <image> tokens not divisible by patch_size.
2026-04-27 04:08:19,346 WARNING Skipping batch 282: At least one sample has <image> tokens not divisible by patch_size.
2026-04-27 04:08:20,925 WARNING Skipping batch 283: At least one sample has <image> tokens not divisible by patch_size.
2026-04-27 04:08:23,353 WARNING Skipping batch 284: At least one sample has <image> tokens not divisible by patch_size.
2026-04-27 04:08:25,720 WARNING Skipping batch 285: At least one sample has <image> tokens not divisible by patch_size.
2026-04-27 04:08:27,789 WARNING Skipping batch 286: At least one sample has <image> tokens not divisible by patch_size.
2026-04-27 04:08:30,183 WARNING Skipping batch 287: At least one sample has <image> tokens not divisible by patch_size.
2026-04-27 04:08:32,146 WARNING Skipping batch 288: At least one sample has <image> tokens not divisible by patch_size.
2026-04-27 04:08:34,218 WARNING Skipping batch 289: At least one sample has <image> tokens not divisible by patch_size.
2026-04-27 04:08:36,374 WARNING Skipping batch 290: At least one sample has <image> tokens not divisible by patch_size.
2026-04-27 04:08:38,351 WARNING Skipping batch 291: At least one sample has <image> tokens not divisible by patch_size.
2026-04-27 04:08:40,429 WARNING Skipping batch 292: At least one sample has <image> tokens not divisible by patch_size.
2026-04-27 04:08:42,705 WARNING Skipping batch 293: At least one sample has <image> tokens not divisible by patch_size.
2026-04-27 04:08:44,704 WARNING Skipping batch 294: At least one sample has <image> tokens not divisible by patch_size.
2026-04-27 04:08:47,037 WARNING Skipping batch 295: At least one sample has <image> tokens not divisible by patch_size.
2026-04-27 04:08:48,866 WARNING Skipping batch 296: At least one sample has <image> tokens not divisible by patch_size.
2026-04-27 04:08:51,055 WARNING Skipping batch 297: At least one sample has <image> tokens not divisible by patch_size.
2026-04-27 04:08:53,288 WARNING Skipping batch 298: At least one sample has <image> tokens not divisible by patch_size.
2026-04-27 04:08:55,754 WARNING Skipping batch 299: At least one sample has <image> tokens not divisible by patch_size.
2026-04-27 04:08:57,617 WARNING Skipping batch 300: At least one sample has <image> tokens not divisible by patch_size.
2026-04-27 04:08:59,760 WARNING Skipping batch 301: At least one sample has <image> tokens not divisible by patch_size.
2026-04-27 04:09:01,928 WARNING Skipping batch 302: At least one sample has <image> tokens not divisible by patch_size.
2026-04-27 04:09:04,172 WARNING Skipping batch 303: At least one sample has <image> tokens not divisible by patch_size.
2026-04-27 04:09:06,352 WARNING Skipping batch 304: At least one sample has <image> tokens not divisible by patch_size.
2026-04-27 04:09:08,870 WARNING Skipping batch 305: At least one sample has <image> tokens not divisible by patch_size.
2026-04-27 04:09:10,817 WARNING Skipping batch 306: At least one sample has <image> tokens not divisible by patch_size.
2026-04-27 04:09:13,893 WARNING Skipping batch 307: At least one sample has <image> tokens not divisible by patch_size.
2026-04-27 04:09:15,998 WARNING Skipping batch 308: At least one sample has <image> tokens not divisible by patch_size.
2026-04-27 04:09:18,352 WARNING Skipping batch 309: At least one sample has <image> tokens not divisible by patch_size.
2026-04-27 04:09:20,628 WARNING Skipping batch 310: At least one sample has <image> tokens not divisible by patch_size.
2026-04-27 04:09:22,689 WARNING Skipping batch 311: At least one sample has <image> tokens not divisible by patch_size.
2026-04-27 04:09:24,873 WARNING Skipping batch 312: At least one sample has <image> tokens not divisible by patch_size.
2026-04-27 04:09:27,479 WARNING Skipping batch 313: At least one sample has <image> tokens not divisible by patch_size.
2026-04-27 04:09:29,503 WARNING Skipping batch 314: At least one sample has <image> tokens not divisible by patch_size.
2026-04-27 04:09:31,597 WARNING Skipping batch 315: At least one sample has <image> tokens not divisible by patch_size.
2026-04-27 04:09:33,775 WARNING Skipping batch 316: At least one sample has <image> tokens not divisible by patch_size.
2026-04-27 04:09:35,875 WARNING Skipping batch 317: At least one sample has <image> tokens not divisible by patch_size.
2026-04-27 04:09:38,650 WARNING Skipping batch 318: At least one sample has <image> tokens not divisible by patch_size.
2026-04-27 04:09:40,301 WARNING Skipping batch 319: At least one sample has <image> tokens not divisible by patch_size.
2026-04-27 04:09:42,588 WARNING Skipping batch 320: At least one sample has <image> tokens not divisible by patch_size.
2026-04-27 04:09:45,167 WARNING Skipping batch 321: At least one sample has <image> tokens not divisible by patch_size.
2026-04-27 04:09:46,904 WARNING Skipping batch 322: At least one sample has <image> tokens not divisible by patch_size.
2026-04-27 04:09:48,824 WARNING Skipping batch 323: At least one sample has <image> tokens not divisible by patch_size.
2026-04-27 04:09:50,922 WARNING Skipping batch 324: At least one sample has <image> tokens not divisible by patch_size.
2026-04-27 04:09:53,024 WARNING Skipping batch 325: At least one sample has <image> tokens not divisible by patch_size.
2026-04-27 04:09:55,174 WARNING Skipping batch 326: At least one sample has <image> tokens not divisible by patch_size.
2026-04-27 04:09:57,493 WARNING Skipping batch 327: At least one sample has <image> tokens not divisible by patch_size.
2026-04-27 04:09:59,549 WARNING Skipping batch 328: At least one sample has <image> tokens not divisible by patch_size.
2026-04-27 04:10:01,720 WARNING Skipping batch 329: At least one sample has <image> tokens not divisible by patch_size.
2026-04-27 04:10:04,442 WARNING Skipping batch 330: At least one sample has <image> tokens not divisible by patch_size.
2026-04-27 04:10:06,592 WARNING Skipping batch 331: At least one sample has <image> tokens not divisible by patch_size.
2026-04-27 04:10:08,700 WARNING Skipping batch 332: At least one sample has <image> tokens not divisible by patch_size.
2026-04-27 04:10:10,422 WARNING Skipping batch 333: At least one sample has <image> tokens not divisible by patch_size.
2026-04-27 04:10:12,577 WARNING Skipping batch 334: At least one sample has <image> tokens not divisible by patch_size.
2026-04-27 04:10:14,288 WARNING Skipping batch 335: At least one sample has <image> tokens not divisible by patch_size.
2026-04-27 04:10:16,323 WARNING Skipping batch 336: At least one sample has <image> tokens not divisible by patch_size.
2026-04-27 04:10:18,204 WARNING Skipping batch 337: At least one sample has <image> tokens not divisible by patch_size.
2026-04-27 04:10:20,269 WARNING Skipping batch 338: At least one sample has <image> tokens not divisible by patch_size.
2026-04-27 04:10:22,223 WARNING Skipping batch 339: At least one sample has <image> tokens not divisible by patch_size.
2026-04-27 04:10:24,798 WARNING Skipping batch 340: At least one sample has <image> tokens not divisible by patch_size.
2026-04-27 04:10:26,735 WARNING Skipping batch 341: At least one sample has <image> tokens not divisible by patch_size.
2026-04-27 04:10:29,185 WARNING Skipping batch 342: At least one sample has <image> tokens not divisible by patch_size.
2026-04-27 04:10:31,131 WARNING Skipping batch 343: At least one sample has <image> tokens not divisible by patch_size.
2026-04-27 04:10:33,367 WARNING Skipping batch 344: At least one sample has <image> tokens not divisible by patch_size.
2026-04-27 04:10:35,634 WARNING Skipping batch 345: At least one sample has <image> tokens not divisible by patch_size.
2026-04-27 04:10:38,232 WARNING Skipping batch 346: At least one sample has <image> tokens not divisible by patch_size.
2026-04-27 04:10:40,164 WARNING Skipping batch 347: At least one sample has <image> tokens not divisible by patch_size.
2026-04-27 04:10:42,236 WARNING Skipping batch 348: At least one sample has <image> tokens not divisible by patch_size.
2026-04-27 04:10:43,888 WARNING Skipping batch 349: At least one sample has <image> tokens not divisible by patch_size.
2026-04-27 04:10:47,307 WARNING Skipping batch 350: At least one sample has <image> tokens not divisible by patch_size.
2026-04-27 04:10:49,608 WARNING Skipping batch 351: At least one sample has <image> tokens not divisible by patch_size.
2026-04-27 04:10:51,836 WARNING Skipping batch 352: At least one sample has <image> tokens not divisible by patch_size.
2026-04-27 04:10:54,190 WARNING Skipping batch 353: At least one sample has <image> tokens not divisible by patch_size.
2026-04-27 04:10:56,199 WARNING Skipping batch 354: At least one sample has <image> tokens not divisible by patch_size.
2026-04-27 04:10:58,927 WARNING Skipping batch 355: At least one sample has <image> tokens not divisible by patch_size.
2026-04-27 04:11:00,863 WARNING Skipping batch 356: At least one sample has <image> tokens not divisible by patch_size.
2026-04-27 04:11:03,148 WARNING Skipping batch 357: At least one sample has <image> tokens not divisible by patch_size.
2026-04-27 04:11:05,407 WARNING Skipping batch 358: At least one sample has <image> tokens not divisible by patch_size.
2026-04-27 04:11:07,627 WARNING Skipping batch 359: At least one sample has <image> tokens not divisible by patch_size.
2026-04-27 04:11:09,989 WARNING Skipping batch 360: At least one sample has <image> tokens not divisible by patch_size.
2026-04-27 04:11:12,577 WARNING Skipping batch 361: At least one sample has <image> tokens not divisible by patch_size.
2026-04-27 04:11:14,725 WARNING Skipping batch 362: At least one sample has <image> tokens not divisible by patch_size.
2026-04-27 04:11:17,241 WARNING Skipping batch 363: At least one sample has <image> tokens not divisible by patch_size.
2026-04-27 04:11:19,671 WARNING Skipping batch 364: At least one sample has <image> tokens not divisible by patch_size.
2026-04-27 04:11:22,007 WARNING Skipping batch 365: At least one sample has <image> tokens not divisible by patch_size.
2026-04-27 04:11:24,014 WARNING Skipping batch 366: At least one sample has <image> tokens not divisible by patch_size.
2026-04-27 04:11:26,953 WARNING Skipping batch 367: At least one sample has <image> tokens not divisible by patch_size.
2026-04-27 04:11:29,019 WARNING Skipping batch 368: At least one sample has <image> tokens not divisible by patch_size.
2026-04-27 04:11:31,017 WARNING Skipping batch 369: At least one sample has <image> tokens not divisible by patch_size.
2026-04-27 04:11:33,632 WARNING Skipping batch 370: At least one sample has <image> tokens not divisible by patch_size.
2026-04-27 04:11:36,256 WARNING Skipping batch 371: At least one sample has <image> tokens not divisible by patch_size.
2026-04-27 04:11:37,773 WARNING Skipping batch 372: At least one sample has <image> tokens not divisible by patch_size.
2026-04-27 04:11:39,988 WARNING Skipping batch 373: At least one sample has <image> tokens not divisible by patch_size.
2026-04-27 04:11:43,274 WARNING Skipping batch 374: At least one sample has <image> tokens not divisible by patch_size.
2026-04-27 04:11:45,330 WARNING Skipping batch 375: At least one sample has <image> tokens not divisible by patch_size.
2026-04-27 04:11:47,648 WARNING Skipping batch 376: At least one sample has <image> tokens not divisible by patch_size.
2026-04-27 04:11:49,812 WARNING Skipping batch 377: At least one sample has <image> tokens not divisible by patch_size.
2026-04-27 04:11:52,086 WARNING Skipping batch 378: At least one sample has <image> tokens not divisible by patch_size.
2026-04-27 04:11:54,138 WARNING Skipping batch 379: At least one sample has <image> tokens not divisible by patch_size.
2026-04-27 04:11:56,167 WARNING Skipping batch 380: At least one sample has <image> tokens not divisible by patch_size.
2026-04-27 04:11:58,419 WARNING Skipping batch 381: At least one sample has <image> tokens not divisible by patch_size.
2026-04-27 04:12:00,384 WARNING Skipping batch 382: At least one sample has <image> tokens not divisible by patch_size.
2026-04-27 04:12:02,888 WARNING Skipping batch 383: At least one sample has <image> tokens not divisible by patch_size.
2026-04-27 04:12:04,692 WARNING Skipping batch 384: At least one sample has <image> tokens not divisible by patch_size.
2026-04-27 04:12:07,059 WARNING Skipping batch 385: At least one sample has <image> tokens not divisible by patch_size.
2026-04-27 04:12:09,030 WARNING Skipping batch 386: At least one sample has <image> tokens not divisible by patch_size.
2026-04-27 04:12:11,224 WARNING Skipping batch 387: At least one sample has <image> tokens not divisible by patch_size.
2026-04-27 04:12:13,172 WARNING Skipping batch 388: At least one sample has <image> tokens not divisible by patch_size.
2026-04-27 04:12:15,145 WARNING Skipping batch 389: At least one sample has <image> tokens not divisible by patch_size.
2026-04-27 04:12:17,031 WARNING Skipping batch 390: At least one sample has <image> tokens not divisible by patch_size.
2026-04-27 04:12:18,996 WARNING Skipping batch 391: At least one sample has <image> tokens not divisible by patch_size.
2026-04-27 04:12:20,698 WARNING Skipping batch 392: At least one sample has <image> tokens not divisible by patch_size.
2026-04-27 04:12:22,955 WARNING Skipping batch 393: At least one sample has <image> tokens not divisible by patch_size.
2026-04-27 04:12:25,406 WARNING Skipping batch 394: At least one sample has <image> tokens not divisible by patch_size.
2026-04-27 04:12:27,846 WARNING Skipping batch 395: At least one sample has <image> tokens not divisible by patch_size.
2026-04-27 04:12:30,143 WARNING Skipping batch 396: At least one sample has <image> tokens not divisible by patch_size.
2026-04-27 04:12:33,165 WARNING Skipping batch 397: At least one sample has <image> tokens not divisible by patch_size.
2026-04-27 04:12:35,435 WARNING Skipping batch 398: At least one sample has <image> tokens not divisible by patch_size.
2026-04-27 04:12:37,525 WARNING Skipping batch 399: At least one sample has <image> tokens not divisible by patch_size.
2026-04-27 04:12:39,847 WARNING Skipping batch 400: At least one sample has <image> tokens not divisible by patch_size.
2026-04-27 04:12:42,308 WARNING Skipping batch 401: At least one sample has <image> tokens not divisible by patch_size.
2026-04-27 04:12:43,922 WARNING Skipping batch 402: At least one sample has <image> tokens not divisible by patch_size.
2026-04-27 04:12:46,493 WARNING Skipping batch 403: At least one sample has <image> tokens not divisible by patch_size.
2026-04-27 04:12:48,739 WARNING Skipping batch 404: At least one sample has <image> tokens not divisible by patch_size.
2026-04-27 04:12:51,188 WARNING Skipping batch 405: At least one sample has <image> tokens not divisible by patch_size.
2026-04-27 04:12:53,315 WARNING Skipping batch 406: At least one sample has <image> tokens not divisible by patch_size.
2026-04-27 04:12:55,246 WARNING Skipping batch 407: At least one sample has <image> tokens not divisible by patch_size.
2026-04-27 04:12:57,232 WARNING Skipping batch 408: At least one sample has <image> tokens not divisible by patch_size.
2026-04-27 04:12:59,879 WARNING Skipping batch 409: At least one sample has <image> tokens not divisible by patch_size.
2026-04-27 04:13:02,699 WARNING Skipping batch 410: At least one sample has <image> tokens not divisible by patch_size.
2026-04-27 04:13:05,008 WARNING Skipping batch 411: At least one sample has <image> tokens not divisible by patch_size.
2026-04-27 04:13:07,508 WARNING Skipping batch 412: At least one sample has <image> tokens not divisible by patch_size.
2026-04-27 04:13:09,836 WARNING Skipping batch 413: At least one sample has <image> tokens not divisible by patch_size.
2026-04-27 04:13:12,033 WARNING Skipping batch 414: At least one sample has <image> tokens not divisible by patch_size.
2026-04-27 04:13:13,988 WARNING Skipping batch 415: At least one sample has <image> tokens not divisible by patch_size.
2026-04-27 04:13:16,254 WARNING Skipping batch 416: At least one sample has <image> tokens not divisible by patch_size.
2026-04-27 04:13:18,248 WARNING Skipping batch 417: At least one sample has <image> tokens not divisible by patch_size.
2026-04-27 04:13:20,619 WARNING Skipping batch 418: At least one sample has <image> tokens not divisible by patch_size.
2026-04-27 04:13:23,009 WARNING Skipping batch 419: At least one sample has <image> tokens not divisible by patch_size.
2026-04-27 04:13:25,451 WARNING Skipping batch 420: At least one sample has <image> tokens not divisible by patch_size.
2026-04-27 04:13:27,686 WARNING Skipping batch 421: At least one sample has <image> tokens not divisible by patch_size.
2026-04-27 04:13:29,817 WARNING Skipping batch 422: At least one sample has <image> tokens not divisible by patch_size.
2026-04-27 04:13:32,286 WARNING Skipping batch 423: At least one sample has <image> tokens not divisible by patch_size.
2026-04-27 04:13:34,469 WARNING Skipping batch 424: At least one sample has <image> tokens not divisible by patch_size.
2026-04-27 04:13:36,712 WARNING Skipping batch 425: At least one sample has <image> tokens not divisible by patch_size.
2026-04-27 04:13:39,289 WARNING Skipping batch 426: At least one sample has <image> tokens not divisible by patch_size.
2026-04-27 04:13:42,462 WARNING Skipping batch 427: At least one sample has <image> tokens not divisible by patch_size.
2026-04-27 04:13:45,350 WARNING Skipping batch 428: At least one sample has <image> tokens not divisible by patch_size.
2026-04-27 04:13:47,758 WARNING Skipping batch 429: At least one sample has <image> tokens not divisible by patch_size.
2026-04-27 04:13:49,628 WARNING Skipping batch 430: At least one sample has <image> tokens not divisible by patch_size.
2026-04-27 04:13:51,909 WARNING Skipping batch 431: At least one sample has <image> tokens not divisible by patch_size.
2026-04-27 04:13:53,896 WARNING Skipping batch 432: At least one sample has <image> tokens not divisible by patch_size.
2026-04-27 04:13:56,207 WARNING Skipping batch 433: At least one sample has <image> tokens not divisible by patch_size.
2026-04-27 04:13:58,227 WARNING Skipping batch 434: At least one sample has <image> tokens not divisible by patch_size.
2026-04-27 04:13:59,683 WARNING Skipping batch 435: At least one sample has <image> tokens not divisible by patch_size.
2026-04-27 04:14:01,509 WARNING Skipping batch 436: At least one sample has <image> tokens not divisible by patch_size.
2026-04-27 04:14:03,538 WARNING Skipping batch 437: At least one sample has <image> tokens not divisible by patch_size.
2026-04-27 04:14:05,787 WARNING Skipping batch 438: At least one sample has <image> tokens not divisible by patch_size.
2026-04-27 04:14:07,748 WARNING Skipping batch 439: At least one sample has <image> tokens not divisible by patch_size.
2026-04-27 04:14:10,368 WARNING Skipping batch 440: At least one sample has <image> tokens not divisible by patch_size.
2026-04-27 04:14:12,733 WARNING Skipping batch 441: At least one sample has <image> tokens not divisible by patch_size.
2026-04-27 04:14:15,009 WARNING Skipping batch 442: At least one sample has <image> tokens not divisible by patch_size.
2026-04-27 04:14:17,429 WARNING Skipping batch 443: At least one sample has <image> tokens not divisible by patch_size.
2026-04-27 04:14:19,587 WARNING Skipping batch 444: At least one sample has <image> tokens not divisible by patch_size.
2026-04-27 04:14:21,713 WARNING Skipping batch 445: At least one sample has <image> tokens not divisible by patch_size.
2026-04-27 04:14:23,890 WARNING Skipping batch 446: At least one sample has <image> tokens not divisible by patch_size.
2026-04-27 04:14:26,023 WARNING Skipping batch 447: At least one sample has <image> tokens not divisible by patch_size.
2026-04-27 04:14:27,891 WARNING Skipping batch 448: At least one sample has <image> tokens not divisible by patch_size.
2026-04-27 04:14:29,668 WARNING Skipping batch 449: At least one sample has <image> tokens not divisible by patch_size.
2026-04-27 04:14:31,500 WARNING Skipping batch 450: At least one sample has <image> tokens not divisible by patch_size.
2026-04-27 04:14:34,200 WARNING Skipping batch 451: At least one sample has <image> tokens not divisible by patch_size.
2026-04-27 04:14:36,956 WARNING Skipping batch 452: At least one sample has <image> tokens not divisible by patch_size.
2026-04-27 04:14:39,180 WARNING Skipping batch 453: At least one sample has <image> tokens not divisible by patch_size.
2026-04-27 04:14:41,649 WARNING Skipping batch 454: At least one sample has <image> tokens not divisible by patch_size.
2026-04-27 04:14:43,877 WARNING Skipping batch 455: At least one sample has <image> tokens not divisible by patch_size.
2026-04-27 04:14:46,066 WARNING Skipping batch 456: At least one sample has <image> tokens not divisible by patch_size.
2026-04-27 04:14:48,611 WARNING Skipping batch 457: At least one sample has <image> tokens not divisible by patch_size.
2026-04-27 04:14:51,289 WARNING Skipping batch 458: At least one sample has <image> tokens not divisible by patch_size.
2026-04-27 04:14:53,615 WARNING Skipping batch 459: At least one sample has <image> tokens not divisible by patch_size.
2026-04-27 04:14:56,579 WARNING Skipping batch 460: At least one sample has <image> tokens not divisible by patch_size.
2026-04-27 04:14:59,495 WARNING Skipping batch 461: At least one sample has <image> tokens not divisible by patch_size.
2026-04-27 04:15:02,671 WARNING Skipping batch 462: At least one sample has <image> tokens not divisible by patch_size.
2026-04-27 04:15:06,371 WARNING Skipping batch 463: At least one sample has <image> tokens not divisible by patch_size.
2026-04-27 04:15:09,410 WARNING Skipping batch 464: At least one sample has <image> tokens not divisible by patch_size.
2026-04-27 04:15:11,804 WARNING Skipping batch 465: At least one sample has <image> tokens not divisible by patch_size.
2026-04-27 04:15:14,871 WARNING Skipping batch 466: At least one sample has <image> tokens not divisible by patch_size.
2026-04-27 04:15:17,724 WARNING Skipping batch 467: At least one sample has <image> tokens not divisible by patch_size.
2026-04-27 04:15:20,554 WARNING Skipping batch 468: At least one sample has <image> tokens not divisible by patch_size.
2026-04-27 04:15:23,203 WARNING Skipping batch 469: At least one sample has <image> tokens not divisible by patch_size.
2026-04-27 04:15:26,396 WARNING Skipping batch 470: At least one sample has <image> tokens not divisible by patch_size.
2026-04-27 04:15:29,545 WARNING Skipping batch 471: At least one sample has <image> tokens not divisible by patch_size.
2026-04-27 04:15:32,343 WARNING Skipping batch 472: At least one sample has <image> tokens not divisible by patch_size.
2026-04-27 04:15:35,020 WARNING Skipping batch 473: At least one sample has <image> tokens not divisible by patch_size.
2026-04-27 04:15:38,038 WARNING Skipping batch 474: At least one sample has <image> tokens not divisible by patch_size.
2026-04-27 04:15:42,018 WARNING Skipping batch 475: At least one sample has <image> tokens not divisible by patch_size.
2026-04-27 04:15:44,667 WARNING Skipping batch 476: At least one sample has <image> tokens not divisible by patch_size.
2026-04-27 04:15:47,232 WARNING Skipping batch 477: At least one sample has <image> tokens not divisible by patch_size.
2026-04-27 04:15:50,436 WARNING Skipping batch 478: At least one sample has <image> tokens not divisible by patch_size.
2026-04-27 04:15:52,648 WARNING Skipping batch 479: At least one sample has <image> tokens not divisible by patch_size.
2026-04-27 04:15:54,744 WARNING Skipping batch 480: At least one sample has <image> tokens not divisible by patch_size.
2026-04-27 04:15:57,656 WARNING Skipping batch 481: At least one sample has <image> tokens not divisible by patch_size.
2026-04-27 04:16:00,795 WARNING Skipping batch 482: At least one sample has <image> tokens not divisible by patch_size.
2026-04-27 04:16:03,595 WARNING Skipping batch 483: At least one sample has <image> tokens not divisible by patch_size.
2026-04-27 04:16:05,997 WARNING Skipping batch 484: At least one sample has <image> tokens not divisible by patch_size.
2026-04-27 04:16:08,332 WARNING Skipping batch 485: At least one sample has <image> tokens not divisible by patch_size.
2026-04-27 04:16:10,907 WARNING Skipping batch 486: At least one sample has <image> tokens not divisible by patch_size.
2026-04-27 04:16:13,035 WARNING Skipping batch 487: At least one sample has <image> tokens not divisible by patch_size.
2026-04-27 04:16:15,741 WARNING Skipping batch 488: At least one sample has <image> tokens not divisible by patch_size.
2026-04-27 04:16:17,776 WARNING Skipping batch 489: At least one sample has <image> tokens not divisible by patch_size.
2026-04-27 04:16:19,968 WARNING Skipping batch 490: At least one sample has <image> tokens not divisible by patch_size.
2026-04-27 04:16:23,418 WARNING Skipping batch 491: At least one sample has <image> tokens not divisible by patch_size.
2026-04-27 04:16:25,855 WARNING Skipping batch 492: At least one sample has <image> tokens not divisible by patch_size.
2026-04-27 04:16:27,997 WARNING Skipping batch 493: At least one sample has <image> tokens not divisible by patch_size.
2026-04-27 04:16:30,040 WARNING Skipping batch 494: At least one sample has <image> tokens not divisible by patch_size.
2026-04-27 04:16:32,264 WARNING Skipping batch 495: At least one sample has <image> tokens not divisible by patch_size.
2026-04-27 04:16:34,134 WARNING Skipping batch 496: At least one sample has <image> tokens not divisible by patch_size.
2026-04-27 04:16:36,184 WARNING Skipping batch 497: At least one sample has <image> tokens not divisible by patch_size.
2026-04-27 04:16:38,677 WARNING Skipping batch 498: At least one sample has <image> tokens not divisible by patch_size.
2026-04-27 04:16:40,581 WARNING Skipping batch 499: At least one sample has <image> tokens not divisible by patch_size.
2026-04-27 04:16:42,834 WARNING Skipping batch 500: At least one sample has <image> tokens not divisible by patch_size.
2026-04-27 04:16:45,003 WARNING Skipping batch 501: At least one sample has <image> tokens not divisible by patch_size.
2026-04-27 04:16:47,173 WARNING Skipping batch 502: At least one sample has <image> tokens not divisible by patch_size.
2026-04-27 04:16:49,416 WARNING Skipping batch 503: At least one sample has <image> tokens not divisible by patch_size.
2026-04-27 04:16:52,167 WARNING Skipping batch 504: At least one sample has <image> tokens not divisible by patch_size.
2026-04-27 04:16:54,300 WARNING Skipping batch 505: At least one sample has <image> tokens not divisible by patch_size.
2026-04-27 04:16:56,297 WARNING Skipping batch 506: At least one sample has <image> tokens not divisible by patch_size.
2026-04-27 04:16:58,292 WARNING Skipping batch 507: At least one sample has <image> tokens not divisible by patch_size.
2026-04-27 04:17:00,425 WARNING Skipping batch 508: At least one sample has <image> tokens not divisible by patch_size.
2026-04-27 04:17:02,695 WARNING Skipping batch 509: At least one sample has <image> tokens not divisible by patch_size.
2026-04-27 04:17:04,895 WARNING Skipping batch 510: At least one sample has <image> tokens not divisible by patch_size.
2026-04-27 04:17:07,080 WARNING Skipping batch 511: At least one sample has <image> tokens not divisible by patch_size.
2026-04-27 04:17:09,392 WARNING Skipping batch 512: At least one sample has <image> tokens not divisible by patch_size.
2026-04-27 04:17:11,692 WARNING Skipping batch 513: At least one sample has <image> tokens not divisible by patch_size.
2026-04-27 04:17:13,753 WARNING Skipping batch 514: At least one sample has <image> tokens not divisible by patch_size.
2026-04-27 04:17:16,365 WARNING Skipping batch 515: At least one sample has <image> tokens not divisible by patch_size.
2026-04-27 04:17:18,226 WARNING Skipping batch 516: At least one sample has <image> tokens not divisible by patch_size.
2026-04-27 04:17:20,246 WARNING Skipping batch 517: At least one sample has <image> tokens not divisible by patch_size.
2026-04-27 04:17:23,193 WARNING Skipping batch 518: At least one sample has <image> tokens not divisible by patch_size.
2026-04-27 04:17:25,841 WARNING Skipping batch 519: At least one sample has <image> tokens not divisible by patch_size.
2026-04-27 04:17:27,890 WARNING Skipping batch 520: At least one sample has <image> tokens not divisible by patch_size.
2026-04-27 04:17:29,675 WARNING Skipping batch 521: At least one sample has <image> tokens not divisible by patch_size.
2026-04-27 04:17:32,363 WARNING Skipping batch 522: At least one sample has <image> tokens not divisible by patch_size.
2026-04-27 04:17:34,473 WARNING Skipping batch 523: At least one sample has <image> tokens not divisible by patch_size.
2026-04-27 04:17:36,427 WARNING Skipping batch 524: At least one sample has <image> tokens not divisible by patch_size.
2026-04-27 04:17:37,937 WARNING Skipping batch 525: At least one sample has <image> tokens not divisible by patch_size.
2026-04-27 04:17:39,560 WARNING Skipping batch 526: At least one sample has <image> tokens not divisible by patch_size.
2026-04-27 04:17:41,805 WARNING Skipping batch 527: At least one sample has <image> tokens not divisible by patch_size.
2026-04-27 04:17:43,622 WARNING Skipping batch 528: At least one sample has <image> tokens not divisible by patch_size.
2026-04-27 04:17:45,947 WARNING Skipping batch 529: At least one sample has <image> tokens not divisible by patch_size.
2026-04-27 04:17:48,258 WARNING Skipping batch 530: At least one sample has <image> tokens not divisible by patch_size.
2026-04-27 04:17:50,207 WARNING Skipping batch 531: At least one sample has <image> tokens not divisible by patch_size.
2026-04-27 04:17:52,472 WARNING Skipping batch 532: At least one sample has <image> tokens not divisible by patch_size.
2026-04-27 04:17:54,530 WARNING Skipping batch 533: At least one sample has <image> tokens not divisible by patch_size.
2026-04-27 04:17:56,472 WARNING Skipping batch 534: At least one sample has <image> tokens not divisible by patch_size.
2026-04-27 04:17:58,632 WARNING Skipping batch 535: At least one sample has <image> tokens not divisible by patch_size.
2026-04-27 04:18:00,773 WARNING Skipping batch 536: At least one sample has <image> tokens not divisible by patch_size.
2026-04-27 04:18:02,750 WARNING Skipping batch 537: At least one sample has <image> tokens not divisible by patch_size.
2026-04-27 04:18:04,615 WARNING Skipping batch 538: At least one sample has <image> tokens not divisible by patch_size.
2026-04-27 04:18:07,217 WARNING Skipping batch 539: At least one sample has <image> tokens not divisible by patch_size.
2026-04-27 04:18:09,839 WARNING Skipping batch 540: At least one sample has <image> tokens not divisible by patch_size.
2026-04-27 04:18:12,346 WARNING Skipping batch 541: At least one sample has <image> tokens not divisible by patch_size.
bash: line 1: conda: command not found
/usershome/cs671_user2/p16_blv/run_dpo.sh: line 4: conda: command not found
/usershome/cs671_user2/p16_blv/run_dpo.sh: line 4: python: command not found
Skipping import of cpp extensions due to incompatible torch version. Please upgrade to torch >= 2.11.0 (found 2.10.0+cu128).
2026-04-27 04:22:01,717 INFO === DPO TRAINING START === 2026-04-27T04:22:01.717231
2026-04-27 04:22:01,717 INFO GPU: NVIDIA RTX A6000
2026-04-27 04:22:01,717 INFO VRAM total: 47.4 GB | free: 47.4 GB
2026-04-27 04:22:01,717 INFO Loading processor from SFT checkpoint...
2026-04-27 04:22:02,939 INFO Loading and formatting DPO pairs...
2026-04-27 04:22:03,162 INFO   train: processing 0/7008...
2026-04-27 04:22:03,176 INFO   train: processing 500/7008...
2026-04-27 04:22:03,189 INFO   train: processing 1000/7008...
2026-04-27 04:22:03,202 INFO   train: processing 1500/7008...
2026-04-27 04:22:03,216 INFO   train: processing 2000/7008...
2026-04-27 04:22:03,229 INFO   train: processing 2500/7008...
2026-04-27 04:22:03,241 INFO   train: processing 3000/7008...
2026-04-27 04:22:03,254 INFO   train: processing 3500/7008...
2026-04-27 04:22:03,268 INFO   train: processing 4000/7008...
2026-04-27 04:22:03,281 INFO   train: processing 4500/7008...
2026-04-27 04:22:03,294 INFO   train: processing 5000/7008...
2026-04-27 04:22:03,321 INFO   train: processing 5500/7008...
2026-04-27 04:22:03,393 INFO   train: processing 6000/7008...
2026-04-27 04:22:03,420 INFO   train: processing 6500/7008...
2026-04-27 04:22:03,445 INFO   train: processing 7000/7008...
2026-04-27 04:22:03,445 INFO   train: 7008 kept, 0 skipped
2026-04-27 04:22:03,445 INFO   val: processing 0/781...
2026-04-27 04:22:03,470 INFO   val: processing 500/781...
2026-04-27 04:22:03,478 INFO   val: 781 kept, 0 skipped
2026-04-27 04:22:03,542 INFO Train: 7008 | Val: 781
2026-04-27 04:22:03,542 INFO Loading policy model (SFT merged)...
2026-04-27 04:22:03,918 INFO HTTP Request: HEAD https://huggingface.co/HuggingFaceTB/SmolVLM2-500M-Video-Instruct/resolve/main/config.json "HTTP/1.1 307 Temporary Redirect"
Warning: You are sending unauthenticated requests to the HF Hub. Please set a HF_TOKEN to enable higher rate limits and faster downloads.
2026-04-27 04:22:03,919 WARNING Warning: You are sending unauthenticated requests to the HF Hub. Please set a HF_TOKEN to enable higher rate limits and faster downloads.
2026-04-27 04:22:03,969 INFO HTTP Request: HEAD https://huggingface.co/api/resolve-cache/models/HuggingFaceTB/SmolVLM2-500M-Video-Instruct/7b375e1b73b11138ff12fe22c8f2822d8fe03467/config.json "HTTP/1.1 200 OK"
2026-04-27 04:22:04,246 INFO HTTP Request: HEAD https://huggingface.co/HuggingFaceTB/SmolVLM2-500M-Video-Instruct/resolve/main/config.json "HTTP/1.1 307 Temporary Redirect"
2026-04-27 04:22:04,294 INFO HTTP Request: HEAD https://huggingface.co/api/resolve-cache/models/HuggingFaceTB/SmolVLM2-500M-Video-Instruct/7b375e1b73b11138ff12fe22c8f2822d8fe03467/config.json "HTTP/1.1 200 OK"
2026-04-27 04:22:04,625 INFO HTTP Request: HEAD https://huggingface.co/HuggingFaceTB/SmolVLM2-500M-Video-Instruct/resolve/main/model.safetensors "HTTP/1.1 302 Found"
Loading weights:   0%|          | 0/489 [00:00<?, ?it/s]Loading weights:  38%|███▊      | 184/489 [00:00<00:00, 1829.12it/s]Loading weights:  75%|███████▌  | 367/489 [00:00<00:00, 1704.31it/s]Loading weights: 100%|██████████| 489/489 [00:00<00:00, 1977.95it/s]
2026-04-27 04:22:06,843 INFO HTTP Request: HEAD https://huggingface.co/HuggingFaceTB/SmolVLM2-500M-Video-Instruct/resolve/main/generation_config.json "HTTP/1.1 307 Temporary Redirect"
2026-04-27 04:22:06,890 INFO HTTP Request: HEAD https://huggingface.co/api/resolve-cache/models/HuggingFaceTB/SmolVLM2-500M-Video-Instruct/7b375e1b73b11138ff12fe22c8f2822d8fe03467/generation_config.json "HTTP/1.1 200 OK"
2026-04-27 04:22:39,192 INFO Loading reference model (SFT merged, frozen)...
2026-04-27 04:22:39,687 INFO HTTP Request: HEAD https://huggingface.co/HuggingFaceTB/SmolVLM2-500M-Video-Instruct/resolve/main/config.json "HTTP/1.1 307 Temporary Redirect"
2026-04-27 04:22:39,735 INFO HTTP Request: HEAD https://huggingface.co/api/resolve-cache/models/HuggingFaceTB/SmolVLM2-500M-Video-Instruct/7b375e1b73b11138ff12fe22c8f2822d8fe03467/config.json "HTTP/1.1 200 OK"
2026-04-27 04:22:40,010 INFO HTTP Request: HEAD https://huggingface.co/HuggingFaceTB/SmolVLM2-500M-Video-Instruct/resolve/main/config.json "HTTP/1.1 307 Temporary Redirect"
2026-04-27 04:22:40,058 INFO HTTP Request: HEAD https://huggingface.co/api/resolve-cache/models/HuggingFaceTB/SmolVLM2-500M-Video-Instruct/7b375e1b73b11138ff12fe22c8f2822d8fe03467/config.json "HTTP/1.1 200 OK"
2026-04-27 04:22:40,337 INFO HTTP Request: HEAD https://huggingface.co/HuggingFaceTB/SmolVLM2-500M-Video-Instruct/resolve/main/model.safetensors "HTTP/1.1 302 Found"
Loading weights:   0%|          | 0/489 [00:00<?, ?it/s]Loading weights:  36%|███▌      | 176/489 [00:00<00:00, 1715.61it/s]Loading weights:  71%|███████   | 348/489 [00:00<00:00, 1416.13it/s]Loading weights: 100%|██████████| 489/489 [00:00<00:00, 1728.47it/s]
2026-04-27 04:22:41,645 INFO HTTP Request: HEAD https://huggingface.co/HuggingFaceTB/SmolVLM2-500M-Video-Instruct/resolve/main/generation_config.json "HTTP/1.1 307 Temporary Redirect"
2026-04-27 04:22:41,693 INFO HTTP Request: HEAD https://huggingface.co/api/resolve-cache/models/HuggingFaceTB/SmolVLM2-500M-Video-Instruct/7b375e1b73b11138ff12fe22c8f2822d8fe03467/generation_config.json "HTTP/1.1 200 OK"
/usershome/cs671_user2/miniconda3/lib/python3.13/site-packages/peft/tuners/tuners_utils.py:285: UserWarning: Already found a `peft_config` attribute in the model. This will lead to having multiple adapters in the model. Make sure to know what you are doing!
  warnings.warn(
2026-04-27 04:23:36,880 INFO Train batches: 7008 | Grad steps: 876
2026-04-27 04:23:36,881 INFO === STARTING DPO TRAINING ===
2026-04-27 04:31:10,909 INFO step=10/876  loss=5.5465  lr=2.00e-08
2026-04-27 04:39:13,933 INFO step=20/876  loss=5.5657  lr=4.00e-08
2026-04-27 04:47:12,379 INFO step=30/876  loss=5.6231  lr=6.00e-08
2026-04-27 04:52:09,662 WARNING Skipping: prompt length 4570 >= MAX_SEQ 4096
2026-04-27 04:54:11,254 INFO step=40/876  loss=5.5511  lr=8.00e-08
2026-04-27 05:01:08,936 INFO step=50/876  loss=5.5789  lr=1.00e-07
2026-04-27 05:08:17,071 INFO step=60/876  loss=5.3921  lr=1.00e-07
2026-04-27 05:15:12,737 INFO step=70/876  loss=5.5563  lr=9.99e-08
2026-04-27 05:22:04,264 INFO step=80/876  loss=5.4810  lr=9.97e-08
2026-04-27 05:24:40,472 WARNING Skipping: prompt length 4570 >= MAX_SEQ 4096
2026-04-27 05:29:11,412 INFO step=90/876  loss=5.4215  lr=9.94e-08
2026-04-27 05:33:32,425 WARNING Skipping: prompt length 4570 >= MAX_SEQ 4096
2026-04-27 05:36:14,280 INFO step=100/876  loss=5.5031  lr=9.91e-08
2026-04-27 05:43:12,939 INFO step=110/876  loss=5.3068  lr=9.87e-08
2026-04-27 05:47:17,020 WARNING Skipping: prompt length 4570 >= MAX_SEQ 4096
2026-04-27 05:50:48,096 INFO step=120/876  loss=5.9697  lr=9.82e-08
2026-04-27 05:57:43,167 INFO step=130/876  loss=5.3581  lr=9.77e-08
2026-04-27 05:59:00,374 WARNING Skipping: prompt length 4570 >= MAX_SEQ 4096
2026-04-27 06:03:11,045 WARNING Skipping: prompt length 4570 >= MAX_SEQ 4096
2026-04-27 06:05:13,596 INFO step=140/876  loss=5.7508  lr=9.71e-08
2026-04-27 06:12:02,745 INFO step=150/876  loss=5.3133  lr=9.64e-08
2026-04-27 06:19:07,155 INFO step=160/876  loss=5.4007  lr=9.57e-08
2026-04-27 06:19:59,414 WARNING Skipping: prompt length 4570 >= MAX_SEQ 4096
2026-04-27 06:26:06,146 INFO step=170/876  loss=5.3540  lr=9.49e-08
2026-04-27 06:33:14,232 INFO step=180/876  loss=5.2779  lr=9.40e-08
2026-04-27 06:41:04,803 INFO step=190/876  loss=5.3242  lr=9.31e-08
2026-04-27 06:44:48,631 WARNING Skipping: prompt length 4570 >= MAX_SEQ 4096
2026-04-27 06:49:06,831 INFO step=200/876  loss=5.5881  lr=9.21e-08
2026-04-27 06:52:13,140 WARNING Skipping: prompt length 4570 >= MAX_SEQ 4096
2026-04-27 06:52:28,679 WARNING Skipping: prompt length 4570 >= MAX_SEQ 4096
2026-04-27 06:56:24,066 WARNING Skipping: prompt length 4570 >= MAX_SEQ 4096
2026-04-27 07:08:36,586 WARNING Skipping: prompt length 4570 >= MAX_SEQ 4096
2026-04-27 07:11:14,167 WARNING Skipping: prompt length 4570 >= MAX_SEQ 4096
2026-04-27 07:14:26,112 WARNING Skipping: prompt length 4570 >= MAX_SEQ 4096
2026-04-27 07:29:43,406 WARNING Skipping: prompt length 4570 >= MAX_SEQ 4096
2026-04-27 07:30:13,694 INFO step=200  eval_loss=0.6507  best=inf
2026-04-27 07:30:14,120 INFO HTTP Request: HEAD https://huggingface.co/HuggingFaceTB/SmolVLM2-500M-Video-Instruct/resolve/main/config.json "HTTP/1.1 307 Temporary Redirect"
2026-04-27 07:30:14,148 INFO HTTP Request: HEAD https://huggingface.co/api/resolve-cache/models/HuggingFaceTB/SmolVLM2-500M-Video-Instruct/7b375e1b73b11138ff12fe22c8f2822d8fe03467/config.json "HTTP/1.1 200 OK"
2026-04-27 07:30:14,428 INFO HTTP Request: HEAD https://huggingface.co/HuggingFaceTB/SmolVLM2-500M-Video-Instruct/resolve/main/config.json "HTTP/1.1 307 Temporary Redirect"
2026-04-27 07:30:14,456 INFO HTTP Request: HEAD https://huggingface.co/api/resolve-cache/models/HuggingFaceTB/SmolVLM2-500M-Video-Instruct/7b375e1b73b11138ff12fe22c8f2822d8fe03467/config.json "HTTP/1.1 200 OK"
2026-04-27 07:30:14,869 INFO   -> new best saved
2026-04-27 07:30:15,186 INFO HTTP Request: HEAD https://huggingface.co/HuggingFaceTB/SmolVLM2-500M-Video-Instruct/resolve/main/config.json "HTTP/1.1 307 Temporary Redirect"
2026-04-27 07:30:15,213 INFO HTTP Request: HEAD https://huggingface.co/api/resolve-cache/models/HuggingFaceTB/SmolVLM2-500M-Video-Instruct/7b375e1b73b11138ff12fe22c8f2822d8fe03467/config.json "HTTP/1.1 200 OK"
2026-04-27 07:30:15,506 INFO HTTP Request: HEAD https://huggingface.co/HuggingFaceTB/SmolVLM2-500M-Video-Instruct/resolve/main/config.json "HTTP/1.1 307 Temporary Redirect"
2026-04-27 07:30:15,533 INFO HTTP Request: HEAD https://huggingface.co/api/resolve-cache/models/HuggingFaceTB/SmolVLM2-500M-Video-Instruct/7b375e1b73b11138ff12fe22c8f2822d8fe03467/config.json "HTTP/1.1 200 OK"
2026-04-27 07:30:16,057 INFO Checkpoint saved: models/student/dpo_v2_sft_v2/checkpoint-200
2026-04-27 07:34:42,124 WARNING Skipping: prompt length 4570 >= MAX_SEQ 4096
2026-04-27 07:35:15,074 WARNING Skipping: prompt length 4570 >= MAX_SEQ 4096
2026-04-27 07:37:35,699 INFO step=210/876  loss=5.1386  lr=9.10e-08
2026-04-27 07:45:50,689 INFO step=220/876  loss=5.1665  lr=8.99e-08
2026-04-27 08:07:29,317 INFO step=230/876  loss=5.1676  lr=8.87e-08
2026-04-27 08:10:06,899 WARNING Skipping: prompt length 4570 >= MAX_SEQ 4096
2026-04-27 08:28:27,122 INFO step=240/876  loss=4.8918  lr=8.75e-08
2026-04-27 08:46:49,605 INFO step=250/876  loss=5.0173  lr=8.62e-08
2026-04-27 08:49:57,411 WARNING Skipping: prompt length 4570 >= MAX_SEQ 4096
2026-04-27 08:57:33,878 WARNING Skipping: prompt length 4570 >= MAX_SEQ 4096
2026-04-27 09:06:17,386 WARNING Skipping: prompt length 4570 >= MAX_SEQ 4096
2026-04-27 09:06:35,132 INFO step=260/876  loss=4.7414  lr=8.49e-08
2026-04-27 09:18:49,805 WARNING Skipping: prompt length 4570 >= MAX_SEQ 4096
2026-04-27 09:27:23,349 INFO step=270/876  loss=4.8615  lr=8.35e-08
2026-04-27 09:27:31,967 WARNING Skipping: prompt length 4570 >= MAX_SEQ 4096
2026-04-27 09:46:55,169 INFO step=280/876  loss=4.7707  lr=8.21e-08
2026-04-27 10:06:12,940 INFO step=290/876  loss=5.0029  lr=8.06e-08
2026-04-27 10:26:50,313 INFO step=300/876  loss=4.6956  lr=7.90e-08
2026-04-27 10:40:02,219 WARNING Skipping: prompt length 4570 >= MAX_SEQ 4096
2026-04-27 10:44:12,217 WARNING Skipping: prompt length 4570 >= MAX_SEQ 4096
2026-04-27 10:45:12,745 INFO step=310/876  loss=4.7661  lr=7.75e-08
2026-04-27 11:02:22,886 INFO step=320/876  loss=4.7265  lr=7.59e-08
2026-04-27 11:06:38,288 WARNING Skipping: prompt length 4570 >= MAX_SEQ 4096
2026-04-27 11:22:24,294 INFO step=330/876  loss=4.7834  lr=7.42e-08
2026-04-27 11:39:29,705 WARNING Skipping: prompt length 4570 >= MAX_SEQ 4096
2026-04-27 11:41:04,768 INFO step=340/876  loss=4.5413  lr=7.25e-08
2026-04-27 11:49:03,709 WARNING Skipping: prompt length 4570 >= MAX_SEQ 4096
2026-04-27 12:00:13,736 INFO step=350/876  loss=5.0890  lr=7.08e-08
2026-04-27 12:18:41,610 INFO step=360/876  loss=4.7112  lr=6.91e-08
2026-04-27 12:33:59,283 WARNING Skipping: prompt length 4570 >= MAX_SEQ 4096
2026-04-27 12:37:40,690 INFO step=370/876  loss=4.5921  lr=6.73e-08
2026-04-27 12:44:05,290 WARNING Skipping: prompt length 4570 >= MAX_SEQ 4096
2026-04-27 12:47:20,640 WARNING Skipping: prompt length 4570 >= MAX_SEQ 4096
2026-04-27 12:57:54,657 INFO step=380/876  loss=4.8354  lr=6.55e-08
2026-04-27 13:14:03,380 INFO step=390/876  loss=4.4706  lr=6.37e-08
2026-04-27 13:33:30,790 INFO step=400/876  loss=4.4487  lr=6.19e-08
2026-04-27 13:42:01,051 WARNING Skipping: prompt length 4570 >= MAX_SEQ 4096
2026-04-27 13:42:39,546 WARNING Skipping: prompt length 4570 >= MAX_SEQ 4096
2026-04-27 13:53:09,183 WARNING Skipping: prompt length 4570 >= MAX_SEQ 4096
2026-04-27 14:24:38,289 WARNING Skipping: prompt length 4570 >= MAX_SEQ 4096
2026-04-27 14:33:10,059 WARNING Skipping: prompt length 4570 >= MAX_SEQ 4096
2026-04-27 14:43:26,013 WARNING Skipping: prompt length 4570 >= MAX_SEQ 4096
2026-04-27 15:25:17,131 WARNING Skipping: prompt length 4570 >= MAX_SEQ 4096
2026-04-27 15:27:01,237 INFO step=400  eval_loss=0.5635  best=0.6507
2026-04-27 15:27:01,952 INFO HTTP Request: HEAD https://huggingface.co/HuggingFaceTB/SmolVLM2-500M-Video-Instruct/resolve/main/config.json "HTTP/1.1 307 Temporary Redirect"
2026-04-27 15:27:02,005 INFO HTTP Request: HEAD https://huggingface.co/api/resolve-cache/models/HuggingFaceTB/SmolVLM2-500M-Video-Instruct/7b375e1b73b11138ff12fe22c8f2822d8fe03467/config.json "HTTP/1.1 200 OK"
2026-04-27 15:27:02,283 INFO HTTP Request: HEAD https://huggingface.co/HuggingFaceTB/SmolVLM2-500M-Video-Instruct/resolve/main/config.json "HTTP/1.1 307 Temporary Redirect"
2026-04-27 15:27:02,333 INFO HTTP Request: HEAD https://huggingface.co/api/resolve-cache/models/HuggingFaceTB/SmolVLM2-500M-Video-Instruct/7b375e1b73b11138ff12fe22c8f2822d8fe03467/config.json "HTTP/1.1 200 OK"
2026-04-27 15:27:04,446 INFO   -> new best saved
2026-04-27 15:27:04,981 INFO HTTP Request: HEAD https://huggingface.co/HuggingFaceTB/SmolVLM2-500M-Video-Instruct/resolve/main/config.json "HTTP/1.1 307 Temporary Redirect"
2026-04-27 15:27:05,037 INFO HTTP Request: HEAD https://huggingface.co/api/resolve-cache/models/HuggingFaceTB/SmolVLM2-500M-Video-Instruct/7b375e1b73b11138ff12fe22c8f2822d8fe03467/config.json "HTTP/1.1 200 OK"
2026-04-27 15:27:05,316 INFO HTTP Request: HEAD https://huggingface.co/HuggingFaceTB/SmolVLM2-500M-Video-Instruct/resolve/main/config.json "HTTP/1.1 307 Temporary Redirect"
2026-04-27 15:27:05,368 INFO HTTP Request: HEAD https://huggingface.co/api/resolve-cache/models/HuggingFaceTB/SmolVLM2-500M-Video-Instruct/7b375e1b73b11138ff12fe22c8f2822d8fe03467/config.json "HTTP/1.1 200 OK"
2026-04-27 15:27:07,409 INFO Checkpoint saved: models/student/dpo_v2_sft_v2/checkpoint-400
2026-04-27 15:46:52,608 INFO step=410/876  loss=4.4810  lr=6.00e-08
2026-04-27 15:55:13,812 WARNING Skipping: prompt length 4570 >= MAX_SEQ 4096
2026-04-27 16:06:18,198 INFO step=420/876  loss=5.0268  lr=5.81e-08
2026-04-27 16:18:37,628 WARNING Skipping: prompt length 4570 >= MAX_SEQ 4096
2026-04-27 16:23:22,924 INFO step=430/876  loss=4.2798  lr=5.63e-08
2026-04-27 16:39:02,896 WARNING Skipping: prompt length 4570 >= MAX_SEQ 4096
2026-04-27 16:46:22,347 INFO step=440/876  loss=4.3405  lr=5.44e-08
2026-04-27 17:04:28,774 INFO step=450/876  loss=4.4265  lr=5.25e-08
2026-04-27 17:22:51,132 INFO step=460/876  loss=4.2898  lr=5.06e-08
2026-04-27 17:41:25,889 INFO step=470/876  loss=4.0609  lr=4.87e-08
2026-04-27 18:02:38,349 INFO step=480/876  loss=4.2370  lr=4.68e-08
2026-04-27 18:23:05,711 INFO step=490/876  loss=4.3196  lr=4.49e-08
2026-04-27 18:30:32,606 WARNING Skipping: prompt length 4570 >= MAX_SEQ 4096
2026-04-27 18:39:45,148 INFO step=500/876  loss=4.1340  lr=4.30e-08
2026-04-27 18:59:54,278 INFO step=510/876  loss=4.3044  lr=4.11e-08
2026-04-27 19:22:01,170 INFO step=520/876  loss=4.0585  lr=3.92e-08
2026-04-27 19:44:03,692 INFO step=530/876  loss=4.3785  lr=3.74e-08
2026-04-27 19:54:37,932 WARNING Skipping: prompt length 4570 >= MAX_SEQ 4096
2026-04-27 20:05:58,074 INFO step=540/876  loss=4.6097  lr=3.56e-08
2026-04-27 20:20:48,485 INFO step=550/876  loss=4.0934  lr=3.38e-08
2026-04-27 20:20:52,250 WARNING Skipping: prompt length 4570 >= MAX_SEQ 4096
2026-04-27 20:22:26,239 WARNING Skipping: prompt length 4570 >= MAX_SEQ 4096
2026-04-27 20:31:13,343 INFO step=560/876  loss=3.8228  lr=3.20e-08
2026-04-27 20:38:52,045 INFO step=570/876  loss=4.0111  lr=3.02e-08
2026-04-27 20:46:31,097 INFO step=580/876  loss=3.9385  lr=2.85e-08
2026-04-27 20:54:27,185 INFO step=590/876  loss=4.0205  lr=2.68e-08
2026-04-27 21:03:45,193 INFO step=600/876  loss=4.0860  lr=2.51e-08
2026-04-27 21:10:12,746 WARNING Skipping: prompt length 4570 >= MAX_SEQ 4096
2026-04-27 21:10:43,222 WARNING Skipping: prompt length 4570 >= MAX_SEQ 4096
2026-04-27 21:17:39,822 WARNING Skipping: prompt length 4570 >= MAX_SEQ 4096
2026-04-27 21:36:34,447 WARNING Skipping: prompt length 4570 >= MAX_SEQ 4096
2026-04-27 21:40:12,240 WARNING Skipping: prompt length 4570 >= MAX_SEQ 4096
2026-04-27 21:44:35,043 WARNING Skipping: prompt length 4570 >= MAX_SEQ 4096
2026-04-27 22:08:34,231 WARNING Skipping: prompt length 4570 >= MAX_SEQ 4096
2026-04-27 22:09:24,871 INFO step=600  eval_loss=0.5110  best=0.5635
2026-04-27 22:09:25,338 INFO HTTP Request: HEAD https://huggingface.co/HuggingFaceTB/SmolVLM2-500M-Video-Instruct/resolve/main/config.json "HTTP/1.1 307 Temporary Redirect"
2026-04-27 22:09:25,366 INFO HTTP Request: HEAD https://huggingface.co/api/resolve-cache/models/HuggingFaceTB/SmolVLM2-500M-Video-Instruct/7b375e1b73b11138ff12fe22c8f2822d8fe03467/config.json "HTTP/1.1 200 OK"
2026-04-27 22:09:25,646 INFO HTTP Request: HEAD https://huggingface.co/HuggingFaceTB/SmolVLM2-500M-Video-Instruct/resolve/main/config.json "HTTP/1.1 307 Temporary Redirect"
2026-04-27 22:09:25,673 INFO HTTP Request: HEAD https://huggingface.co/api/resolve-cache/models/HuggingFaceTB/SmolVLM2-500M-Video-Instruct/7b375e1b73b11138ff12fe22c8f2822d8fe03467/config.json "HTTP/1.1 200 OK"
2026-04-27 22:09:26,212 INFO   -> new best saved
2026-04-27 22:09:26,576 INFO HTTP Request: HEAD https://huggingface.co/HuggingFaceTB/SmolVLM2-500M-Video-Instruct/resolve/main/config.json "HTTP/1.1 307 Temporary Redirect"
2026-04-27 22:09:26,603 INFO HTTP Request: HEAD https://huggingface.co/api/resolve-cache/models/HuggingFaceTB/SmolVLM2-500M-Video-Instruct/7b375e1b73b11138ff12fe22c8f2822d8fe03467/config.json "HTTP/1.1 200 OK"
2026-04-27 22:09:26,893 INFO HTTP Request: HEAD https://huggingface.co/HuggingFaceTB/SmolVLM2-500M-Video-Instruct/resolve/main/config.json "HTTP/1.1 307 Temporary Redirect"
2026-04-27 22:09:26,919 INFO HTTP Request: HEAD https://huggingface.co/api/resolve-cache/models/HuggingFaceTB/SmolVLM2-500M-Video-Instruct/7b375e1b73b11138ff12fe22c8f2822d8fe03467/config.json "HTTP/1.1 200 OK"
2026-04-27 22:09:27,316 INFO Checkpoint saved: models/student/dpo_v2_sft_v2/checkpoint-600
2026-04-27 22:11:58,617 WARNING Skipping: prompt length 4570 >= MAX_SEQ 4096
2026-04-27 22:17:06,474 WARNING Skipping: prompt length 4570 >= MAX_SEQ 4096
2026-04-27 22:22:01,317 INFO step=610/876  loss=4.1877  lr=2.35e-08
2026-04-27 22:31:34,104 INFO step=620/876  loss=4.1065  lr=2.19e-08
2026-04-27 22:41:07,508 INFO step=630/876  loss=3.9444  lr=2.03e-08
2026-04-27 22:43:03,956 WARNING Skipping: prompt length 4570 >= MAX_SEQ 4096
2026-04-27 22:50:44,394 INFO step=640/876  loss=3.9368  lr=1.88e-08
2026-04-27 23:00:24,194 INFO step=650/876  loss=4.0979  lr=1.74e-08
2026-04-27 23:10:03,518 INFO step=660/876  loss=4.0447  lr=1.59e-08
2026-04-27 23:20:47,632 INFO step=670/876  loss=3.9722  lr=1.46e-08
2026-04-27 23:23:41,471 WARNING Skipping: prompt length 4570 >= MAX_SEQ 4096
2026-04-27 23:34:03,808 INFO step=680/876  loss=3.8721  lr=1.33e-08
2026-04-27 23:43:48,141 INFO step=690/876  loss=4.0925  lr=1.20e-08
2026-04-27 23:47:58,997 WARNING Skipping: prompt length 4570 >= MAX_SEQ 4096
2026-04-27 23:53:45,412 INFO step=700/876  loss=3.6764  lr=1.08e-08
2026-04-28 00:03:47,024 INFO step=710/876  loss=3.9003  lr=9.64e-09
2026-04-28 00:13:35,343 INFO step=720/876  loss=3.8100  lr=8.55e-09
2026-04-28 00:23:27,113 INFO step=730/876  loss=3.9897  lr=7.51e-09
2026-04-28 00:26:26,872 WARNING Skipping: prompt length 4570 >= MAX_SEQ 4096
2026-04-28 00:33:15,032 INFO step=740/876  loss=3.9445  lr=6.54e-09
2026-04-28 00:42:55,461 WARNING Skipping: prompt length 4570 >= MAX_SEQ 4096
2026-04-28 00:43:10,836 INFO step=750/876  loss=3.8249  lr=5.63e-09
2026-04-28 00:53:09,233 INFO step=760/876  loss=4.0097  lr=4.79e-09
2026-04-28 01:03:06,072 INFO step=770/876  loss=3.7699  lr=4.01e-09
2026-04-28 01:13:22,631 INFO step=780/876  loss=3.9292  lr=3.30e-09
2026-04-28 01:22:13,467 WARNING Skipping: prompt length 4570 >= MAX_SEQ 4096
2026-04-28 01:22:56,194 INFO step=790/876  loss=3.8152  lr=2.65e-09
2026-04-28 01:32:41,429 INFO step=800/876  loss=3.8514  lr=2.07e-09
2026-04-28 01:36:37,035 WARNING Skipping: prompt length 4570 >= MAX_SEQ 4096
2026-04-28 01:36:55,520 WARNING Skipping: prompt length 4570 >= MAX_SEQ 4096
2026-04-28 01:41:51,693 WARNING Skipping: prompt length 4570 >= MAX_SEQ 4096
2026-04-28 01:56:43,124 WARNING Skipping: prompt length 4570 >= MAX_SEQ 4096
2026-04-28 01:59:51,138 WARNING Skipping: prompt length 4570 >= MAX_SEQ 4096
2026-04-28 02:03:44,730 WARNING Skipping: prompt length 4570 >= MAX_SEQ 4096
2026-04-28 02:24:05,646 WARNING Skipping: prompt length 4570 >= MAX_SEQ 4096
2026-04-28 02:24:47,309 INFO step=800  eval_loss=0.4917  best=0.5110
2026-04-28 02:24:47,853 INFO HTTP Request: HEAD https://huggingface.co/HuggingFaceTB/SmolVLM2-500M-Video-Instruct/resolve/main/config.json "HTTP/1.1 307 Temporary Redirect"
2026-04-28 02:24:47,876 INFO HTTP Request: HEAD https://huggingface.co/api/resolve-cache/models/HuggingFaceTB/SmolVLM2-500M-Video-Instruct/7b375e1b73b11138ff12fe22c8f2822d8fe03467/config.json "HTTP/1.1 200 OK"
2026-04-28 02:24:48,156 INFO HTTP Request: HEAD https://huggingface.co/HuggingFaceTB/SmolVLM2-500M-Video-Instruct/resolve/main/config.json "HTTP/1.1 307 Temporary Redirect"
2026-04-28 02:24:48,178 INFO HTTP Request: HEAD https://huggingface.co/api/resolve-cache/models/HuggingFaceTB/SmolVLM2-500M-Video-Instruct/7b375e1b73b11138ff12fe22c8f2822d8fe03467/config.json "HTTP/1.1 200 OK"
2026-04-28 02:24:48,752 INFO   -> new best saved
2026-04-28 02:24:49,059 INFO HTTP Request: HEAD https://huggingface.co/HuggingFaceTB/SmolVLM2-500M-Video-Instruct/resolve/main/config.json "HTTP/1.1 307 Temporary Redirect"
2026-04-28 02:24:49,082 INFO HTTP Request: HEAD https://huggingface.co/api/resolve-cache/models/HuggingFaceTB/SmolVLM2-500M-Video-Instruct/7b375e1b73b11138ff12fe22c8f2822d8fe03467/config.json "HTTP/1.1 200 OK"
2026-04-28 02:24:49,352 INFO HTTP Request: HEAD https://huggingface.co/HuggingFaceTB/SmolVLM2-500M-Video-Instruct/resolve/main/config.json "HTTP/1.1 307 Temporary Redirect"
2026-04-28 02:24:49,373 INFO HTTP Request: HEAD https://huggingface.co/api/resolve-cache/models/HuggingFaceTB/SmolVLM2-500M-Video-Instruct/7b375e1b73b11138ff12fe22c8f2822d8fe03467/config.json "HTTP/1.1 200 OK"
2026-04-28 02:24:50,695 INFO Checkpoint saved: models/student/dpo_v2_sft_v2/checkpoint-800
2026-04-28 02:34:58,567 INFO step=810/876  loss=3.7831  lr=1.57e-09
2026-04-28 02:43:02,939 WARNING Skipping: prompt length 4570 >= MAX_SEQ 4096
2026-04-28 02:46:03,227 INFO step=820/876  loss=4.2265  lr=1.13e-09
2026-04-28 02:48:18,363 WARNING Skipping: prompt length 4570 >= MAX_SEQ 4096
2026-04-28 02:51:56,270 WARNING Skipping: prompt length 4570 >= MAX_SEQ 4096
2026-04-28 02:55:42,975 INFO step=830/876  loss=3.7426  lr=7.63e-10
2026-04-28 02:59:17,834 WARNING Skipping: prompt length 4570 >= MAX_SEQ 4096
2026-04-28 03:05:26,878 INFO step=840/876  loss=3.9235  lr=4.68e-10
2026-04-28 03:15:19,377 INFO step=850/876  loss=3.9607  lr=2.44e-10
2026-04-28 03:24:09,223 WARNING Skipping: prompt length 4570 >= MAX_SEQ 4096
2026-04-28 03:26:07,365 INFO step=860/876  loss=4.2669  lr=9.26e-11
2026-04-28 03:29:00,416 WARNING Skipping: prompt length 4570 >= MAX_SEQ 4096
2026-04-28 03:32:01,132 INFO HTTP Request: HEAD https://huggingface.co/HuggingFaceTB/SmolVLM2-500M-Video-Instruct/resolve/main/config.json "HTTP/1.1 307 Temporary Redirect"
2026-04-28 03:32:01,180 INFO HTTP Request: HEAD https://huggingface.co/api/resolve-cache/models/HuggingFaceTB/SmolVLM2-500M-Video-Instruct/7b375e1b73b11138ff12fe22c8f2822d8fe03467/config.json "HTTP/1.1 200 OK"
2026-04-28 03:32:01,477 INFO HTTP Request: HEAD https://huggingface.co/HuggingFaceTB/SmolVLM2-500M-Video-Instruct/resolve/main/config.json "HTTP/1.1 307 Temporary Redirect"
2026-04-28 03:32:01,527 INFO HTTP Request: HEAD https://huggingface.co/api/resolve-cache/models/HuggingFaceTB/SmolVLM2-500M-Video-Instruct/7b375e1b73b11138ff12fe22c8f2822d8fe03467/config.json "HTTP/1.1 200 OK"
2026-04-28 03:32:02,074 INFO Final model saved. Best eval loss: 0.4917
2026-04-28 03:32:02,074 INFO === DPO TRAINING COMPLETE === 2026-04-28T03:32:02.074202
trainable params: 38,273,024 || all params: 545,755,328 || trainable%: 7.0129
