2026-03-29 12:43:40,587 [INFO] Loaded 9646 captions
2026-03-29 12:43:40,589 [INFO] After quality filter: 9646
2026-03-29 12:43:40,589 [INFO] Loading model (bf16, no quantization): HuggingFaceTB/SmolVLM2-500M-Video-Instruct
You have video processor config saved in `preprocessor.json` file which is deprecated. Video processor configs should be saved in their own `video_preprocessor.json` file. You can rename the file or load and save the processor back which renames it automatically. Loading from `preprocessor.json` will be removed in v5.0.
2026-03-29 12:43:47,397 [INFO] Trainable: 98,229,504 / 507,482,304 (19.4%)
2026-03-29 12:43:47,397 [INFO] Trainable modules:
2026-03-29 12:43:47,397 [INFO]   model.vision_model.embeddings.patch_embedding.weight: [768, 3, 16, 16]
2026-03-29 12:43:47,397 [INFO]   model.vision_model.embeddings.patch_embedding.bias: [768]
2026-03-29 12:43:47,397 [INFO]   model.vision_model.embeddings.position_embedding.weight: [1024, 768]
2026-03-29 12:43:47,397 [INFO]   model.vision_model.encoder.layers.0.self_attn.k_proj.weight: [768, 768]
2026-03-29 12:43:47,397 [INFO]   model.vision_model.encoder.layers.0.self_attn.k_proj.bias: [768]
2026-03-29 12:43:47,397 [INFO]   model.vision_model.encoder.layers.0.self_attn.v_proj.weight: [768, 768]
2026-03-29 12:43:47,397 [INFO]   model.vision_model.encoder.layers.0.self_attn.v_proj.bias: [768]
2026-03-29 12:43:47,397 [INFO]   model.vision_model.encoder.layers.0.self_attn.q_proj.weight: [768, 768]
2026-03-29 12:43:47,397 [INFO]   model.vision_model.encoder.layers.0.self_attn.q_proj.bias: [768]
2026-03-29 12:43:47,397 [INFO]   model.vision_model.encoder.layers.0.self_attn.out_proj.weight: [768, 768]
2026-03-29 12:43:47,397 [INFO]   model.vision_model.encoder.layers.0.self_attn.out_proj.bias: [768]
2026-03-29 12:43:47,397 [INFO]   model.vision_model.encoder.layers.0.layer_norm1.weight: [768]
2026-03-29 12:43:47,397 [INFO]   model.vision_model.encoder.layers.0.layer_norm1.bias: [768]
2026-03-29 12:43:47,397 [INFO]   model.vision_model.encoder.layers.0.mlp.fc1.weight: [3072, 768]
2026-03-29 12:43:47,397 [INFO]   model.vision_model.encoder.layers.0.mlp.fc1.bias: [3072]
2026-03-29 12:43:47,397 [INFO]   model.vision_model.encoder.layers.0.mlp.fc2.weight: [768, 3072]
2026-03-29 12:43:47,397 [INFO]   model.vision_model.encoder.layers.0.mlp.fc2.bias: [768]
2026-03-29 12:43:47,397 [INFO]   model.vision_model.encoder.layers.0.layer_norm2.weight: [768]
2026-03-29 12:43:47,397 [INFO]   model.vision_model.encoder.layers.0.layer_norm2.bias: [768]
2026-03-29 12:43:47,397 [INFO]   model.vision_model.encoder.layers.1.self_attn.k_proj.weight: [768, 768]
2026-03-29 12:43:47,397 [INFO]   model.vision_model.encoder.layers.1.self_attn.k_proj.bias: [768]
2026-03-29 12:43:47,397 [INFO]   model.vision_model.encoder.layers.1.self_attn.v_proj.weight: [768, 768]
2026-03-29 12:43:47,397 [INFO]   model.vision_model.encoder.layers.1.self_attn.v_proj.bias: [768]
2026-03-29 12:43:47,397 [INFO]   model.vision_model.encoder.layers.1.self_attn.q_proj.weight: [768, 768]
2026-03-29 12:43:47,397 [INFO]   model.vision_model.encoder.layers.1.self_attn.q_proj.bias: [768]
2026-03-29 12:43:47,397 [INFO]   model.vision_model.encoder.layers.1.self_attn.out_proj.weight: [768, 768]
2026-03-29 12:43:47,397 [INFO]   model.vision_model.encoder.layers.1.self_attn.out_proj.bias: [768]
2026-03-29 12:43:47,397 [INFO]   model.vision_model.encoder.layers.1.layer_norm1.weight: [768]
2026-03-29 12:43:47,397 [INFO]   model.vision_model.encoder.layers.1.layer_norm1.bias: [768]
2026-03-29 12:43:47,397 [INFO]   model.vision_model.encoder.layers.1.mlp.fc1.weight: [3072, 768]
2026-03-29 12:43:47,397 [INFO]   model.vision_model.encoder.layers.1.mlp.fc1.bias: [3072]
2026-03-29 12:43:47,398 [INFO]   model.vision_model.encoder.layers.1.mlp.fc2.weight: [768, 3072]
2026-03-29 12:43:47,398 [INFO]   model.vision_model.encoder.layers.1.mlp.fc2.bias: [768]
2026-03-29 12:43:47,398 [INFO]   model.vision_model.encoder.layers.1.layer_norm2.weight: [768]
2026-03-29 12:43:47,398 [INFO]   model.vision_model.encoder.layers.1.layer_norm2.bias: [768]
2026-03-29 12:43:47,398 [INFO]   model.vision_model.encoder.layers.2.self_attn.k_proj.weight: [768, 768]
2026-03-29 12:43:47,398 [INFO]   model.vision_model.encoder.layers.2.self_attn.k_proj.bias: [768]
2026-03-29 12:43:47,398 [INFO]   model.vision_model.encoder.layers.2.self_attn.v_proj.weight: [768, 768]
2026-03-29 12:43:47,398 [INFO]   model.vision_model.encoder.layers.2.self_attn.v_proj.bias: [768]
2026-03-29 12:43:47,398 [INFO]   model.vision_model.encoder.layers.2.self_attn.q_proj.weight: [768, 768]
2026-03-29 12:43:47,398 [INFO]   model.vision_model.encoder.layers.2.self_attn.q_proj.bias: [768]
2026-03-29 12:43:47,398 [INFO]   model.vision_model.encoder.layers.2.self_attn.out_proj.weight: [768, 768]
2026-03-29 12:43:47,398 [INFO]   model.vision_model.encoder.layers.2.self_attn.out_proj.bias: [768]
2026-03-29 12:43:47,398 [INFO]   model.vision_model.encoder.layers.2.layer_norm1.weight: [768]
2026-03-29 12:43:47,398 [INFO]   model.vision_model.encoder.layers.2.layer_norm1.bias: [768]
2026-03-29 12:43:47,398 [INFO]   model.vision_model.encoder.layers.2.mlp.fc1.weight: [3072, 768]
2026-03-29 12:43:47,398 [INFO]   model.vision_model.encoder.layers.2.mlp.fc1.bias: [3072]
2026-03-29 12:43:47,398 [INFO]   model.vision_model.encoder.layers.2.mlp.fc2.weight: [768, 3072]
2026-03-29 12:43:47,398 [INFO]   model.vision_model.encoder.layers.2.mlp.fc2.bias: [768]
2026-03-29 12:43:47,398 [INFO]   model.vision_model.encoder.layers.2.layer_norm2.weight: [768]
2026-03-29 12:43:47,398 [INFO]   model.vision_model.encoder.layers.2.layer_norm2.bias: [768]
2026-03-29 12:43:47,398 [INFO]   model.vision_model.encoder.layers.3.self_attn.k_proj.weight: [768, 768]
2026-03-29 12:43:47,398 [INFO]   model.vision_model.encoder.layers.3.self_attn.k_proj.bias: [768]
2026-03-29 12:43:47,398 [INFO]   model.vision_model.encoder.layers.3.self_attn.v_proj.weight: [768, 768]
2026-03-29 12:43:47,398 [INFO]   model.vision_model.encoder.layers.3.self_attn.v_proj.bias: [768]
2026-03-29 12:43:47,398 [INFO]   model.vision_model.encoder.layers.3.self_attn.q_proj.weight: [768, 768]
2026-03-29 12:43:47,398 [INFO]   model.vision_model.encoder.layers.3.self_attn.q_proj.bias: [768]
2026-03-29 12:43:47,398 [INFO]   model.vision_model.encoder.layers.3.self_attn.out_proj.weight: [768, 768]
2026-03-29 12:43:47,398 [INFO]   model.vision_model.encoder.layers.3.self_attn.out_proj.bias: [768]
2026-03-29 12:43:47,398 [INFO]   model.vision_model.encoder.layers.3.layer_norm1.weight: [768]
2026-03-29 12:43:47,398 [INFO]   model.vision_model.encoder.layers.3.layer_norm1.bias: [768]
2026-03-29 12:43:47,398 [INFO]   model.vision_model.encoder.layers.3.mlp.fc1.weight: [3072, 768]
2026-03-29 12:43:47,398 [INFO]   model.vision_model.encoder.layers.3.mlp.fc1.bias: [3072]
2026-03-29 12:43:47,398 [INFO]   model.vision_model.encoder.layers.3.mlp.fc2.weight: [768, 3072]
2026-03-29 12:43:47,398 [INFO]   model.vision_model.encoder.layers.3.mlp.fc2.bias: [768]
2026-03-29 12:43:47,398 [INFO]   model.vision_model.encoder.layers.3.layer_norm2.weight: [768]
2026-03-29 12:43:47,398 [INFO]   model.vision_model.encoder.layers.3.layer_norm2.bias: [768]
2026-03-29 12:43:47,398 [INFO]   model.vision_model.encoder.layers.4.self_attn.k_proj.weight: [768, 768]
2026-03-29 12:43:47,398 [INFO]   model.vision_model.encoder.layers.4.self_attn.k_proj.bias: [768]
2026-03-29 12:43:47,398 [INFO]   model.vision_model.encoder.layers.4.self_attn.v_proj.weight: [768, 768]
2026-03-29 12:43:47,398 [INFO]   model.vision_model.encoder.layers.4.self_attn.v_proj.bias: [768]
2026-03-29 12:43:47,398 [INFO]   model.vision_model.encoder.layers.4.self_attn.q_proj.weight: [768, 768]
2026-03-29 12:43:47,398 [INFO]   model.vision_model.encoder.layers.4.self_attn.q_proj.bias: [768]
2026-03-29 12:43:47,398 [INFO]   model.vision_model.encoder.layers.4.self_attn.out_proj.weight: [768, 768]
2026-03-29 12:43:47,398 [INFO]   model.vision_model.encoder.layers.4.self_attn.out_proj.bias: [768]
2026-03-29 12:43:47,398 [INFO]   model.vision_model.encoder.layers.4.layer_norm1.weight: [768]
2026-03-29 12:43:47,398 [INFO]   model.vision_model.encoder.layers.4.layer_norm1.bias: [768]
2026-03-29 12:43:47,398 [INFO]   model.vision_model.encoder.layers.4.mlp.fc1.weight: [3072, 768]
2026-03-29 12:43:47,398 [INFO]   model.vision_model.encoder.layers.4.mlp.fc1.bias: [3072]
2026-03-29 12:43:47,398 [INFO]   model.vision_model.encoder.layers.4.mlp.fc2.weight: [768, 3072]
2026-03-29 12:43:47,398 [INFO]   model.vision_model.encoder.layers.4.mlp.fc2.bias: [768]
2026-03-29 12:43:47,399 [INFO]   model.vision_model.encoder.layers.4.layer_norm2.weight: [768]
2026-03-29 12:43:47,399 [INFO]   model.vision_model.encoder.layers.4.layer_norm2.bias: [768]
2026-03-29 12:43:47,399 [INFO]   model.vision_model.encoder.layers.5.self_attn.k_proj.weight: [768, 768]
2026-03-29 12:43:47,399 [INFO]   model.vision_model.encoder.layers.5.self_attn.k_proj.bias: [768]
2026-03-29 12:43:47,399 [INFO]   model.vision_model.encoder.layers.5.self_attn.v_proj.weight: [768, 768]
2026-03-29 12:43:47,399 [INFO]   model.vision_model.encoder.layers.5.self_attn.v_proj.bias: [768]
2026-03-29 12:43:47,399 [INFO]   model.vision_model.encoder.layers.5.self_attn.q_proj.weight: [768, 768]
2026-03-29 12:43:47,399 [INFO]   model.vision_model.encoder.layers.5.self_attn.q_proj.bias: [768]
2026-03-29 12:43:47,399 [INFO]   model.vision_model.encoder.layers.5.self_attn.out_proj.weight: [768, 768]
2026-03-29 12:43:47,399 [INFO]   model.vision_model.encoder.layers.5.self_attn.out_proj.bias: [768]
2026-03-29 12:43:47,399 [INFO]   model.vision_model.encoder.layers.5.layer_norm1.weight: [768]
2026-03-29 12:43:47,399 [INFO]   model.vision_model.encoder.layers.5.layer_norm1.bias: [768]
2026-03-29 12:43:47,399 [INFO]   model.vision_model.encoder.layers.5.mlp.fc1.weight: [3072, 768]
2026-03-29 12:43:47,399 [INFO]   model.vision_model.encoder.layers.5.mlp.fc1.bias: [3072]
2026-03-29 12:43:47,399 [INFO]   model.vision_model.encoder.layers.5.mlp.fc2.weight: [768, 3072]
2026-03-29 12:43:47,399 [INFO]   model.vision_model.encoder.layers.5.mlp.fc2.bias: [768]
2026-03-29 12:43:47,399 [INFO]   model.vision_model.encoder.layers.5.layer_norm2.weight: [768]
2026-03-29 12:43:47,399 [INFO]   model.vision_model.encoder.layers.5.layer_norm2.bias: [768]
2026-03-29 12:43:47,399 [INFO]   model.vision_model.encoder.layers.6.self_attn.k_proj.weight: [768, 768]
2026-03-29 12:43:47,399 [INFO]   model.vision_model.encoder.layers.6.self_attn.k_proj.bias: [768]
2026-03-29 12:43:47,399 [INFO]   model.vision_model.encoder.layers.6.self_attn.v_proj.weight: [768, 768]
2026-03-29 12:43:47,399 [INFO]   model.vision_model.encoder.layers.6.self_attn.v_proj.bias: [768]
2026-03-29 12:43:47,399 [INFO]   model.vision_model.encoder.layers.6.self_attn.q_proj.weight: [768, 768]
2026-03-29 12:43:47,399 [INFO]   model.vision_model.encoder.layers.6.self_attn.q_proj.bias: [768]
2026-03-29 12:43:47,399 [INFO]   model.vision_model.encoder.layers.6.self_attn.out_proj.weight: [768, 768]
2026-03-29 12:43:47,399 [INFO]   model.vision_model.encoder.layers.6.self_attn.out_proj.bias: [768]
2026-03-29 12:43:47,399 [INFO]   model.vision_model.encoder.layers.6.layer_norm1.weight: [768]
2026-03-29 12:43:47,399 [INFO]   model.vision_model.encoder.layers.6.layer_norm1.bias: [768]
2026-03-29 12:43:47,399 [INFO]   model.vision_model.encoder.layers.6.mlp.fc1.weight: [3072, 768]
2026-03-29 12:43:47,399 [INFO]   model.vision_model.encoder.layers.6.mlp.fc1.bias: [3072]
2026-03-29 12:43:47,399 [INFO]   model.vision_model.encoder.layers.6.mlp.fc2.weight: [768, 3072]
2026-03-29 12:43:47,399 [INFO]   model.vision_model.encoder.layers.6.mlp.fc2.bias: [768]
2026-03-29 12:43:47,399 [INFO]   model.vision_model.encoder.layers.6.layer_norm2.weight: [768]
2026-03-29 12:43:47,399 [INFO]   model.vision_model.encoder.layers.6.layer_norm2.bias: [768]
2026-03-29 12:43:47,399 [INFO]   model.vision_model.encoder.layers.7.self_attn.k_proj.weight: [768, 768]
2026-03-29 12:43:47,399 [INFO]   model.vision_model.encoder.layers.7.self_attn.k_proj.bias: [768]
2026-03-29 12:43:47,399 [INFO]   model.vision_model.encoder.layers.7.self_attn.v_proj.weight: [768, 768]
2026-03-29 12:43:47,399 [INFO]   model.vision_model.encoder.layers.7.self_attn.v_proj.bias: [768]
2026-03-29 12:43:47,399 [INFO]   model.vision_model.encoder.layers.7.self_attn.q_proj.weight: [768, 768]
2026-03-29 12:43:47,399 [INFO]   model.vision_model.encoder.layers.7.self_attn.q_proj.bias: [768]
2026-03-29 12:43:47,399 [INFO]   model.vision_model.encoder.layers.7.self_attn.out_proj.weight: [768, 768]
2026-03-29 12:43:47,399 [INFO]   model.vision_model.encoder.layers.7.self_attn.out_proj.bias: [768]
2026-03-29 12:43:47,399 [INFO]   model.vision_model.encoder.layers.7.layer_norm1.weight: [768]
2026-03-29 12:43:47,399 [INFO]   model.vision_model.encoder.layers.7.layer_norm1.bias: [768]
2026-03-29 12:43:47,399 [INFO]   model.vision_model.encoder.layers.7.mlp.fc1.weight: [3072, 768]
2026-03-29 12:43:47,399 [INFO]   model.vision_model.encoder.layers.7.mlp.fc1.bias: [3072]
2026-03-29 12:43:47,399 [INFO]   model.vision_model.encoder.layers.7.mlp.fc2.weight: [768, 3072]
2026-03-29 12:43:47,399 [INFO]   model.vision_model.encoder.layers.7.mlp.fc2.bias: [768]
2026-03-29 12:43:47,399 [INFO]   model.vision_model.encoder.layers.7.layer_norm2.weight: [768]
2026-03-29 12:43:47,399 [INFO]   model.vision_model.encoder.layers.7.layer_norm2.bias: [768]
2026-03-29 12:43:47,399 [INFO]   model.vision_model.encoder.layers.8.self_attn.k_proj.weight: [768, 768]
2026-03-29 12:43:47,400 [INFO]   model.vision_model.encoder.layers.8.self_attn.k_proj.bias: [768]
2026-03-29 12:43:47,400 [INFO]   model.vision_model.encoder.layers.8.self_attn.v_proj.weight: [768, 768]
2026-03-29 12:43:47,400 [INFO]   model.vision_model.encoder.layers.8.self_attn.v_proj.bias: [768]
2026-03-29 12:43:47,400 [INFO]   model.vision_model.encoder.layers.8.self_attn.q_proj.weight: [768, 768]
2026-03-29 12:43:47,400 [INFO]   model.vision_model.encoder.layers.8.self_attn.q_proj.bias: [768]
2026-03-29 12:43:47,400 [INFO]   model.vision_model.encoder.layers.8.self_attn.out_proj.weight: [768, 768]
2026-03-29 12:43:47,400 [INFO]   model.vision_model.encoder.layers.8.self_attn.out_proj.bias: [768]
2026-03-29 12:43:47,400 [INFO]   model.vision_model.encoder.layers.8.layer_norm1.weight: [768]
2026-03-29 12:43:47,400 [INFO]   model.vision_model.encoder.layers.8.layer_norm1.bias: [768]
2026-03-29 12:43:47,400 [INFO]   model.vision_model.encoder.layers.8.mlp.fc1.weight: [3072, 768]
2026-03-29 12:43:47,400 [INFO]   model.vision_model.encoder.layers.8.mlp.fc1.bias: [3072]
2026-03-29 12:43:47,400 [INFO]   model.vision_model.encoder.layers.8.mlp.fc2.weight: [768, 3072]
2026-03-29 12:43:47,400 [INFO]   model.vision_model.encoder.layers.8.mlp.fc2.bias: [768]
2026-03-29 12:43:47,400 [INFO]   model.vision_model.encoder.layers.8.layer_norm2.weight: [768]
2026-03-29 12:43:47,400 [INFO]   model.vision_model.encoder.layers.8.layer_norm2.bias: [768]
2026-03-29 12:43:47,400 [INFO]   model.vision_model.encoder.layers.9.self_attn.k_proj.weight: [768, 768]
2026-03-29 12:43:47,400 [INFO]   model.vision_model.encoder.layers.9.self_attn.k_proj.bias: [768]
2026-03-29 12:43:47,400 [INFO]   model.vision_model.encoder.layers.9.self_attn.v_proj.weight: [768, 768]
2026-03-29 12:43:47,400 [INFO]   model.vision_model.encoder.layers.9.self_attn.v_proj.bias: [768]
2026-03-29 12:43:47,400 [INFO]   model.vision_model.encoder.layers.9.self_attn.q_proj.weight: [768, 768]
2026-03-29 12:43:47,400 [INFO]   model.vision_model.encoder.layers.9.self_attn.q_proj.bias: [768]
2026-03-29 12:43:47,400 [INFO]   model.vision_model.encoder.layers.9.self_attn.out_proj.weight: [768, 768]
2026-03-29 12:43:47,400 [INFO]   model.vision_model.encoder.layers.9.self_attn.out_proj.bias: [768]
2026-03-29 12:43:47,400 [INFO]   model.vision_model.encoder.layers.9.layer_norm1.weight: [768]
2026-03-29 12:43:47,400 [INFO]   model.vision_model.encoder.layers.9.layer_norm1.bias: [768]
2026-03-29 12:43:47,400 [INFO]   model.vision_model.encoder.layers.9.mlp.fc1.weight: [3072, 768]
2026-03-29 12:43:47,400 [INFO]   model.vision_model.encoder.layers.9.mlp.fc1.bias: [3072]
2026-03-29 12:43:47,400 [INFO]   model.vision_model.encoder.layers.9.mlp.fc2.weight: [768, 3072]
2026-03-29 12:43:47,400 [INFO]   model.vision_model.encoder.layers.9.mlp.fc2.bias: [768]
2026-03-29 12:43:47,400 [INFO]   model.vision_model.encoder.layers.9.layer_norm2.weight: [768]
2026-03-29 12:43:47,400 [INFO]   model.vision_model.encoder.layers.9.layer_norm2.bias: [768]
2026-03-29 12:43:47,400 [INFO]   model.vision_model.encoder.layers.10.self_attn.k_proj.weight: [768, 768]
2026-03-29 12:43:47,400 [INFO]   model.vision_model.encoder.layers.10.self_attn.k_proj.bias: [768]
2026-03-29 12:43:47,400 [INFO]   model.vision_model.encoder.layers.10.self_attn.v_proj.weight: [768, 768]
2026-03-29 12:43:47,400 [INFO]   model.vision_model.encoder.layers.10.self_attn.v_proj.bias: [768]
2026-03-29 12:43:47,400 [INFO]   model.vision_model.encoder.layers.10.self_attn.q_proj.weight: [768, 768]
2026-03-29 12:43:47,400 [INFO]   model.vision_model.encoder.layers.10.self_attn.q_proj.bias: [768]
2026-03-29 12:43:47,400 [INFO]   model.vision_model.encoder.layers.10.self_attn.out_proj.weight: [768, 768]
2026-03-29 12:43:47,400 [INFO]   model.vision_model.encoder.layers.10.self_attn.out_proj.bias: [768]
2026-03-29 12:43:47,400 [INFO]   model.vision_model.encoder.layers.10.layer_norm1.weight: [768]
2026-03-29 12:43:47,400 [INFO]   model.vision_model.encoder.layers.10.layer_norm1.bias: [768]
2026-03-29 12:43:47,400 [INFO]   model.vision_model.encoder.layers.10.mlp.fc1.weight: [3072, 768]
2026-03-29 12:43:47,400 [INFO]   model.vision_model.encoder.layers.10.mlp.fc1.bias: [3072]
2026-03-29 12:43:47,400 [INFO]   model.vision_model.encoder.layers.10.mlp.fc2.weight: [768, 3072]
2026-03-29 12:43:47,400 [INFO]   model.vision_model.encoder.layers.10.mlp.fc2.bias: [768]
2026-03-29 12:43:47,400 [INFO]   model.vision_model.encoder.layers.10.layer_norm2.weight: [768]
2026-03-29 12:43:47,400 [INFO]   model.vision_model.encoder.layers.10.layer_norm2.bias: [768]
2026-03-29 12:43:47,400 [INFO]   model.vision_model.encoder.layers.11.self_attn.k_proj.weight: [768, 768]
2026-03-29 12:43:47,400 [INFO]   model.vision_model.encoder.layers.11.self_attn.k_proj.bias: [768]
2026-03-29 12:43:47,400 [INFO]   model.vision_model.encoder.layers.11.self_attn.v_proj.weight: [768, 768]
2026-03-29 12:43:47,401 [INFO]   model.vision_model.encoder.layers.11.self_attn.v_proj.bias: [768]
2026-03-29 12:43:47,401 [INFO]   model.vision_model.encoder.layers.11.self_attn.q_proj.weight: [768, 768]
2026-03-29 12:43:47,401 [INFO]   model.vision_model.encoder.layers.11.self_attn.q_proj.bias: [768]
2026-03-29 12:43:47,401 [INFO]   model.vision_model.encoder.layers.11.self_attn.out_proj.weight: [768, 768]
2026-03-29 12:43:47,401 [INFO]   model.vision_model.encoder.layers.11.self_attn.out_proj.bias: [768]
2026-03-29 12:43:47,401 [INFO]   model.vision_model.encoder.layers.11.layer_norm1.weight: [768]
2026-03-29 12:43:47,401 [INFO]   model.vision_model.encoder.layers.11.layer_norm1.bias: [768]
2026-03-29 12:43:47,401 [INFO]   model.vision_model.encoder.layers.11.mlp.fc1.weight: [3072, 768]
2026-03-29 12:43:47,401 [INFO]   model.vision_model.encoder.layers.11.mlp.fc1.bias: [3072]
2026-03-29 12:43:47,401 [INFO]   model.vision_model.encoder.layers.11.mlp.fc2.weight: [768, 3072]
2026-03-29 12:43:47,401 [INFO]   model.vision_model.encoder.layers.11.mlp.fc2.bias: [768]
2026-03-29 12:43:47,401 [INFO]   model.vision_model.encoder.layers.11.layer_norm2.weight: [768]
2026-03-29 12:43:47,401 [INFO]   model.vision_model.encoder.layers.11.layer_norm2.bias: [768]
2026-03-29 12:43:47,401 [INFO]   model.vision_model.post_layernorm.weight: [768]
2026-03-29 12:43:47,401 [INFO]   model.vision_model.post_layernorm.bias: [768]
2026-03-29 12:43:47,401 [INFO]   model.connector.modality_projection.proj.weight: [960, 12288]
2026-03-29 12:43:47,401 [INFO] Train samples: 50 | Val samples: 200
2026-03-29 12:43:47,534 [INFO] Starting Stage 1 training (vision encoder + projector)...
  0%|          | 0/4 [00:00<?, ?it/s]`loss_type=None` was set in the config but it is unrecognised.Using the default loss: `ForCausalLMLoss`.
 25%|██▌       | 1/4 [00:42<02:06, 42.15s/it] 50%|█████     | 2/4 [01:01<00:57, 28.55s/it] 75%|███████▌  | 3/4 [01:20<00:24, 24.22s/it]100%|██████████| 4/4 [01:22<00:00, 15.62s/it]                                             100%|██████████| 4/4 [01:24<00:00, 15.62s/it]100%|██████████| 4/4 [01:24<00:00, 21.23s/it]
2026-03-29 12:45:12,679 [INFO] Saving model to models/student/sft_stage1_smoketest
2026-03-29 12:45:14,463 [INFO] Stage 1 complete.
{'train_runtime': 84.9269, 'train_samples_per_second': 0.589, 'train_steps_per_second': 0.047, 'train_loss': 2.4215006828308105, 'epoch': 1.0}
