Skipping import of cpp extensions due to incompatible torch version. Please upgrade to torch >= 2.11.0 (found 2.10.0+cu128).
======================================================================
SFT_PATCH_GRPO — ZERO-SHOT FIXED — 5 videos
Model              : models/student/sft_patch_grpo
Videos             : ['46GP8', 'N11GT', '0IH69', 'IA2O6', 'PFOD8']
GPU                : CUDA_VISIBLE_DEVICES=2 (visible as cuda:0)
repetition_penalty : 1.3
max_new_tokens     : 150
======================================================================

Loading model ...
Warning: You are sending unauthenticated requests to the HF Hub. Please set a HF_TOKEN to enable higher rate limits and faster downloads.
Loading weights:   0%|          | 0/489 [00:00<?, ?it/s]Loading weights:  40%|███▉      | 194/489 [00:00<00:00, 1928.23it/s]Loading weights:  93%|█████████▎| 455/489 [00:00<00:00, 2313.19it/s]Loading weights: 100%|██████████| 489/489 [00:00<00:00, 2319.67it/s]
Model ready.


--------------------------------------------------
VIDEO: 46GP8
--------------------------------------------------
[GEMMA REF]
  Kitchen environment; CAUTION, wet floor approximately 1 meter ahead. A person in a white and navy hoodie and tan pants moves from center to left, reaching toward a stove approximately 1 meter ahead. A white refrigerator stands approximately 2 meters ahead. A blue metal frame is approximately 2 meters to your right.

[SFT_PATCH_GRPO — zero-shot fixed]
  Kitchen, cautionary; no hazards present. Person wearing white hoodie with black sleeves moving towards stove area. White cabinets ahead. Window to right showing blue light inside room. No immediate danger or obstruction near individuals.

--------------------------------------------------
VIDEO: N11GT
--------------------------------------------------
[GEMMA REF]
  Indoor hallway with steps ahead; CAUTION, steps begin approximately 1 meter ahead. A person in a pink top and black skirt stands approximately 2 meters ahead, moving toward the left. A handrail is approximately 1 meter to your left. Walls are on both the left and right sides.

[SFT_PATCH_GRPO — zero-shot fixed]
  Indoor hallway, no hazards; center of focus on individual moving down steps with hand gesture. Person wearing pink shirt and dark skirt reaching out towards door frame. No immediate danger present.

--------------------------------------------------
VIDEO: 0IH69
--------------------------------------------------
[GEMMA REF]
  Indoor room, no immediate hazards. A man in a red shirt and tan shorts stands approximately 2 meters ahead, moving right. A plastic chair is 1 meter to your left. A shelving unit is 2 meters ahead, and a wooden table with a television is 2 meters ahead to the right.

[SFT_PATCH_GRPO — zero-shot fixed]
  Indoor room; no immediate hazards present. A man stands near shelves with various items, including boxes labeled "BAGS" and another box that reads "COFFEE." He wears a red t-shirt adorned with white text and khaki shorts. The walls are light blue, and there's some clutter on the floor. In front of him sits a wooden desk topped with papers and other objects. On top of it hangs a framed picture. To his right, hanging clothes can be seen against the wall. There is minimal lighting throughout due to natural or artificial sources off-camera. No specific actions suggest danger.

--------------------------------------------------
VIDEO: IA2O6
--------------------------------------------------
[GEMMA REF]
  Kitchen environment; CAUTION, moving people 1 meter ahead. A person in a blue shirt and black pants moves right, carrying a purple vacuum canister 1 meter ahead. A person in a grey shirt and blue jeans stands 1 meter ahead, facing a pantry. A stove with a red cloth is 1 meter to your right.

[SFT_PATCH_GRPO — zero-shot fixed]
  Kitchen; Cautionary; Open shelving unit with various items inside, red cabinets visible behind shelves; Person wearing gray shirt reaching towards purple container on shelf; Two individuals moving around kitchen area; One individual holding blue towel near refrigerator door; Another person assisting while standing nearby.

--------------------------------------------------
VIDEO: PFOD8
--------------------------------------------------
[GEMMA REF]
  Kitchen environment; CAUTION, wet floor approximately 1 meter ahead. A man in a grey shirt and black pants stands 1 meter ahead, facing left. He pours liquid from a pot into a cup at the counter. Wooden cabinets are 1 meter to the left and 2 meters ahead.

[SFT_PATCH_GRPO — zero-shot fixed]
  Kitchen; Cautionary; Open space with no hazards beyond arm's length; Person wearing gray shirt, black pants moving towards sink area; Moving closer to countertop where red towel hangs on rack above cabinetry.

======================================================================
Saved → outputs/raw_captions_sft_patch_fixed.json
=== DONE ===
