2026-04-20 10:24:12,528 [INFO] ============================================================
2026-04-20 10:24:12,528 [INFO] 08_sft_single_stage.py  --  Single-stage SFT from base HF weights
2026-04-20 10:24:12,528 [INFO]   GPU=2 | epochs=1 | max_samples=50
2026-04-20 10:24:12,528 [INFO] ============================================================
2026-04-20 10:24:12,572 [INFO] Loaded 9646 captions from all_captions_gemma.json
2026-04-20 10:24:12,574 [INFO] After quality filter (len>30): 9577
2026-04-20 10:24:12,576 [INFO] Train: 45 | Val: 5
2026-04-20 10:24:12,576 [INFO] per_device_bs=8 | grad_accum=2 | effective_bs=16
2026-04-20 10:24:12,576 [INFO] steps/epoch=3 | total_steps=3
2026-04-20 10:24:12,576 [INFO] TRANSITION_STEP=1  (25% of 3 total steps)
2026-04-20 10:24:12,576 [INFO]   Phase 1 (vision+connector only):          steps 0 -> 1
2026-04-20 10:24:12,576 [INFO]   Phase 2 (all trainable, vision LR=5e-6):  steps 1 -> 3
2026-04-20 10:24:12,576 [INFO] Loading base model (bf16, no quantization): HuggingFaceTB/SmolVLM2-500M-Video-Instruct
2026-04-20 10:24:12,576 [INFO] HF cache: /usershome/cs671_user2/p16_blv/models/.hf_cache
2026-04-20 10:24:21,318 [INFO] Base model loaded.
2026-04-20 10:24:23,190 [INFO] Starting training...
2026-04-20 10:24:23,386 [INFO] Optimizer: AdamW | vision_lr=1e-05 | connector_lr=1e-05 | lora_lr=2e-05
2026-04-20 10:24:23,452 [INFO] === PHASE 1: vision + connector trainable, LoRA FROZEN ===
2026-04-20 10:24:23,453 [INFO]   steps 0 -> 1
2026-04-20 10:24:23,453 [INFO]   vision_model trainable: 86,433,024
2026-04-20 10:24:23,453 [INFO]   connector trainable:    11,796,480
2026-04-20 10:24:23,453 [INFO]   LoRA trainable:         0  (FROZEN)
2026-04-20 10:24:23,453 [INFO]   TOTAL trainable:        98,229,504
2026-04-20 10:26:36,364 [INFO] ============================================================
2026-04-20 10:26:36,364 [INFO] 08_sft_single_stage.py  --  Single-stage SFT from base HF weights
2026-04-20 10:26:36,364 [INFO]   GPU=2 | epochs=1 | max_samples=50
2026-04-20 10:26:36,364 [INFO] ============================================================
2026-04-20 10:26:36,411 [INFO] Loaded 9646 captions from all_captions_gemma.json
2026-04-20 10:26:36,413 [INFO] After quality filter (len>30): 9577
2026-04-20 10:26:36,415 [INFO] Train: 45 | Val: 5
2026-04-20 10:26:36,415 [INFO] per_device_bs=8 | grad_accum=2 | effective_bs=16
2026-04-20 10:26:36,415 [INFO] steps/epoch=3 | total_steps=3
2026-04-20 10:26:36,415 [INFO] TRANSITION_STEP=1  (25% of 3 total steps)
2026-04-20 10:26:36,415 [INFO]   Phase 1 (vision+connector only):          steps 0 -> 1
2026-04-20 10:26:36,415 [INFO]   Phase 2 (all trainable, vision LR=5e-6):  steps 1 -> 3
2026-04-20 10:26:36,415 [INFO] Loading base model (bf16, no quantization): HuggingFaceTB/SmolVLM2-500M-Video-Instruct
2026-04-20 10:26:36,415 [INFO] HF cache: /usershome/cs671_user2/p16_blv/models/.hf_cache
2026-04-20 10:26:47,480 [INFO] Base model loaded.
2026-04-20 10:26:49,349 [INFO] Starting training...
2026-04-20 10:26:49,562 [INFO] Optimizer: AdamW | vision_lr=1e-05 | connector_lr=1e-05 | lora_lr=2e-05
2026-04-20 10:26:49,634 [INFO] === PHASE 1: vision + connector trainable, LoRA FROZEN ===
2026-04-20 10:26:49,636 [INFO]   steps 0 -> 1
2026-04-20 10:26:49,636 [INFO]   vision_model trainable: 86,433,024
2026-04-20 10:26:49,636 [INFO]   connector trainable:    11,796,480
2026-04-20 10:26:49,636 [INFO]   LoRA trainable:         0  (FROZEN)
2026-04-20 10:26:49,636 [INFO]   TOTAL trainable:        98,229,504
2026-04-20 10:27:44,362 [INFO] === STEP 1: PHASE 2 BEGINS ===
2026-04-20 10:27:44,363 [INFO]   LoRA UNFROZEN: 38,273,024 params now trainable
2026-04-20 10:27:44,363 [INFO]   vision LR reduced to 5e-6
2026-04-20 10:27:44,363 [INFO]   TOTAL trainable now: 136,502,528
2026-04-20 10:28:41,435 [INFO] Checkpoint renamed: checkpoint-3 -> checkpoint-epoch1
2026-04-20 10:28:42,785 [INFO] Best model saved to: /usershome/cs671_user2/p16_blv/models/student/sft_single_stage_smoketest/best
2026-04-20 10:28:42,785 [INFO] Training complete.
2026-04-20 10:31:39,336 [INFO] ============================================================
2026-04-20 10:31:39,336 [INFO] 08_sft_single_stage.py  --  Single-stage SFT from base HF weights
2026-04-20 10:31:39,336 [INFO]   GPU=2 | epochs=4 | max_samples=9646
2026-04-20 10:31:39,336 [INFO] ============================================================
2026-04-20 10:31:39,379 [INFO] Loaded 9646 captions from all_captions_gemma.json
2026-04-20 10:31:39,381 [INFO] After quality filter (len>30): 9577
2026-04-20 10:31:39,381 [INFO] Train: 8619 | Val: 958
2026-04-20 10:31:39,381 [INFO] per_device_bs=8 | grad_accum=2 | effective_bs=16
2026-04-20 10:31:39,381 [INFO] steps/epoch=539 | total_steps=2156
2026-04-20 10:31:39,381 [INFO] TRANSITION_STEP=539  (25% of 2156 total steps)
2026-04-20 10:31:39,381 [INFO]   Phase 1 (vision+connector only):          steps 0 -> 539
2026-04-20 10:31:39,381 [INFO]   Phase 2 (all trainable, vision LR=5e-6):  steps 539 -> 2156
2026-04-20 10:31:39,381 [INFO] Loading base model (bf16, no quantization): HuggingFaceTB/SmolVLM2-500M-Video-Instruct
2026-04-20 10:31:39,381 [INFO] HF cache: /usershome/cs671_user2/p16_blv/models/.hf_cache
2026-04-20 10:31:46,768 [INFO] Base model loaded.
2026-04-20 10:31:48,585 [INFO] Starting training...
2026-04-20 10:31:48,787 [INFO] Optimizer: AdamW | vision_lr=1e-05 | connector_lr=1e-05 | lora_lr=2e-05
2026-04-20 10:31:48,853 [INFO] === PHASE 1: vision + connector trainable, LoRA FROZEN ===
2026-04-20 10:31:48,854 [INFO]   steps 0 -> 539
2026-04-20 10:31:48,855 [INFO]   vision_model trainable: 86,433,024
2026-04-20 10:31:48,855 [INFO]   connector trainable:    11,796,480
2026-04-20 10:31:48,855 [INFO]   LoRA trainable:         0  (FROZEN)
2026-04-20 10:31:48,855 [INFO]   TOTAL trainable:        98,229,504
2026-04-20 14:08:22,819 [INFO] === STEP 539: PHASE 2 BEGINS ===
2026-04-20 14:08:22,819 [INFO]   LoRA UNFROZEN: 38,273,024 params now trainable
2026-04-20 14:08:22,819 [INFO]   vision LR reduced to 5e-6
2026-04-20 14:08:22,820 [INFO]   TOTAL trainable now: 136,502,528
2026-04-20 14:23:17,056 [INFO] Checkpoint renamed: checkpoint-539 -> checkpoint-epoch1
2026-04-20 18:34:01,146 [INFO] Checkpoint renamed: checkpoint-1078 -> checkpoint-epoch2
2026-04-20 22:49:21,003 [INFO] Checkpoint renamed: checkpoint-1617 -> checkpoint-epoch3
2026-04-21 02:48:48,801 [INFO] Checkpoint renamed: checkpoint-2156 -> checkpoint-epoch4
2026-04-21 02:48:50,058 [INFO] Best model saved to: /usershome/cs671_user2/p16_blv/models/student/sft_single_stage/best
2026-04-21 02:48:50,058 [INFO] Training complete.
