Target video IDs: ['6AHBW', 'C5KNM', 'I6AZD', '10INO', 'E3UFX', 'H3LUW', '34IUI', 'CVX9F', '6FYKZ', 'ZLRFB']
Loading processor + base model ...
Applying LoRA from /usershome/cs671_user2/p16_blv/models/student/sft_patch_grpo_v2 ...
Ready.
============================================================
[1/10] 6AHBW
  The image captures an indoor setting, likely in a home or small office. Dominating the frame is a red wall that serves as both backdrop and boundary. A wooden table sits at its center, with two chairs positioned nearby - one occupied by someone seated on it while another person stands to their right side. The floor beneath them appears carpeted but lacks any discernible pattern. 

On the left side of the room hangs a framed picture featuring what seems like a man's face against a blurred background. This adds context to the space without detracting from its primary focus. On the opposite end lies

[2/10] C5KNM
  This image captures an indoor setting, likely within a home or small office. The focal point is a person who appears to be moving through the space from left to right. They are dressed in black clothing and wear what seems like a cap on their head. Their posture suggests they might be walking purposefully towards something off-camera. 

The room itself has warm tones with wooden accents visible throughout. A white door frame can be seen leading into another area of the house. On either side of the doorway, there's artwork hanging that adds some color to the otherwise neutral palette. Above these artworks hangs two

[3/10] I6AZD
  This image captures an intimate moment in what appears to be a bedroom setting. The central figure is a person, dressed casually and wearing black pants that drape over their legs as they lie down on the floor of a room with blue walls. They are lying face-down, suggesting relaxation or contemplation. Their arms rest gently at their sides, indicating comfort but not necessarily engagement. A pair of feet can also be seen resting near them, possibly belonging to another individual who has joined the scene momentarily. 

In front of the reclining occupant lies a small table covered partially by some papers or books

[4/10] 10INO
  This image depicts an indoor setting, likely within a home or small office. The room is well-lit with natural light coming from the left side of the frame and artificial lighting in areas such as windows on either side that are not visible due to their distance from the camera lens. 

In front of us stands a round wooden table which serves both functional purposes (for placing items) and decorative elements like what appears to be cups placed nearby. A chair positioned near it has red cushions covering its seat. Adjacent to the table sits another similar chair, also covered by red fabric. On

[5/10] E3UFX
  The image captures an indoor setting, likely in a home or small office. Dominating the frame is a person dressed in blue clothing standing near what appears to be a table with various items on it. To their left stands another individual who seems out of focus and not as prominent within the composition. A window can also be seen through which light streams into the room from outside. On one side of the space hangs a framed picture that adds depth to the environment. There's no discernible text present in the image. 

The lighting suggests daytime based on shadows cast by objects around them. No distinct

[6/10] H3LUW
  This image depicts an indoor setting, likely in a home or office. The central focus is on a person seated at a wooden desk with black armrests and positioned centrally within the frame. They are dressed casually in a white top and dark pants. 

On their lap rests what appears to be a laptop computer open to its display screen. A glass of water sits nearby, suggesting that refreshment might have been recently consumed by the individual. In front of them lies some papers which could indicate notes taken during work sessions. There's also a small object possibly belonging to someone else near the bottom left

[7/10] 34IUI
  This image captures an intimate moment of relaxation in what appears to be a bedroom. The central figure is a person, lying on their side with one arm draped over the edge and the other resting gently against them. They are dressed casually; a dark shirt provides some formality but does not detract from the overall relaxed atmosphere. Their hair falls naturally around their face as they rest peacefully. 

The bed beneath them is covered in light blue sheets that add warmth to the room's ambiance. A black blanket lies neatly at the foot of the bed, completing the cozy setting. In front of

[8/10] CVX9F
  This image depicts an indoor kitchen setting. The room is well-lit, with natural light coming from above and the ceiling providing additional illumination. 

In the center of the space are wooden cabinets mounted on the wall. These cabinets have doors that can be opened to reveal storage spaces within them. Above these cabinetry hangs what appears to be some sort of decorative or informational board. A white countertop occupies most of the area in front of the cabinets. On top of it rests several items including two small appliances (possibly cooktops), one blue container likely containing water, another possibly holding utensils, and

[9/10] 6FYKZ
  This image captures an indoor setting, likely within a home or small office. The focal point is a person who appears to be engaged in some activity near the center of the frame. 

The individual has long hair and wears a black top with straps that extend over their shoulders. They also have multiple pieces of patterned clothing on them; one piece features white flowers while another displays pink designs. Their attire suggests they might belong to a casual fashion group.

In front of the subject stands what seems like a yellow broomstick handlebar positioned upright against the wall behind her. This object adds a touch

[10/10] ZLRFB
  The image depicts an indoor setting, likely in a home or small office. In the center of the frame is a person who appears to be standing and facing away from us towards what seems like another room with light coming through windows on one side. This individual has short hair that falls just above their shoulders. They are wearing a dark-colored t-shirt. 

In front of them lies some clothing items which appear to have been recently washed. There's also part of a black garment visible near where they stand. A white doorframe can be seen behind them, suggesting it might lead outside if

============================================================
FINAL OUTPUT — 10 VIDEOS (simple prompt)
============================================================

VIDEO ID : 6AHBW
CAPTION  : The image captures an indoor setting, likely in a home or small office. Dominating the frame is a red wall that serves as both backdrop and boundary. A wooden table sits at its center, with two chairs positioned nearby - one occupied by someone seated on it while another person stands to their right side. The floor beneath them appears carpeted but lacks any discernible pattern. 

On the left side of the room hangs a framed picture featuring what seems like a man's face against a blurred background. This adds context to the space without detracting from its primary focus. On the opposite end lies

VIDEO ID : C5KNM
CAPTION  : This image captures an indoor setting, likely within a home or small office. The focal point is a person who appears to be moving through the space from left to right. They are dressed in black clothing and wear what seems like a cap on their head. Their posture suggests they might be walking purposefully towards something off-camera. 

The room itself has warm tones with wooden accents visible throughout. A white door frame can be seen leading into another area of the house. On either side of the doorway, there's artwork hanging that adds some color to the otherwise neutral palette. Above these artworks hangs two

VIDEO ID : I6AZD
CAPTION  : This image captures an intimate moment in what appears to be a bedroom setting. The central figure is a person, dressed casually and wearing black pants that drape over their legs as they lie down on the floor of a room with blue walls. They are lying face-down, suggesting relaxation or contemplation. Their arms rest gently at their sides, indicating comfort but not necessarily engagement. A pair of feet can also be seen resting near them, possibly belonging to another individual who has joined the scene momentarily. 

In front of the reclining occupant lies a small table covered partially by some papers or books

VIDEO ID : 10INO
CAPTION  : This image depicts an indoor setting, likely within a home or small office. The room is well-lit with natural light coming from the left side of the frame and artificial lighting in areas such as windows on either side that are not visible due to their distance from the camera lens. 

In front of us stands a round wooden table which serves both functional purposes (for placing items) and decorative elements like what appears to be cups placed nearby. A chair positioned near it has red cushions covering its seat. Adjacent to the table sits another similar chair, also covered by red fabric. On

VIDEO ID : E3UFX
CAPTION  : The image captures an indoor setting, likely in a home or small office. Dominating the frame is a person dressed in blue clothing standing near what appears to be a table with various items on it. To their left stands another individual who seems out of focus and not as prominent within the composition. A window can also be seen through which light streams into the room from outside. On one side of the space hangs a framed picture that adds depth to the environment. There's no discernible text present in the image. 

The lighting suggests daytime based on shadows cast by objects around them. No distinct

VIDEO ID : H3LUW
CAPTION  : This image depicts an indoor setting, likely in a home or office. The central focus is on a person seated at a wooden desk with black armrests and positioned centrally within the frame. They are dressed casually in a white top and dark pants. 

On their lap rests what appears to be a laptop computer open to its display screen. A glass of water sits nearby, suggesting that refreshment might have been recently consumed by the individual. In front of them lies some papers which could indicate notes taken during work sessions. There's also a small object possibly belonging to someone else near the bottom left

VIDEO ID : 34IUI
CAPTION  : This image captures an intimate moment of relaxation in what appears to be a bedroom. The central figure is a person, lying on their side with one arm draped over the edge and the other resting gently against them. They are dressed casually; a dark shirt provides some formality but does not detract from the overall relaxed atmosphere. Their hair falls naturally around their face as they rest peacefully. 

The bed beneath them is covered in light blue sheets that add warmth to the room's ambiance. A black blanket lies neatly at the foot of the bed, completing the cozy setting. In front of

VIDEO ID : CVX9F
CAPTION  : This image depicts an indoor kitchen setting. The room is well-lit, with natural light coming from above and the ceiling providing additional illumination. 

In the center of the space are wooden cabinets mounted on the wall. These cabinets have doors that can be opened to reveal storage spaces within them. Above these cabinetry hangs what appears to be some sort of decorative or informational board. A white countertop occupies most of the area in front of the cabinets. On top of it rests several items including two small appliances (possibly cooktops), one blue container likely containing water, another possibly holding utensils, and

VIDEO ID : 6FYKZ
CAPTION  : This image captures an indoor setting, likely within a home or small office. The focal point is a person who appears to be engaged in some activity near the center of the frame. 

The individual has long hair and wears a black top with straps that extend over their shoulders. They also have multiple pieces of patterned clothing on them; one piece features white flowers while another displays pink designs. Their attire suggests they might belong to a casual fashion group.

In front of the subject stands what seems like a yellow broomstick handlebar positioned upright against the wall behind her. This object adds a touch

VIDEO ID : ZLRFB
CAPTION  : The image depicts an indoor setting, likely in a home or small office. In the center of the frame is a person who appears to be standing and facing away from us towards what seems like another room with light coming through windows on one side. This individual has short hair that falls just above their shoulders. They are wearing a dark-colored t-shirt. 

In front of them lies some clothing items which appear to have been recently washed. There's also part of a black garment visible near where they stand. A white doorframe can be seen behind them, suggesting it might lead outside if

Saved 10 results -> /usershome/cs671_user2/p16_blv/outputs/ten_video_eval_simpleprompt.json
Warning: You are sending unauthenticated requests to the HF Hub. Please set a HF_TOKEN to enable higher rate limits and faster downloads.

Loading weights:   0%|          | 0/489 [00:00<?, ?it/s]
Loading weights:  21%|██        | 101/489 [00:00<00:00, 948.72it/s]
Loading weights:  61%|██████▏   | 300/489 [00:00<00:00, 1544.29it/s]
Loading weights: 100%|██████████| 489/489 [00:00<00:00, 1874.03it/s]
Kwargs passed to `processor.__call__` have to be in `processor_kwargs` dict, not in `**kwargs`
Kwargs passed to `processor.__call__` have to be in `processor_kwargs` dict, not in `**kwargs`
Kwargs passed to `processor.__call__` have to be in `processor_kwargs` dict, not in `**kwargs`
Kwargs passed to `processor.__call__` have to be in `processor_kwargs` dict, not in `**kwargs`
Kwargs passed to `processor.__call__` have to be in `processor_kwargs` dict, not in `**kwargs`
Kwargs passed to `processor.__call__` have to be in `processor_kwargs` dict, not in `**kwargs`
Kwargs passed to `processor.__call__` have to be in `processor_kwargs` dict, not in `**kwargs`
Kwargs passed to `processor.__call__` have to be in `processor_kwargs` dict, not in `**kwargs`
Kwargs passed to `processor.__call__` have to be in `processor_kwargs` dict, not in `**kwargs`
Kwargs passed to `processor.__call__` have to be in `processor_kwargs` dict, not in `**kwargs`
EXIT:0
