Loading manifest ...
  7985 entries
Loading processor + base model ...
Applying LoRA from /usershome/cs671_user2/p16_blv/models/student/sft_patch_grpo_v2 ...
Ready.
============================================================
[1/10] 6AHBW  (4 frames)
  Living room; red wall; poster of "Thinking about a Guinness?" in white font on the wall; wooden table with glassware; chair; framed pictures on wall; ceiling fan; window with blinds; bookshelf; door; carpeted floor. Person seated at table; standing woman; dining area; empty chairs; table; lamp; cupboard; bookshelf; mirror; wall decorations; window blinds; ceiling fan. Person moves around; stands up; bends down; walks towards table; sits at table; gestures while talking; holds cloth; moves to edge of table; runs across room; stands near table; bends down; walks away from table; stands near table; moves closer to camera; bends down; walks forward; reaches out; bends back; stands still; moves forward; bends down; walks forward; bends down; stands up; moves forward; bends down; walks forward; bends down; stands up; moves forward; bends down; walks forward; bends down

[2/10] C5KNM  (4 frames)
  Indoor hallway; no hazards visible. Person in black shirt walking towards camera. White door ahead. No hazards visible. Person turns right. No hazards visible. Person moves forward. No hazards visible. Person turns left. No hazards visible. Person moves forward. No hazards visible. Person turns right. No hazards visible. Person moves forward. No hazards visible. Person turns left. No hazards visible. Person moves forward. No hazards visible. Person turns right. No hazards visible. Person moves forward. No hazards visible. Person turns left. No hazards visible. Person moves forward. No hazards visible. Person turns right. No hazards visible. Person moves forward. No hazards visible. Person turns left. No hazards visible. Person moves forward. No hazards visible. Person turns right. No hazards visible. Person moves forward. No hazards visible. Person turns left. No hazards visible. Person moves forward. No hazards visible. Person turns right. No hazards visible. Person moves forward. No hazards visible

[3/10] I6AZD  (4 frames)
  Indoor room; no hazards visible. Person lying on beige couch with black pants. Head turned to face camera. No discernible text or objects in image.

[4/10] 10INO  (4 frames)
  Indoor room; no hazards present. Person seated at round wooden table with newspaper. Chair red. Wooden door with intricate carvings. White wall. No immediate danger. Person moves towards door. Medium distance to door. No immediate danger. Person stands near door. Medium distance to door. No immediate danger. Person moves closer to door. Medium distance to door. No immediate danger. Person moves closer to door. Medium distance to door. No immediate danger. Person moves closer to door. Medium distance to door. No immediate danger. Person moves closer to door. Medium distance to door. No immediate danger. Person moves closer to door. Medium distance to door. No immediate danger. Person moves closer to door. Medium distance to door. No immediate danger. Person moves closer to door. Medium distance to door. No immediate danger. Person moves closer to door. Medium distance to door. No immediate danger. Person moves closer to door. Medium distance to door. No immediate danger. Person moves closer

[5/10] E3UFX  (4 frames)
  Living room; no hazards present. Person in blue shirt stands near table with fruit bowl. Room has light-colored walls and framed picture on wall. No visible hazards. Person turns to face camera. Room is dimly lit. Person moves away from table towards door. Room is darkened. Person turns to look at camera. Room is dimly lit. Person turns to face camera. Room is dimly lit. Person turns to face camera. Room is dimly lit. Person turns to face camera. Room is dimly lit. Person turns to face camera. Room is dimly lit. Person turns to face camera. Room is dimly lit. Person turns to face camera. Room is dimly lit. Person turns to face camera. Room is dimly lit. Person turns to face camera. Room is dimly lit. Person turns to face camera. Room is dimly lit. Person turns to face camera. Room is dimly lit. Person turns to face camera. Room is

[6/10] H3LUW  (4 frames)
  Indoor room; no hazards. White chair to right. Black office chair to left. Office desk with laptop, glass, papers, mouse. Clothing hanging on rack. Tiled floor. No immediate danger. Person seated at desk.

[7/10] 34IUI  (4 frames)
  Bed; lying down; grey shirt; head resting on pillow; light blue blanket; hair; no visible hazards; no immediate danger; no signs of distress or injury; no discernible movements; no significant changes in position; no apparent disturbance to the bed; no other objects present; no indication of movement or activity; no specific actions or movements; no identifiable individuals; no discernible text or labels; no clear view of surroundings; no indication of occupancy or occupancy level; no evidence of personal belongings or items; no potential for tripping or falling; no signs of discomfort or distress; no indication of recent activity or movement; no apparent alteration in the environment; no change in lighting or ambient conditions; no visible shadows or reflections; no distinct features or textures; no discernible patterns or shapes; no clear outlines or boundaries; no discernible facial expressions or body language; no auditory descriptions; no audible cues; no visual information; no indication of occupancy or occupancy level; no evidence of personal belongings

[8/10] CVX9F  (4 frames)
  Kitchen; no hazards present. Person moves around kitchen area. No hazards present. Person moves around kitchen area. No hazards present. Person moves around kitchen area. No hazards present. Person moves around kitchen area. No hazards present. Person moves around kitchen area. No hazards present. Person moves around kitchen area. No hazards present. Person moves around kitchen area. No hazards present. Person moves around kitchen area. No hazards present. Person moves around kitchen area. No hazards present. Person moves around kitchen area. No hazards present. Person moves around kitchen area. No hazards present. Person moves around kitchen area. No hazards present. Person moves around kitchen area. No hazards present. Person moves around kitchen area. No hazards present. Person moves around kitchen area. No hazards present. Person moves around kitchen area. No hazards present. Person moves around kitchen area. No hazards present. Person moves around kitchen area. No hazards present. Person moves around kitchen area. No hazards present. Person moves around

[9/10] 6FYKZ  (4 frames)
  Indoor bathroom; no hazards present. Person moves from doorway to washing machine area. No hazards present. Person moves away from washing machine towards door. No hazards present. Person moves away from washing machine towards closet. No hazards present. Person moves away from closet towards sink area. No hazards present. Person moves away from sink area towards toilet area. No hazards present. Person moves away from toilet area towards wall. No hazards present. Person moves away from wall towards floor. No hazards present. Person moves away from floor towards ceiling. No hazards present. Person moves away from ceiling towards wall. No hazards present. Person moves away from wall towards floor. No hazards present. Person moves away from floor towards ceiling. No hazards present. Person moves away from ceiling towards wall. No hazards present. Person moves away from wall towards floor. No hazards present. Person moves away from floor towards ceiling. No hazards present. Person moves away from ceiling towards wall. No hazards present. Person moves away from wall

[10/10] ZLRFB  (4 frames)
  Indoor room; no hazards present. Person stands near door, facing away from camera. Person turns to face camera. Person moves forward slightly. Person bends over table. Person walks towards chair. Person sits on floor. Person stands near window. Person moves closer to window. Person moves closer to wall. Person moves closer to desk. Person moves closer to television. Person moves closer to bed. Person moves closer to white dresser. Person moves closer to black chair. Person moves closer to TV screen. Person moves closer to window. Person moves closer to wall. Person moves closer to desk. Person moves closer to bed. Person moves closer to TV screen. Person moves closer to window. Person moves closer to wall. Person moves closer to desk. Person moves closer to TV screen. Person moves closer to window. Person moves closer to wall. Person moves closer to desk. Person moves closer to TV screen. Person moves closer to window. Person moves closer to wall. Person moves closer to desk.

============================================================
FINAL OUTPUT
============================================================

VIDEO ID : 6AHBW
CAPTION  : Living room; red wall; poster of "Thinking about a Guinness?" in white font on the wall; wooden table with glassware; chair; framed pictures on wall; ceiling fan; window with blinds; bookshelf; door; carpeted floor. Person seated at table; standing woman; dining area; empty chairs; table; lamp; cupboard; bookshelf; mirror; wall decorations; window blinds; ceiling fan. Person moves around; stands up; bends down; walks towards table; sits at table; gestures while talking; holds cloth; moves to edge of table; runs across room; stands near table; bends down; walks away from table; stands near table; moves closer to camera; bends down; walks forward; reaches out; bends back; stands still; moves forward; bends down; walks forward; bends down; stands up; moves forward; bends down; walks forward; bends down; stands up; moves forward; bends down; walks forward; bends down

VIDEO ID : C5KNM
CAPTION  : Indoor hallway; no hazards visible. Person in black shirt walking towards camera. White door ahead. No hazards visible. Person turns right. No hazards visible. Person moves forward. No hazards visible. Person turns left. No hazards visible. Person moves forward. No hazards visible. Person turns right. No hazards visible. Person moves forward. No hazards visible. Person turns left. No hazards visible. Person moves forward. No hazards visible. Person turns right. No hazards visible. Person moves forward. No hazards visible. Person turns left. No hazards visible. Person moves forward. No hazards visible. Person turns right. No hazards visible. Person moves forward. No hazards visible. Person turns left. No hazards visible. Person moves forward. No hazards visible. Person turns right. No hazards visible. Person moves forward. No hazards visible. Person turns left. No hazards visible. Person moves forward. No hazards visible. Person turns right. No hazards visible. Person moves forward. No hazards visible

VIDEO ID : I6AZD
CAPTION  : Indoor room; no hazards visible. Person lying on beige couch with black pants. Head turned to face camera. No discernible text or objects in image.

VIDEO ID : 10INO
CAPTION  : Indoor room; no hazards present. Person seated at round wooden table with newspaper. Chair red. Wooden door with intricate carvings. White wall. No immediate danger. Person moves towards door. Medium distance to door. No immediate danger. Person stands near door. Medium distance to door. No immediate danger. Person moves closer to door. Medium distance to door. No immediate danger. Person moves closer to door. Medium distance to door. No immediate danger. Person moves closer to door. Medium distance to door. No immediate danger. Person moves closer to door. Medium distance to door. No immediate danger. Person moves closer to door. Medium distance to door. No immediate danger. Person moves closer to door. Medium distance to door. No immediate danger. Person moves closer to door. Medium distance to door. No immediate danger. Person moves closer to door. Medium distance to door. No immediate danger. Person moves closer to door. Medium distance to door. No immediate danger. Person moves closer

VIDEO ID : E3UFX
CAPTION  : Living room; no hazards present. Person in blue shirt stands near table with fruit bowl. Room has light-colored walls and framed picture on wall. No visible hazards. Person turns to face camera. Room is dimly lit. Person moves away from table towards door. Room is darkened. Person turns to look at camera. Room is dimly lit. Person turns to face camera. Room is dimly lit. Person turns to face camera. Room is dimly lit. Person turns to face camera. Room is dimly lit. Person turns to face camera. Room is dimly lit. Person turns to face camera. Room is dimly lit. Person turns to face camera. Room is dimly lit. Person turns to face camera. Room is dimly lit. Person turns to face camera. Room is dimly lit. Person turns to face camera. Room is dimly lit. Person turns to face camera. Room is dimly lit. Person turns to face camera. Room is

VIDEO ID : H3LUW
CAPTION  : Indoor room; no hazards. White chair to right. Black office chair to left. Office desk with laptop, glass, papers, mouse. Clothing hanging on rack. Tiled floor. No immediate danger. Person seated at desk.

VIDEO ID : 34IUI
CAPTION  : Bed; lying down; grey shirt; head resting on pillow; light blue blanket; hair; no visible hazards; no immediate danger; no signs of distress or injury; no discernible movements; no significant changes in position; no apparent disturbance to the bed; no other objects present; no indication of movement or activity; no specific actions or movements; no identifiable individuals; no discernible text or labels; no clear view of surroundings; no indication of occupancy or occupancy level; no evidence of personal belongings or items; no potential for tripping or falling; no signs of discomfort or distress; no indication of recent activity or movement; no apparent alteration in the environment; no change in lighting or ambient conditions; no visible shadows or reflections; no distinct features or textures; no discernible patterns or shapes; no clear outlines or boundaries; no discernible facial expressions or body language; no auditory descriptions; no audible cues; no visual information; no indication of occupancy or occupancy level; no evidence of personal belongings

VIDEO ID : CVX9F
CAPTION  : Kitchen; no hazards present. Person moves around kitchen area. No hazards present. Person moves around kitchen area. No hazards present. Person moves around kitchen area. No hazards present. Person moves around kitchen area. No hazards present. Person moves around kitchen area. No hazards present. Person moves around kitchen area. No hazards present. Person moves around kitchen area. No hazards present. Person moves around kitchen area. No hazards present. Person moves around kitchen area. No hazards present. Person moves around kitchen area. No hazards present. Person moves around kitchen area. No hazards present. Person moves around kitchen area. No hazards present. Person moves around kitchen area. No hazards present. Person moves around kitchen area. No hazards present. Person moves around kitchen area. No hazards present. Person moves around kitchen area. No hazards present. Person moves around kitchen area. No hazards present. Person moves around kitchen area. No hazards present. Person moves around kitchen area. No hazards present. Person moves around

VIDEO ID : 6FYKZ
CAPTION  : Indoor bathroom; no hazards present. Person moves from doorway to washing machine area. No hazards present. Person moves away from washing machine towards door. No hazards present. Person moves away from washing machine towards closet. No hazards present. Person moves away from closet towards sink area. No hazards present. Person moves away from sink area towards toilet area. No hazards present. Person moves away from toilet area towards wall. No hazards present. Person moves away from wall towards floor. No hazards present. Person moves away from floor towards ceiling. No hazards present. Person moves away from ceiling towards wall. No hazards present. Person moves away from wall towards floor. No hazards present. Person moves away from floor towards ceiling. No hazards present. Person moves away from ceiling towards wall. No hazards present. Person moves away from wall towards floor. No hazards present. Person moves away from floor towards ceiling. No hazards present. Person moves away from ceiling towards wall. No hazards present. Person moves away from wall

VIDEO ID : ZLRFB
CAPTION  : Indoor room; no hazards present. Person stands near door, facing away from camera. Person turns to face camera. Person moves forward slightly. Person bends over table. Person walks towards chair. Person sits on floor. Person stands near window. Person moves closer to window. Person moves closer to wall. Person moves closer to desk. Person moves closer to television. Person moves closer to bed. Person moves closer to white dresser. Person moves closer to black chair. Person moves closer to TV screen. Person moves closer to window. Person moves closer to wall. Person moves closer to desk. Person moves closer to bed. Person moves closer to TV screen. Person moves closer to window. Person moves closer to wall. Person moves closer to desk. Person moves closer to TV screen. Person moves closer to window. Person moves closer to wall. Person moves closer to desk. Person moves closer to TV screen. Person moves closer to window. Person moves closer to wall. Person moves closer to desk.

Saved 10 results → /usershome/cs671_user2/p16_blv/outputs/ten_video_eval.json
Warning: You are sending unauthenticated requests to the HF Hub. Please set a HF_TOKEN to enable higher rate limits and faster downloads.

Loading weights:   0%|          | 0/489 [00:00<?, ?it/s]
Loading weights:   0%|          | 1/489 [00:00<02:21,  3.46it/s]
Loading weights:   6%|▋         | 31/489 [00:00<00:04, 100.68it/s]
Loading weights:  11%|█▏        | 56/489 [00:00<00:03, 143.00it/s]
Loading weights:  16%|█▌        | 77/489 [00:00<00:02, 162.28it/s]
Loading weights:  21%|██        | 101/489 [00:00<00:02, 180.60it/s]
Loading weights:  25%|██▌       | 123/489 [00:00<00:01, 185.92it/s]
Loading weights:  31%|███       | 150/489 [00:00<00:01, 205.33it/s]
Loading weights:  35%|███▌      | 172/489 [00:01<00:01, 206.84it/s]
Loading weights:  40%|███▉      | 195/489 [00:01<00:01, 212.48it/s]
Loading weights:  45%|████▍     | 218/489 [00:01<00:01, 209.76it/s]
Loading weights:  49%|████▉     | 240/489 [00:01<00:01, 206.73it/s]
Loading weights:  54%|█████▍    | 263/489 [00:01<00:01, 205.10it/s]
Loading weights:  58%|█████▊    | 285/489 [00:01<00:00, 205.02it/s]
Loading weights:  70%|███████   | 343/489 [00:01<00:00, 310.79it/s]
Loading weights:  82%|████████▏ | 401/489 [00:01<00:00, 386.98it/s]
Loading weights:  94%|█████████▍| 461/489 [00:01<00:00, 438.78it/s]
Loading weights: 100%|██████████| 489/489 [00:01<00:00, 251.39it/s]
Kwargs passed to `processor.__call__` have to be in `processor_kwargs` dict, not in `**kwargs`
Kwargs passed to `processor.__call__` have to be in `processor_kwargs` dict, not in `**kwargs`
Kwargs passed to `processor.__call__` have to be in `processor_kwargs` dict, not in `**kwargs`
Kwargs passed to `processor.__call__` have to be in `processor_kwargs` dict, not in `**kwargs`
Kwargs passed to `processor.__call__` have to be in `processor_kwargs` dict, not in `**kwargs`
Kwargs passed to `processor.__call__` have to be in `processor_kwargs` dict, not in `**kwargs`
Kwargs passed to `processor.__call__` have to be in `processor_kwargs` dict, not in `**kwargs`
Kwargs passed to `processor.__call__` have to be in `processor_kwargs` dict, not in `**kwargs`
Kwargs passed to `processor.__call__` have to be in `processor_kwargs` dict, not in `**kwargs`
Kwargs passed to `processor.__call__` have to be in `processor_kwargs` dict, not in `**kwargs`
EXIT:0
