2026-03-29 12:43:40,587 [INFO] Loaded 9646 captions
2026-03-29 12:43:40,589 [INFO] After quality filter: 9646
2026-03-29 12:43:40,589 [INFO] Loading model (bf16, no quantization): HuggingFaceTB/SmolVLM2-500M-Video-Instruct
2026-03-29 12:43:47,397 [INFO] Trainable: 98,229,504 / 507,482,304 (19.4%)
2026-03-29 12:43:47,397 [INFO] Trainable modules:
2026-03-29 12:43:47,397 [INFO]   model.vision_model.embeddings.patch_embedding.weight: [768, 3, 16, 16]
2026-03-29 12:43:47,397 [INFO]   model.vision_model.embeddings.patch_embedding.bias: [768]
2026-03-29 12:43:47,397 [INFO]   model.vision_model.embeddings.position_embedding.weight: [1024, 768]
2026-03-29 12:43:47,397 [INFO]   model.vision_model.encoder.layers.0.self_attn.k_proj.weight: [768, 768]
2026-03-29 12:43:47,397 [INFO]   model.vision_model.encoder.layers.0.self_attn.k_proj.bias: [768]
2026-03-29 12:43:47,397 [INFO]   model.vision_model.encoder.layers.0.self_attn.v_proj.weight: [768, 768]
2026-03-29 12:43:47,397 [INFO]   model.vision_model.encoder.layers.0.self_attn.v_proj.bias: [768]
2026-03-29 12:43:47,397 [INFO]   model.vision_model.encoder.layers.0.self_attn.q_proj.weight: [768, 768]
2026-03-29 12:43:47,397 [INFO]   model.vision_model.encoder.layers.0.self_attn.q_proj.bias: [768]
2026-03-29 12:43:47,397 [INFO]   model.vision_model.encoder.layers.0.self_attn.out_proj.weight: [768, 768]
2026-03-29 12:43:47,397 [INFO]   model.vision_model.encoder.layers.0.self_attn.out_proj.bias: [768]
2026-03-29 12:43:47,397 [INFO]   model.vision_model.encoder.layers.0.layer_norm1.weight: [768]
2026-03-29 12:43:47,397 [INFO]   model.vision_model.encoder.layers.0.layer_norm1.bias: [768]
2026-03-29 12:43:47,397 [INFO]   model.vision_model.encoder.layers.0.mlp.fc1.weight: [3072, 768]
2026-03-29 12:43:47,397 [INFO]   model.vision_model.encoder.layers.0.mlp.fc1.bias: [3072]
2026-03-29 12:43:47,397 [INFO]   model.vision_model.encoder.layers.0.mlp.fc2.weight: [768, 3072]
2026-03-29 12:43:47,397 [INFO]   model.vision_model.encoder.layers.0.mlp.fc2.bias: [768]
2026-03-29 12:43:47,397 [INFO]   model.vision_model.encoder.layers.0.layer_norm2.weight: [768]
2026-03-29 12:43:47,397 [INFO]   model.vision_model.encoder.layers.0.layer_norm2.bias: [768]
2026-03-29 12:43:47,397 [INFO]   model.vision_model.encoder.layers.1.self_attn.k_proj.weight: [768, 768]
2026-03-29 12:43:47,397 [INFO]   model.vision_model.encoder.layers.1.self_attn.k_proj.bias: [768]
2026-03-29 12:43:47,397 [INFO]   model.vision_model.encoder.layers.1.self_attn.v_proj.weight: [768, 768]
2026-03-29 12:43:47,397 [INFO]   model.vision_model.encoder.layers.1.self_attn.v_proj.bias: [768]
2026-03-29 12:43:47,397 [INFO]   model.vision_model.encoder.layers.1.self_attn.q_proj.weight: [768, 768]
2026-03-29 12:43:47,397 [INFO]   model.vision_model.encoder.layers.1.self_attn.q_proj.bias: [768]
2026-03-29 12:43:47,397 [INFO]   model.vision_model.encoder.layers.1.self_attn.out_proj.weight: [768, 768]
2026-03-29 12:43:47,397 [INFO]   model.vision_model.encoder.layers.1.self_attn.out_proj.bias: [768]
2026-03-29 12:43:47,397 [INFO]   model.vision_model.encoder.layers.1.layer_norm1.weight: [768]
2026-03-29 12:43:47,397 [INFO]   model.vision_model.encoder.layers.1.layer_norm1.bias: [768]
2026-03-29 12:43:47,397 [INFO]   model.vision_model.encoder.layers.1.mlp.fc1.weight: [3072, 768]
2026-03-29 12:43:47,397 [INFO]   model.vision_model.encoder.layers.1.mlp.fc1.bias: [3072]
2026-03-29 12:43:47,398 [INFO]   model.vision_model.encoder.layers.1.mlp.fc2.weight: [768, 3072]
2026-03-29 12:43:47,398 [INFO]   model.vision_model.encoder.layers.1.mlp.fc2.bias: [768]
2026-03-29 12:43:47,398 [INFO]   model.vision_model.encoder.layers.1.layer_norm2.weight: [768]
2026-03-29 12:43:47,398 [INFO]   model.vision_model.encoder.layers.1.layer_norm2.bias: [768]
2026-03-29 12:43:47,398 [INFO]   model.vision_model.encoder.layers.2.self_attn.k_proj.weight: [768, 768]
2026-03-29 12:43:47,398 [INFO]   model.vision_model.encoder.layers.2.self_attn.k_proj.bias: [768]
2026-03-29 12:43:47,398 [INFO]   model.vision_model.encoder.layers.2.self_attn.v_proj.weight: [768, 768]
2026-03-29 12:43:47,398 [INFO]   model.vision_model.encoder.layers.2.self_attn.v_proj.bias: [768]
2026-03-29 12:43:47,398 [INFO]   model.vision_model.encoder.layers.2.self_attn.q_proj.weight: [768, 768]
2026-03-29 12:43:47,398 [INFO]   model.vision_model.encoder.layers.2.self_attn.q_proj.bias: [768]
2026-03-29 12:43:47,398 [INFO]   model.vision_model.encoder.layers.2.self_attn.out_proj.weight: [768, 768]
2026-03-29 12:43:47,398 [INFO]   model.vision_model.encoder.layers.2.self_attn.out_proj.bias: [768]
2026-03-29 12:43:47,398 [INFO]   model.vision_model.encoder.layers.2.layer_norm1.weight: [768]
2026-03-29 12:43:47,398 [INFO]   model.vision_model.encoder.layers.2.layer_norm1.bias: [768]
2026-03-29 12:43:47,398 [INFO]   model.vision_model.encoder.layers.2.mlp.fc1.weight: [3072, 768]
2026-03-29 12:43:47,398 [INFO]   model.vision_model.encoder.layers.2.mlp.fc1.bias: [3072]
2026-03-29 12:43:47,398 [INFO]   model.vision_model.encoder.layers.2.mlp.fc2.weight: [768, 3072]
2026-03-29 12:43:47,398 [INFO]   model.vision_model.encoder.layers.2.mlp.fc2.bias: [768]
2026-03-29 12:43:47,398 [INFO]   model.vision_model.encoder.layers.2.layer_norm2.weight: [768]
2026-03-29 12:43:47,398 [INFO]   model.vision_model.encoder.layers.2.layer_norm2.bias: [768]
2026-03-29 12:43:47,398 [INFO]   model.vision_model.encoder.layers.3.self_attn.k_proj.weight: [768, 768]
2026-03-29 12:43:47,398 [INFO]   model.vision_model.encoder.layers.3.self_attn.k_proj.bias: [768]
2026-03-29 12:43:47,398 [INFO]   model.vision_model.encoder.layers.3.self_attn.v_proj.weight: [768, 768]
2026-03-29 12:43:47,398 [INFO]   model.vision_model.encoder.layers.3.self_attn.v_proj.bias: [768]
2026-03-29 12:43:47,398 [INFO]   model.vision_model.encoder.layers.3.self_attn.q_proj.weight: [768, 768]
2026-03-29 12:43:47,398 [INFO]   model.vision_model.encoder.layers.3.self_attn.q_proj.bias: [768]
2026-03-29 12:43:47,398 [INFO]   model.vision_model.encoder.layers.3.self_attn.out_proj.weight: [768, 768]
2026-03-29 12:43:47,398 [INFO]   model.vision_model.encoder.layers.3.self_attn.out_proj.bias: [768]
2026-03-29 12:43:47,398 [INFO]   model.vision_model.encoder.layers.3.layer_norm1.weight: [768]
2026-03-29 12:43:47,398 [INFO]   model.vision_model.encoder.layers.3.layer_norm1.bias: [768]
2026-03-29 12:43:47,398 [INFO]   model.vision_model.encoder.layers.3.mlp.fc1.weight: [3072, 768]
2026-03-29 12:43:47,398 [INFO]   model.vision_model.encoder.layers.3.mlp.fc1.bias: [3072]
2026-03-29 12:43:47,398 [INFO]   model.vision_model.encoder.layers.3.mlp.fc2.weight: [768, 3072]
2026-03-29 12:43:47,398 [INFO]   model.vision_model.encoder.layers.3.mlp.fc2.bias: [768]
2026-03-29 12:43:47,398 [INFO]   model.vision_model.encoder.layers.3.layer_norm2.weight: [768]
2026-03-29 12:43:47,398 [INFO]   model.vision_model.encoder.layers.3.layer_norm2.bias: [768]
2026-03-29 12:43:47,398 [INFO]   model.vision_model.encoder.layers.4.self_attn.k_proj.weight: [768, 768]
2026-03-29 12:43:47,398 [INFO]   model.vision_model.encoder.layers.4.self_attn.k_proj.bias: [768]
2026-03-29 12:43:47,398 [INFO]   model.vision_model.encoder.layers.4.self_attn.v_proj.weight: [768, 768]
2026-03-29 12:43:47,398 [INFO]   model.vision_model.encoder.layers.4.self_attn.v_proj.bias: [768]
2026-03-29 12:43:47,398 [INFO]   model.vision_model.encoder.layers.4.self_attn.q_proj.weight: [768, 768]
2026-03-29 12:43:47,398 [INFO]   model.vision_model.encoder.layers.4.self_attn.q_proj.bias: [768]
2026-03-29 12:43:47,398 [INFO]   model.vision_model.encoder.layers.4.self_attn.out_proj.weight: [768, 768]
2026-03-29 12:43:47,398 [INFO]   model.vision_model.encoder.layers.4.self_attn.out_proj.bias: [768]
2026-03-29 12:43:47,398 [INFO]   model.vision_model.encoder.layers.4.layer_norm1.weight: [768]
2026-03-29 12:43:47,398 [INFO]   model.vision_model.encoder.layers.4.layer_norm1.bias: [768]
2026-03-29 12:43:47,398 [INFO]   model.vision_model.encoder.layers.4.mlp.fc1.weight: [3072, 768]
2026-03-29 12:43:47,398 [INFO]   model.vision_model.encoder.layers.4.mlp.fc1.bias: [3072]
2026-03-29 12:43:47,398 [INFO]   model.vision_model.encoder.layers.4.mlp.fc2.weight: [768, 3072]
2026-03-29 12:43:47,398 [INFO]   model.vision_model.encoder.layers.4.mlp.fc2.bias: [768]
2026-03-29 12:43:47,399 [INFO]   model.vision_model.encoder.layers.4.layer_norm2.weight: [768]
2026-03-29 12:43:47,399 [INFO]   model.vision_model.encoder.layers.4.layer_norm2.bias: [768]
2026-03-29 12:43:47,399 [INFO]   model.vision_model.encoder.layers.5.self_attn.k_proj.weight: [768, 768]
2026-03-29 12:43:47,399 [INFO]   model.vision_model.encoder.layers.5.self_attn.k_proj.bias: [768]
2026-03-29 12:43:47,399 [INFO]   model.vision_model.encoder.layers.5.self_attn.v_proj.weight: [768, 768]
2026-03-29 12:43:47,399 [INFO]   model.vision_model.encoder.layers.5.self_attn.v_proj.bias: [768]
2026-03-29 12:43:47,399 [INFO]   model.vision_model.encoder.layers.5.self_attn.q_proj.weight: [768, 768]
2026-03-29 12:43:47,399 [INFO]   model.vision_model.encoder.layers.5.self_attn.q_proj.bias: [768]
2026-03-29 12:43:47,399 [INFO]   model.vision_model.encoder.layers.5.self_attn.out_proj.weight: [768, 768]
2026-03-29 12:43:47,399 [INFO]   model.vision_model.encoder.layers.5.self_attn.out_proj.bias: [768]
2026-03-29 12:43:47,399 [INFO]   model.vision_model.encoder.layers.5.layer_norm1.weight: [768]
2026-03-29 12:43:47,399 [INFO]   model.vision_model.encoder.layers.5.layer_norm1.bias: [768]
2026-03-29 12:43:47,399 [INFO]   model.vision_model.encoder.layers.5.mlp.fc1.weight: [3072, 768]
2026-03-29 12:43:47,399 [INFO]   model.vision_model.encoder.layers.5.mlp.fc1.bias: [3072]
2026-03-29 12:43:47,399 [INFO]   model.vision_model.encoder.layers.5.mlp.fc2.weight: [768, 3072]
2026-03-29 12:43:47,399 [INFO]   model.vision_model.encoder.layers.5.mlp.fc2.bias: [768]
2026-03-29 12:43:47,399 [INFO]   model.vision_model.encoder.layers.5.layer_norm2.weight: [768]
2026-03-29 12:43:47,399 [INFO]   model.vision_model.encoder.layers.5.layer_norm2.bias: [768]
2026-03-29 12:43:47,399 [INFO]   model.vision_model.encoder.layers.6.self_attn.k_proj.weight: [768, 768]
2026-03-29 12:43:47,399 [INFO]   model.vision_model.encoder.layers.6.self_attn.k_proj.bias: [768]
2026-03-29 12:43:47,399 [INFO]   model.vision_model.encoder.layers.6.self_attn.v_proj.weight: [768, 768]
2026-03-29 12:43:47,399 [INFO]   model.vision_model.encoder.layers.6.self_attn.v_proj.bias: [768]
2026-03-29 12:43:47,399 [INFO]   model.vision_model.encoder.layers.6.self_attn.q_proj.weight: [768, 768]
2026-03-29 12:43:47,399 [INFO]   model.vision_model.encoder.layers.6.self_attn.q_proj.bias: [768]
2026-03-29 12:43:47,399 [INFO]   model.vision_model.encoder.layers.6.self_attn.out_proj.weight: [768, 768]
2026-03-29 12:43:47,399 [INFO]   model.vision_model.encoder.layers.6.self_attn.out_proj.bias: [768]
2026-03-29 12:43:47,399 [INFO]   model.vision_model.encoder.layers.6.layer_norm1.weight: [768]
2026-03-29 12:43:47,399 [INFO]   model.vision_model.encoder.layers.6.layer_norm1.bias: [768]
2026-03-29 12:43:47,399 [INFO]   model.vision_model.encoder.layers.6.mlp.fc1.weight: [3072, 768]
2026-03-29 12:43:47,399 [INFO]   model.vision_model.encoder.layers.6.mlp.fc1.bias: [3072]
2026-03-29 12:43:47,399 [INFO]   model.vision_model.encoder.layers.6.mlp.fc2.weight: [768, 3072]
2026-03-29 12:43:47,399 [INFO]   model.vision_model.encoder.layers.6.mlp.fc2.bias: [768]
2026-03-29 12:43:47,399 [INFO]   model.vision_model.encoder.layers.6.layer_norm2.weight: [768]
2026-03-29 12:43:47,399 [INFO]   model.vision_model.encoder.layers.6.layer_norm2.bias: [768]
2026-03-29 12:43:47,399 [INFO]   model.vision_model.encoder.layers.7.self_attn.k_proj.weight: [768, 768]
2026-03-29 12:43:47,399 [INFO]   model.vision_model.encoder.layers.7.self_attn.k_proj.bias: [768]
2026-03-29 12:43:47,399 [INFO]   model.vision_model.encoder.layers.7.self_attn.v_proj.weight: [768, 768]
2026-03-29 12:43:47,399 [INFO]   model.vision_model.encoder.layers.7.self_attn.v_proj.bias: [768]
2026-03-29 12:43:47,399 [INFO]   model.vision_model.encoder.layers.7.self_attn.q_proj.weight: [768, 768]
2026-03-29 12:43:47,399 [INFO]   model.vision_model.encoder.layers.7.self_attn.q_proj.bias: [768]
2026-03-29 12:43:47,399 [INFO]   model.vision_model.encoder.layers.7.self_attn.out_proj.weight: [768, 768]
2026-03-29 12:43:47,399 [INFO]   model.vision_model.encoder.layers.7.self_attn.out_proj.bias: [768]
2026-03-29 12:43:47,399 [INFO]   model.vision_model.encoder.layers.7.layer_norm1.weight: [768]
2026-03-29 12:43:47,399 [INFO]   model.vision_model.encoder.layers.7.layer_norm1.bias: [768]
2026-03-29 12:43:47,399 [INFO]   model.vision_model.encoder.layers.7.mlp.fc1.weight: [3072, 768]
2026-03-29 12:43:47,399 [INFO]   model.vision_model.encoder.layers.7.mlp.fc1.bias: [3072]
2026-03-29 12:43:47,399 [INFO]   model.vision_model.encoder.layers.7.mlp.fc2.weight: [768, 3072]
2026-03-29 12:43:47,399 [INFO]   model.vision_model.encoder.layers.7.mlp.fc2.bias: [768]
2026-03-29 12:43:47,399 [INFO]   model.vision_model.encoder.layers.7.layer_norm2.weight: [768]
2026-03-29 12:43:47,399 [INFO]   model.vision_model.encoder.layers.7.layer_norm2.bias: [768]
2026-03-29 12:43:47,399 [INFO]   model.vision_model.encoder.layers.8.self_attn.k_proj.weight: [768, 768]
2026-03-29 12:43:47,400 [INFO]   model.vision_model.encoder.layers.8.self_attn.k_proj.bias: [768]
2026-03-29 12:43:47,400 [INFO]   model.vision_model.encoder.layers.8.self_attn.v_proj.weight: [768, 768]
2026-03-29 12:43:47,400 [INFO]   model.vision_model.encoder.layers.8.self_attn.v_proj.bias: [768]
2026-03-29 12:43:47,400 [INFO]   model.vision_model.encoder.layers.8.self_attn.q_proj.weight: [768, 768]
2026-03-29 12:43:47,400 [INFO]   model.vision_model.encoder.layers.8.self_attn.q_proj.bias: [768]
2026-03-29 12:43:47,400 [INFO]   model.vision_model.encoder.layers.8.self_attn.out_proj.weight: [768, 768]
2026-03-29 12:43:47,400 [INFO]   model.vision_model.encoder.layers.8.self_attn.out_proj.bias: [768]
2026-03-29 12:43:47,400 [INFO]   model.vision_model.encoder.layers.8.layer_norm1.weight: [768]
2026-03-29 12:43:47,400 [INFO]   model.vision_model.encoder.layers.8.layer_norm1.bias: [768]
2026-03-29 12:43:47,400 [INFO]   model.vision_model.encoder.layers.8.mlp.fc1.weight: [3072, 768]
2026-03-29 12:43:47,400 [INFO]   model.vision_model.encoder.layers.8.mlp.fc1.bias: [3072]
2026-03-29 12:43:47,400 [INFO]   model.vision_model.encoder.layers.8.mlp.fc2.weight: [768, 3072]
2026-03-29 12:43:47,400 [INFO]   model.vision_model.encoder.layers.8.mlp.fc2.bias: [768]
2026-03-29 12:43:47,400 [INFO]   model.vision_model.encoder.layers.8.layer_norm2.weight: [768]
2026-03-29 12:43:47,400 [INFO]   model.vision_model.encoder.layers.8.layer_norm2.bias: [768]
2026-03-29 12:43:47,400 [INFO]   model.vision_model.encoder.layers.9.self_attn.k_proj.weight: [768, 768]
2026-03-29 12:43:47,400 [INFO]   model.vision_model.encoder.layers.9.self_attn.k_proj.bias: [768]
2026-03-29 12:43:47,400 [INFO]   model.vision_model.encoder.layers.9.self_attn.v_proj.weight: [768, 768]
2026-03-29 12:43:47,400 [INFO]   model.vision_model.encoder.layers.9.self_attn.v_proj.bias: [768]
2026-03-29 12:43:47,400 [INFO]   model.vision_model.encoder.layers.9.self_attn.q_proj.weight: [768, 768]
2026-03-29 12:43:47,400 [INFO]   model.vision_model.encoder.layers.9.self_attn.q_proj.bias: [768]
2026-03-29 12:43:47,400 [INFO]   model.vision_model.encoder.layers.9.self_attn.out_proj.weight: [768, 768]
2026-03-29 12:43:47,400 [INFO]   model.vision_model.encoder.layers.9.self_attn.out_proj.bias: [768]
2026-03-29 12:43:47,400 [INFO]   model.vision_model.encoder.layers.9.layer_norm1.weight: [768]
2026-03-29 12:43:47,400 [INFO]   model.vision_model.encoder.layers.9.layer_norm1.bias: [768]
2026-03-29 12:43:47,400 [INFO]   model.vision_model.encoder.layers.9.mlp.fc1.weight: [3072, 768]
2026-03-29 12:43:47,400 [INFO]   model.vision_model.encoder.layers.9.mlp.fc1.bias: [3072]
2026-03-29 12:43:47,400 [INFO]   model.vision_model.encoder.layers.9.mlp.fc2.weight: [768, 3072]
2026-03-29 12:43:47,400 [INFO]   model.vision_model.encoder.layers.9.mlp.fc2.bias: [768]
2026-03-29 12:43:47,400 [INFO]   model.vision_model.encoder.layers.9.layer_norm2.weight: [768]
2026-03-29 12:43:47,400 [INFO]   model.vision_model.encoder.layers.9.layer_norm2.bias: [768]
2026-03-29 12:43:47,400 [INFO]   model.vision_model.encoder.layers.10.self_attn.k_proj.weight: [768, 768]
2026-03-29 12:43:47,400 [INFO]   model.vision_model.encoder.layers.10.self_attn.k_proj.bias: [768]
2026-03-29 12:43:47,400 [INFO]   model.vision_model.encoder.layers.10.self_attn.v_proj.weight: [768, 768]
2026-03-29 12:43:47,400 [INFO]   model.vision_model.encoder.layers.10.self_attn.v_proj.bias: [768]
2026-03-29 12:43:47,400 [INFO]   model.vision_model.encoder.layers.10.self_attn.q_proj.weight: [768, 768]
2026-03-29 12:43:47,400 [INFO]   model.vision_model.encoder.layers.10.self_attn.q_proj.bias: [768]
2026-03-29 12:43:47,400 [INFO]   model.vision_model.encoder.layers.10.self_attn.out_proj.weight: [768, 768]
2026-03-29 12:43:47,400 [INFO]   model.vision_model.encoder.layers.10.self_attn.out_proj.bias: [768]
2026-03-29 12:43:47,400 [INFO]   model.vision_model.encoder.layers.10.layer_norm1.weight: [768]
2026-03-29 12:43:47,400 [INFO]   model.vision_model.encoder.layers.10.layer_norm1.bias: [768]
2026-03-29 12:43:47,400 [INFO]   model.vision_model.encoder.layers.10.mlp.fc1.weight: [3072, 768]
2026-03-29 12:43:47,400 [INFO]   model.vision_model.encoder.layers.10.mlp.fc1.bias: [3072]
2026-03-29 12:43:47,400 [INFO]   model.vision_model.encoder.layers.10.mlp.fc2.weight: [768, 3072]
2026-03-29 12:43:47,400 [INFO]   model.vision_model.encoder.layers.10.mlp.fc2.bias: [768]
2026-03-29 12:43:47,400 [INFO]   model.vision_model.encoder.layers.10.layer_norm2.weight: [768]
2026-03-29 12:43:47,400 [INFO]   model.vision_model.encoder.layers.10.layer_norm2.bias: [768]
2026-03-29 12:43:47,400 [INFO]   model.vision_model.encoder.layers.11.self_attn.k_proj.weight: [768, 768]
2026-03-29 12:43:47,400 [INFO]   model.vision_model.encoder.layers.11.self_attn.k_proj.bias: [768]
2026-03-29 12:43:47,400 [INFO]   model.vision_model.encoder.layers.11.self_attn.v_proj.weight: [768, 768]
2026-03-29 12:43:47,401 [INFO]   model.vision_model.encoder.layers.11.self_attn.v_proj.bias: [768]
2026-03-29 12:43:47,401 [INFO]   model.vision_model.encoder.layers.11.self_attn.q_proj.weight: [768, 768]
2026-03-29 12:43:47,401 [INFO]   model.vision_model.encoder.layers.11.self_attn.q_proj.bias: [768]
2026-03-29 12:43:47,401 [INFO]   model.vision_model.encoder.layers.11.self_attn.out_proj.weight: [768, 768]
2026-03-29 12:43:47,401 [INFO]   model.vision_model.encoder.layers.11.self_attn.out_proj.bias: [768]
2026-03-29 12:43:47,401 [INFO]   model.vision_model.encoder.layers.11.layer_norm1.weight: [768]
2026-03-29 12:43:47,401 [INFO]   model.vision_model.encoder.layers.11.layer_norm1.bias: [768]
2026-03-29 12:43:47,401 [INFO]   model.vision_model.encoder.layers.11.mlp.fc1.weight: [3072, 768]
2026-03-29 12:43:47,401 [INFO]   model.vision_model.encoder.layers.11.mlp.fc1.bias: [3072]
2026-03-29 12:43:47,401 [INFO]   model.vision_model.encoder.layers.11.mlp.fc2.weight: [768, 3072]
2026-03-29 12:43:47,401 [INFO]   model.vision_model.encoder.layers.11.mlp.fc2.bias: [768]
2026-03-29 12:43:47,401 [INFO]   model.vision_model.encoder.layers.11.layer_norm2.weight: [768]
2026-03-29 12:43:47,401 [INFO]   model.vision_model.encoder.layers.11.layer_norm2.bias: [768]
2026-03-29 12:43:47,401 [INFO]   model.vision_model.post_layernorm.weight: [768]
2026-03-29 12:43:47,401 [INFO]   model.vision_model.post_layernorm.bias: [768]
2026-03-29 12:43:47,401 [INFO]   model.connector.modality_projection.proj.weight: [960, 12288]
2026-03-29 12:43:47,401 [INFO] Train samples: 50 | Val samples: 200
2026-03-29 12:43:47,534 [INFO] Starting Stage 1 training (vision encoder + projector)...
2026-03-29 12:45:12,679 [INFO] Saving model to models/student/sft_stage1_smoketest
2026-03-29 12:45:14,463 [INFO] Stage 1 complete.
2026-03-29 12:54:41,180 [INFO] Loaded 9646 captions
2026-03-29 12:54:41,182 [INFO] After quality filter: 9646
2026-03-29 12:54:41,182 [INFO] Loading model (bf16, no quantization): HuggingFaceTB/SmolVLM2-500M-Video-Instruct
2026-03-29 12:54:48,815 [INFO] Trainable: 98,229,504 / 507,482,304 (19.4%)
2026-03-29 12:54:48,815 [INFO] Trainable modules:
2026-03-29 12:54:48,815 [INFO]   model.vision_model.embeddings.patch_embedding.weight: [768, 3, 16, 16]
2026-03-29 12:54:48,815 [INFO]   model.vision_model.embeddings.patch_embedding.bias: [768]
2026-03-29 12:54:48,815 [INFO]   model.vision_model.embeddings.position_embedding.weight: [1024, 768]
2026-03-29 12:54:48,815 [INFO]   model.vision_model.encoder.layers.0.self_attn.k_proj.weight: [768, 768]
2026-03-29 12:54:48,815 [INFO]   model.vision_model.encoder.layers.0.self_attn.k_proj.bias: [768]
2026-03-29 12:54:48,815 [INFO]   model.vision_model.encoder.layers.0.self_attn.v_proj.weight: [768, 768]
2026-03-29 12:54:48,815 [INFO]   model.vision_model.encoder.layers.0.self_attn.v_proj.bias: [768]
2026-03-29 12:54:48,815 [INFO]   model.vision_model.encoder.layers.0.self_attn.q_proj.weight: [768, 768]
2026-03-29 12:54:48,815 [INFO]   model.vision_model.encoder.layers.0.self_attn.q_proj.bias: [768]
2026-03-29 12:54:48,815 [INFO]   model.vision_model.encoder.layers.0.self_attn.out_proj.weight: [768, 768]
2026-03-29 12:54:48,815 [INFO]   model.vision_model.encoder.layers.0.self_attn.out_proj.bias: [768]
2026-03-29 12:54:48,815 [INFO]   model.vision_model.encoder.layers.0.layer_norm1.weight: [768]
2026-03-29 12:54:48,815 [INFO]   model.vision_model.encoder.layers.0.layer_norm1.bias: [768]
2026-03-29 12:54:48,815 [INFO]   model.vision_model.encoder.layers.0.mlp.fc1.weight: [3072, 768]
2026-03-29 12:54:48,815 [INFO]   model.vision_model.encoder.layers.0.mlp.fc1.bias: [3072]
2026-03-29 12:54:48,815 [INFO]   model.vision_model.encoder.layers.0.mlp.fc2.weight: [768, 3072]
2026-03-29 12:54:48,815 [INFO]   model.vision_model.encoder.layers.0.mlp.fc2.bias: [768]
2026-03-29 12:54:48,815 [INFO]   model.vision_model.encoder.layers.0.layer_norm2.weight: [768]
2026-03-29 12:54:48,816 [INFO]   model.vision_model.encoder.layers.0.layer_norm2.bias: [768]
2026-03-29 12:54:48,816 [INFO]   model.vision_model.encoder.layers.1.self_attn.k_proj.weight: [768, 768]
2026-03-29 12:54:48,816 [INFO]   model.vision_model.encoder.layers.1.self_attn.k_proj.bias: [768]
2026-03-29 12:54:48,816 [INFO]   model.vision_model.encoder.layers.1.self_attn.v_proj.weight: [768, 768]
2026-03-29 12:54:48,816 [INFO]   model.vision_model.encoder.layers.1.self_attn.v_proj.bias: [768]
2026-03-29 12:54:48,816 [INFO]   model.vision_model.encoder.layers.1.self_attn.q_proj.weight: [768, 768]
2026-03-29 12:54:48,816 [INFO]   model.vision_model.encoder.layers.1.self_attn.q_proj.bias: [768]
2026-03-29 12:54:48,816 [INFO]   model.vision_model.encoder.layers.1.self_attn.out_proj.weight: [768, 768]
2026-03-29 12:54:48,816 [INFO]   model.vision_model.encoder.layers.1.self_attn.out_proj.bias: [768]
2026-03-29 12:54:48,816 [INFO]   model.vision_model.encoder.layers.1.layer_norm1.weight: [768]
2026-03-29 12:54:48,816 [INFO]   model.vision_model.encoder.layers.1.layer_norm1.bias: [768]
2026-03-29 12:54:48,816 [INFO]   model.vision_model.encoder.layers.1.mlp.fc1.weight: [3072, 768]
2026-03-29 12:54:48,816 [INFO]   model.vision_model.encoder.layers.1.mlp.fc1.bias: [3072]
2026-03-29 12:54:48,816 [INFO]   model.vision_model.encoder.layers.1.mlp.fc2.weight: [768, 3072]
2026-03-29 12:54:48,816 [INFO]   model.vision_model.encoder.layers.1.mlp.fc2.bias: [768]
2026-03-29 12:54:48,816 [INFO]   model.vision_model.encoder.layers.1.layer_norm2.weight: [768]
2026-03-29 12:54:48,816 [INFO]   model.vision_model.encoder.layers.1.layer_norm2.bias: [768]
2026-03-29 12:54:48,816 [INFO]   model.vision_model.encoder.layers.2.self_attn.k_proj.weight: [768, 768]
2026-03-29 12:54:48,816 [INFO]   model.vision_model.encoder.layers.2.self_attn.k_proj.bias: [768]
2026-03-29 12:54:48,816 [INFO]   model.vision_model.encoder.layers.2.self_attn.v_proj.weight: [768, 768]
2026-03-29 12:54:48,816 [INFO]   model.vision_model.encoder.layers.2.self_attn.v_proj.bias: [768]
2026-03-29 12:54:48,816 [INFO]   model.vision_model.encoder.layers.2.self_attn.q_proj.weight: [768, 768]
2026-03-29 12:54:48,816 [INFO]   model.vision_model.encoder.layers.2.self_attn.q_proj.bias: [768]
2026-03-29 12:54:48,816 [INFO]   model.vision_model.encoder.layers.2.self_attn.out_proj.weight: [768, 768]
2026-03-29 12:54:48,816 [INFO]   model.vision_model.encoder.layers.2.self_attn.out_proj.bias: [768]
2026-03-29 12:54:48,816 [INFO]   model.vision_model.encoder.layers.2.layer_norm1.weight: [768]
2026-03-29 12:54:48,816 [INFO]   model.vision_model.encoder.layers.2.layer_norm1.bias: [768]
2026-03-29 12:54:48,816 [INFO]   model.vision_model.encoder.layers.2.mlp.fc1.weight: [3072, 768]
2026-03-29 12:54:48,816 [INFO]   model.vision_model.encoder.layers.2.mlp.fc1.bias: [3072]
2026-03-29 12:54:48,816 [INFO]   model.vision_model.encoder.layers.2.mlp.fc2.weight: [768, 3072]
2026-03-29 12:54:48,816 [INFO]   model.vision_model.encoder.layers.2.mlp.fc2.bias: [768]
2026-03-29 12:54:48,816 [INFO]   model.vision_model.encoder.layers.2.layer_norm2.weight: [768]
2026-03-29 12:54:48,816 [INFO]   model.vision_model.encoder.layers.2.layer_norm2.bias: [768]
2026-03-29 12:54:48,817 [INFO]   model.vision_model.encoder.layers.3.self_attn.k_proj.weight: [768, 768]
2026-03-29 12:54:48,817 [INFO]   model.vision_model.encoder.layers.3.self_attn.k_proj.bias: [768]
2026-03-29 12:54:48,817 [INFO]   model.vision_model.encoder.layers.3.self_attn.v_proj.weight: [768, 768]
2026-03-29 12:54:48,817 [INFO]   model.vision_model.encoder.layers.3.self_attn.v_proj.bias: [768]
2026-03-29 12:54:48,817 [INFO]   model.vision_model.encoder.layers.3.self_attn.q_proj.weight: [768, 768]
2026-03-29 12:54:48,817 [INFO]   model.vision_model.encoder.layers.3.self_attn.q_proj.bias: [768]
2026-03-29 12:54:48,817 [INFO]   model.vision_model.encoder.layers.3.self_attn.out_proj.weight: [768, 768]
2026-03-29 12:54:48,817 [INFO]   model.vision_model.encoder.layers.3.self_attn.out_proj.bias: [768]
2026-03-29 12:54:48,817 [INFO]   model.vision_model.encoder.layers.3.layer_norm1.weight: [768]
2026-03-29 12:54:48,817 [INFO]   model.vision_model.encoder.layers.3.layer_norm1.bias: [768]
2026-03-29 12:54:48,817 [INFO]   model.vision_model.encoder.layers.3.mlp.fc1.weight: [3072, 768]
2026-03-29 12:54:48,817 [INFO]   model.vision_model.encoder.layers.3.mlp.fc1.bias: [3072]
2026-03-29 12:54:48,817 [INFO]   model.vision_model.encoder.layers.3.mlp.fc2.weight: [768, 3072]
2026-03-29 12:54:48,817 [INFO]   model.vision_model.encoder.layers.3.mlp.fc2.bias: [768]
2026-03-29 12:54:48,817 [INFO]   model.vision_model.encoder.layers.3.layer_norm2.weight: [768]
2026-03-29 12:54:48,817 [INFO]   model.vision_model.encoder.layers.3.layer_norm2.bias: [768]
2026-03-29 12:54:48,817 [INFO]   model.vision_model.encoder.layers.4.self_attn.k_proj.weight: [768, 768]
2026-03-29 12:54:48,817 [INFO]   model.vision_model.encoder.layers.4.self_attn.k_proj.bias: [768]
2026-03-29 12:54:48,817 [INFO]   model.vision_model.encoder.layers.4.self_attn.v_proj.weight: [768, 768]
2026-03-29 12:54:48,817 [INFO]   model.vision_model.encoder.layers.4.self_attn.v_proj.bias: [768]
2026-03-29 12:54:48,817 [INFO]   model.vision_model.encoder.layers.4.self_attn.q_proj.weight: [768, 768]
2026-03-29 12:54:48,817 [INFO]   model.vision_model.encoder.layers.4.self_attn.q_proj.bias: [768]
2026-03-29 12:54:48,817 [INFO]   model.vision_model.encoder.layers.4.self_attn.out_proj.weight: [768, 768]
2026-03-29 12:54:48,817 [INFO]   model.vision_model.encoder.layers.4.self_attn.out_proj.bias: [768]
2026-03-29 12:54:48,817 [INFO]   model.vision_model.encoder.layers.4.layer_norm1.weight: [768]
2026-03-29 12:54:48,817 [INFO]   model.vision_model.encoder.layers.4.layer_norm1.bias: [768]
2026-03-29 12:54:48,817 [INFO]   model.vision_model.encoder.layers.4.mlp.fc1.weight: [3072, 768]
2026-03-29 12:54:48,817 [INFO]   model.vision_model.encoder.layers.4.mlp.fc1.bias: [3072]
2026-03-29 12:54:48,817 [INFO]   model.vision_model.encoder.layers.4.mlp.fc2.weight: [768, 3072]
2026-03-29 12:54:48,817 [INFO]   model.vision_model.encoder.layers.4.mlp.fc2.bias: [768]
2026-03-29 12:54:48,817 [INFO]   model.vision_model.encoder.layers.4.layer_norm2.weight: [768]
2026-03-29 12:54:48,817 [INFO]   model.vision_model.encoder.layers.4.layer_norm2.bias: [768]
2026-03-29 12:54:48,817 [INFO]   model.vision_model.encoder.layers.5.self_attn.k_proj.weight: [768, 768]
2026-03-29 12:54:48,817 [INFO]   model.vision_model.encoder.layers.5.self_attn.k_proj.bias: [768]
2026-03-29 12:54:48,817 [INFO]   model.vision_model.encoder.layers.5.self_attn.v_proj.weight: [768, 768]
2026-03-29 12:54:48,817 [INFO]   model.vision_model.encoder.layers.5.self_attn.v_proj.bias: [768]
2026-03-29 12:54:48,817 [INFO]   model.vision_model.encoder.layers.5.self_attn.q_proj.weight: [768, 768]
2026-03-29 12:54:48,817 [INFO]   model.vision_model.encoder.layers.5.self_attn.q_proj.bias: [768]
2026-03-29 12:54:48,817 [INFO]   model.vision_model.encoder.layers.5.self_attn.out_proj.weight: [768, 768]
2026-03-29 12:54:48,817 [INFO]   model.vision_model.encoder.layers.5.self_attn.out_proj.bias: [768]
2026-03-29 12:54:48,817 [INFO]   model.vision_model.encoder.layers.5.layer_norm1.weight: [768]
2026-03-29 12:54:48,817 [INFO]   model.vision_model.encoder.layers.5.layer_norm1.bias: [768]
2026-03-29 12:54:48,817 [INFO]   model.vision_model.encoder.layers.5.mlp.fc1.weight: [3072, 768]
2026-03-29 12:54:48,817 [INFO]   model.vision_model.encoder.layers.5.mlp.fc1.bias: [3072]
2026-03-29 12:54:48,817 [INFO]   model.vision_model.encoder.layers.5.mlp.fc2.weight: [768, 3072]
2026-03-29 12:54:48,817 [INFO]   model.vision_model.encoder.layers.5.mlp.fc2.bias: [768]
2026-03-29 12:54:48,817 [INFO]   model.vision_model.encoder.layers.5.layer_norm2.weight: [768]
2026-03-29 12:54:48,817 [INFO]   model.vision_model.encoder.layers.5.layer_norm2.bias: [768]
2026-03-29 12:54:48,817 [INFO]   model.vision_model.encoder.layers.6.self_attn.k_proj.weight: [768, 768]
2026-03-29 12:54:48,818 [INFO]   model.vision_model.encoder.layers.6.self_attn.k_proj.bias: [768]
2026-03-29 12:54:48,818 [INFO]   model.vision_model.encoder.layers.6.self_attn.v_proj.weight: [768, 768]
2026-03-29 12:54:48,818 [INFO]   model.vision_model.encoder.layers.6.self_attn.v_proj.bias: [768]
2026-03-29 12:54:48,818 [INFO]   model.vision_model.encoder.layers.6.self_attn.q_proj.weight: [768, 768]
2026-03-29 12:54:48,818 [INFO]   model.vision_model.encoder.layers.6.self_attn.q_proj.bias: [768]
2026-03-29 12:54:48,818 [INFO]   model.vision_model.encoder.layers.6.self_attn.out_proj.weight: [768, 768]
2026-03-29 12:54:48,818 [INFO]   model.vision_model.encoder.layers.6.self_attn.out_proj.bias: [768]
2026-03-29 12:54:48,818 [INFO]   model.vision_model.encoder.layers.6.layer_norm1.weight: [768]
2026-03-29 12:54:48,818 [INFO]   model.vision_model.encoder.layers.6.layer_norm1.bias: [768]
2026-03-29 12:54:48,818 [INFO]   model.vision_model.encoder.layers.6.mlp.fc1.weight: [3072, 768]
2026-03-29 12:54:48,818 [INFO]   model.vision_model.encoder.layers.6.mlp.fc1.bias: [3072]
2026-03-29 12:54:48,818 [INFO]   model.vision_model.encoder.layers.6.mlp.fc2.weight: [768, 3072]
2026-03-29 12:54:48,818 [INFO]   model.vision_model.encoder.layers.6.mlp.fc2.bias: [768]
2026-03-29 12:54:48,818 [INFO]   model.vision_model.encoder.layers.6.layer_norm2.weight: [768]
2026-03-29 12:54:48,818 [INFO]   model.vision_model.encoder.layers.6.layer_norm2.bias: [768]
2026-03-29 12:54:48,818 [INFO]   model.vision_model.encoder.layers.7.self_attn.k_proj.weight: [768, 768]
2026-03-29 12:54:48,818 [INFO]   model.vision_model.encoder.layers.7.self_attn.k_proj.bias: [768]
2026-03-29 12:54:48,818 [INFO]   model.vision_model.encoder.layers.7.self_attn.v_proj.weight: [768, 768]
2026-03-29 12:54:48,818 [INFO]   model.vision_model.encoder.layers.7.self_attn.v_proj.bias: [768]
2026-03-29 12:54:48,818 [INFO]   model.vision_model.encoder.layers.7.self_attn.q_proj.weight: [768, 768]
2026-03-29 12:54:48,818 [INFO]   model.vision_model.encoder.layers.7.self_attn.q_proj.bias: [768]
2026-03-29 12:54:48,818 [INFO]   model.vision_model.encoder.layers.7.self_attn.out_proj.weight: [768, 768]
2026-03-29 12:54:48,818 [INFO]   model.vision_model.encoder.layers.7.self_attn.out_proj.bias: [768]
2026-03-29 12:54:48,818 [INFO]   model.vision_model.encoder.layers.7.layer_norm1.weight: [768]
2026-03-29 12:54:48,818 [INFO]   model.vision_model.encoder.layers.7.layer_norm1.bias: [768]
2026-03-29 12:54:48,818 [INFO]   model.vision_model.encoder.layers.7.mlp.fc1.weight: [3072, 768]
2026-03-29 12:54:48,818 [INFO]   model.vision_model.encoder.layers.7.mlp.fc1.bias: [3072]
2026-03-29 12:54:48,818 [INFO]   model.vision_model.encoder.layers.7.mlp.fc2.weight: [768, 3072]
2026-03-29 12:54:48,818 [INFO]   model.vision_model.encoder.layers.7.mlp.fc2.bias: [768]
2026-03-29 12:54:48,818 [INFO]   model.vision_model.encoder.layers.7.layer_norm2.weight: [768]
2026-03-29 12:54:48,818 [INFO]   model.vision_model.encoder.layers.7.layer_norm2.bias: [768]
2026-03-29 12:54:48,818 [INFO]   model.vision_model.encoder.layers.8.self_attn.k_proj.weight: [768, 768]
2026-03-29 12:54:48,818 [INFO]   model.vision_model.encoder.layers.8.self_attn.k_proj.bias: [768]
2026-03-29 12:54:48,818 [INFO]   model.vision_model.encoder.layers.8.self_attn.v_proj.weight: [768, 768]
2026-03-29 12:54:48,818 [INFO]   model.vision_model.encoder.layers.8.self_attn.v_proj.bias: [768]
2026-03-29 12:54:48,818 [INFO]   model.vision_model.encoder.layers.8.self_attn.q_proj.weight: [768, 768]
2026-03-29 12:54:48,818 [INFO]   model.vision_model.encoder.layers.8.self_attn.q_proj.bias: [768]
2026-03-29 12:54:48,818 [INFO]   model.vision_model.encoder.layers.8.self_attn.out_proj.weight: [768, 768]
2026-03-29 12:54:48,818 [INFO]   model.vision_model.encoder.layers.8.self_attn.out_proj.bias: [768]
2026-03-29 12:54:48,818 [INFO]   model.vision_model.encoder.layers.8.layer_norm1.weight: [768]
2026-03-29 12:54:48,818 [INFO]   model.vision_model.encoder.layers.8.layer_norm1.bias: [768]
2026-03-29 12:54:48,818 [INFO]   model.vision_model.encoder.layers.8.mlp.fc1.weight: [3072, 768]
2026-03-29 12:54:48,818 [INFO]   model.vision_model.encoder.layers.8.mlp.fc1.bias: [3072]
2026-03-29 12:54:48,818 [INFO]   model.vision_model.encoder.layers.8.mlp.fc2.weight: [768, 3072]
2026-03-29 12:54:48,818 [INFO]   model.vision_model.encoder.layers.8.mlp.fc2.bias: [768]
2026-03-29 12:54:48,818 [INFO]   model.vision_model.encoder.layers.8.layer_norm2.weight: [768]
2026-03-29 12:54:48,818 [INFO]   model.vision_model.encoder.layers.8.layer_norm2.bias: [768]
2026-03-29 12:54:48,818 [INFO]   model.vision_model.encoder.layers.9.self_attn.k_proj.weight: [768, 768]
2026-03-29 12:54:48,818 [INFO]   model.vision_model.encoder.layers.9.self_attn.k_proj.bias: [768]
2026-03-29 12:54:48,818 [INFO]   model.vision_model.encoder.layers.9.self_attn.v_proj.weight: [768, 768]
2026-03-29 12:54:48,819 [INFO]   model.vision_model.encoder.layers.9.self_attn.v_proj.bias: [768]
2026-03-29 12:54:48,819 [INFO]   model.vision_model.encoder.layers.9.self_attn.q_proj.weight: [768, 768]
2026-03-29 12:54:48,819 [INFO]   model.vision_model.encoder.layers.9.self_attn.q_proj.bias: [768]
2026-03-29 12:54:48,819 [INFO]   model.vision_model.encoder.layers.9.self_attn.out_proj.weight: [768, 768]
2026-03-29 12:54:48,819 [INFO]   model.vision_model.encoder.layers.9.self_attn.out_proj.bias: [768]
2026-03-29 12:54:48,819 [INFO]   model.vision_model.encoder.layers.9.layer_norm1.weight: [768]
2026-03-29 12:54:48,819 [INFO]   model.vision_model.encoder.layers.9.layer_norm1.bias: [768]
2026-03-29 12:54:48,819 [INFO]   model.vision_model.encoder.layers.9.mlp.fc1.weight: [3072, 768]
2026-03-29 12:54:48,819 [INFO]   model.vision_model.encoder.layers.9.mlp.fc1.bias: [3072]
2026-03-29 12:54:48,819 [INFO]   model.vision_model.encoder.layers.9.mlp.fc2.weight: [768, 3072]
2026-03-29 12:54:48,819 [INFO]   model.vision_model.encoder.layers.9.mlp.fc2.bias: [768]
2026-03-29 12:54:48,819 [INFO]   model.vision_model.encoder.layers.9.layer_norm2.weight: [768]
2026-03-29 12:54:48,819 [INFO]   model.vision_model.encoder.layers.9.layer_norm2.bias: [768]
2026-03-29 12:54:48,819 [INFO]   model.vision_model.encoder.layers.10.self_attn.k_proj.weight: [768, 768]
2026-03-29 12:54:48,819 [INFO]   model.vision_model.encoder.layers.10.self_attn.k_proj.bias: [768]
2026-03-29 12:54:48,819 [INFO]   model.vision_model.encoder.layers.10.self_attn.v_proj.weight: [768, 768]
2026-03-29 12:54:48,819 [INFO]   model.vision_model.encoder.layers.10.self_attn.v_proj.bias: [768]
2026-03-29 12:54:48,819 [INFO]   model.vision_model.encoder.layers.10.self_attn.q_proj.weight: [768, 768]
2026-03-29 12:54:48,819 [INFO]   model.vision_model.encoder.layers.10.self_attn.q_proj.bias: [768]
2026-03-29 12:54:48,819 [INFO]   model.vision_model.encoder.layers.10.self_attn.out_proj.weight: [768, 768]
2026-03-29 12:54:48,819 [INFO]   model.vision_model.encoder.layers.10.self_attn.out_proj.bias: [768]
2026-03-29 12:54:48,819 [INFO]   model.vision_model.encoder.layers.10.layer_norm1.weight: [768]
2026-03-29 12:54:48,819 [INFO]   model.vision_model.encoder.layers.10.layer_norm1.bias: [768]
2026-03-29 12:54:48,819 [INFO]   model.vision_model.encoder.layers.10.mlp.fc1.weight: [3072, 768]
2026-03-29 12:54:48,819 [INFO]   model.vision_model.encoder.layers.10.mlp.fc1.bias: [3072]
2026-03-29 12:54:48,819 [INFO]   model.vision_model.encoder.layers.10.mlp.fc2.weight: [768, 3072]
2026-03-29 12:54:48,819 [INFO]   model.vision_model.encoder.layers.10.mlp.fc2.bias: [768]
2026-03-29 12:54:48,819 [INFO]   model.vision_model.encoder.layers.10.layer_norm2.weight: [768]
2026-03-29 12:54:48,819 [INFO]   model.vision_model.encoder.layers.10.layer_norm2.bias: [768]
2026-03-29 12:54:48,819 [INFO]   model.vision_model.encoder.layers.11.self_attn.k_proj.weight: [768, 768]
2026-03-29 12:54:48,819 [INFO]   model.vision_model.encoder.layers.11.self_attn.k_proj.bias: [768]
2026-03-29 12:54:48,819 [INFO]   model.vision_model.encoder.layers.11.self_attn.v_proj.weight: [768, 768]
2026-03-29 12:54:48,819 [INFO]   model.vision_model.encoder.layers.11.self_attn.v_proj.bias: [768]
2026-03-29 12:54:48,819 [INFO]   model.vision_model.encoder.layers.11.self_attn.q_proj.weight: [768, 768]
2026-03-29 12:54:48,819 [INFO]   model.vision_model.encoder.layers.11.self_attn.q_proj.bias: [768]
2026-03-29 12:54:48,819 [INFO]   model.vision_model.encoder.layers.11.self_attn.out_proj.weight: [768, 768]
2026-03-29 12:54:48,819 [INFO]   model.vision_model.encoder.layers.11.self_attn.out_proj.bias: [768]
2026-03-29 12:54:48,819 [INFO]   model.vision_model.encoder.layers.11.layer_norm1.weight: [768]
2026-03-29 12:54:48,819 [INFO]   model.vision_model.encoder.layers.11.layer_norm1.bias: [768]
2026-03-29 12:54:48,819 [INFO]   model.vision_model.encoder.layers.11.mlp.fc1.weight: [3072, 768]
2026-03-29 12:54:48,819 [INFO]   model.vision_model.encoder.layers.11.mlp.fc1.bias: [3072]
2026-03-29 12:54:48,819 [INFO]   model.vision_model.encoder.layers.11.mlp.fc2.weight: [768, 3072]
2026-03-29 12:54:48,819 [INFO]   model.vision_model.encoder.layers.11.mlp.fc2.bias: [768]
2026-03-29 12:54:48,819 [INFO]   model.vision_model.encoder.layers.11.layer_norm2.weight: [768]
2026-03-29 12:54:48,819 [INFO]   model.vision_model.encoder.layers.11.layer_norm2.bias: [768]
2026-03-29 12:54:48,819 [INFO]   model.vision_model.post_layernorm.weight: [768]
2026-03-29 12:54:48,819 [INFO]   model.vision_model.post_layernorm.bias: [768]
2026-03-29 12:54:48,819 [INFO]   model.connector.modality_projection.proj.weight: [960, 12288]
2026-03-29 12:54:48,820 [INFO] Train samples: 9000 | Val samples: 200
2026-03-29 12:54:48,938 [INFO] Starting Stage 1 training (vision encoder + projector)...
2026-03-29 13:24:16,271 [INFO] Loaded 9646 captions
2026-03-29 13:24:16,273 [INFO] After quality filter: 9646
2026-03-29 13:24:16,273 [INFO] Loading model (bf16, no quantization): HuggingFaceTB/SmolVLM2-500M-Video-Instruct
2026-03-29 13:24:23,228 [INFO] Trainable: 98,229,504 / 507,482,304 (19.4%)
2026-03-29 13:24:23,228 [INFO] Trainable modules:
2026-03-29 13:24:23,228 [INFO]   model.vision_model.embeddings.patch_embedding.weight: [768, 3, 16, 16]
2026-03-29 13:24:23,228 [INFO]   model.vision_model.embeddings.patch_embedding.bias: [768]
2026-03-29 13:24:23,228 [INFO]   model.vision_model.embeddings.position_embedding.weight: [1024, 768]
2026-03-29 13:24:23,228 [INFO]   model.vision_model.encoder.layers.0.self_attn.k_proj.weight: [768, 768]
2026-03-29 13:24:23,228 [INFO]   model.vision_model.encoder.layers.0.self_attn.k_proj.bias: [768]
2026-03-29 13:24:23,228 [INFO]   model.vision_model.encoder.layers.0.self_attn.v_proj.weight: [768, 768]
2026-03-29 13:24:23,228 [INFO]   model.vision_model.encoder.layers.0.self_attn.v_proj.bias: [768]
2026-03-29 13:24:23,228 [INFO]   model.vision_model.encoder.layers.0.self_attn.q_proj.weight: [768, 768]
2026-03-29 13:24:23,228 [INFO]   model.vision_model.encoder.layers.0.self_attn.q_proj.bias: [768]
2026-03-29 13:24:23,228 [INFO]   model.vision_model.encoder.layers.0.self_attn.out_proj.weight: [768, 768]
2026-03-29 13:24:23,229 [INFO]   model.vision_model.encoder.layers.0.self_attn.out_proj.bias: [768]
2026-03-29 13:24:23,229 [INFO]   model.vision_model.encoder.layers.0.layer_norm1.weight: [768]
2026-03-29 13:24:23,229 [INFO]   model.vision_model.encoder.layers.0.layer_norm1.bias: [768]
2026-03-29 13:24:23,229 [INFO]   model.vision_model.encoder.layers.0.mlp.fc1.weight: [3072, 768]
2026-03-29 13:24:23,229 [INFO]   model.vision_model.encoder.layers.0.mlp.fc1.bias: [3072]
2026-03-29 13:24:23,229 [INFO]   model.vision_model.encoder.layers.0.mlp.fc2.weight: [768, 3072]
2026-03-29 13:24:23,229 [INFO]   model.vision_model.encoder.layers.0.mlp.fc2.bias: [768]
2026-03-29 13:24:23,229 [INFO]   model.vision_model.encoder.layers.0.layer_norm2.weight: [768]
2026-03-29 13:24:23,229 [INFO]   model.vision_model.encoder.layers.0.layer_norm2.bias: [768]
2026-03-29 13:24:23,229 [INFO]   model.vision_model.encoder.layers.1.self_attn.k_proj.weight: [768, 768]
2026-03-29 13:24:23,229 [INFO]   model.vision_model.encoder.layers.1.self_attn.k_proj.bias: [768]
2026-03-29 13:24:23,229 [INFO]   model.vision_model.encoder.layers.1.self_attn.v_proj.weight: [768, 768]
2026-03-29 13:24:23,229 [INFO]   model.vision_model.encoder.layers.1.self_attn.v_proj.bias: [768]
2026-03-29 13:24:23,229 [INFO]   model.vision_model.encoder.layers.1.self_attn.q_proj.weight: [768, 768]
2026-03-29 13:24:23,229 [INFO]   model.vision_model.encoder.layers.1.self_attn.q_proj.bias: [768]
2026-03-29 13:24:23,229 [INFO]   model.vision_model.encoder.layers.1.self_attn.out_proj.weight: [768, 768]
2026-03-29 13:24:23,229 [INFO]   model.vision_model.encoder.layers.1.self_attn.out_proj.bias: [768]
2026-03-29 13:24:23,229 [INFO]   model.vision_model.encoder.layers.1.layer_norm1.weight: [768]
2026-03-29 13:24:23,229 [INFO]   model.vision_model.encoder.layers.1.layer_norm1.bias: [768]
2026-03-29 13:24:23,229 [INFO]   model.vision_model.encoder.layers.1.mlp.fc1.weight: [3072, 768]
2026-03-29 13:24:23,229 [INFO]   model.vision_model.encoder.layers.1.mlp.fc1.bias: [3072]
2026-03-29 13:24:23,229 [INFO]   model.vision_model.encoder.layers.1.mlp.fc2.weight: [768, 3072]
2026-03-29 13:24:23,229 [INFO]   model.vision_model.encoder.layers.1.mlp.fc2.bias: [768]
2026-03-29 13:24:23,229 [INFO]   model.vision_model.encoder.layers.1.layer_norm2.weight: [768]
2026-03-29 13:24:23,229 [INFO]   model.vision_model.encoder.layers.1.layer_norm2.bias: [768]
2026-03-29 13:24:23,229 [INFO]   model.vision_model.encoder.layers.2.self_attn.k_proj.weight: [768, 768]
2026-03-29 13:24:23,229 [INFO]   model.vision_model.encoder.layers.2.self_attn.k_proj.bias: [768]
2026-03-29 13:24:23,229 [INFO]   model.vision_model.encoder.layers.2.self_attn.v_proj.weight: [768, 768]
2026-03-29 13:24:23,229 [INFO]   model.vision_model.encoder.layers.2.self_attn.v_proj.bias: [768]
2026-03-29 13:24:23,229 [INFO]   model.vision_model.encoder.layers.2.self_attn.q_proj.weight: [768, 768]
2026-03-29 13:24:23,229 [INFO]   model.vision_model.encoder.layers.2.self_attn.q_proj.bias: [768]
2026-03-29 13:24:23,229 [INFO]   model.vision_model.encoder.layers.2.self_attn.out_proj.weight: [768, 768]
2026-03-29 13:24:23,229 [INFO]   model.vision_model.encoder.layers.2.self_attn.out_proj.bias: [768]
2026-03-29 13:24:23,229 [INFO]   model.vision_model.encoder.layers.2.layer_norm1.weight: [768]
2026-03-29 13:24:23,229 [INFO]   model.vision_model.encoder.layers.2.layer_norm1.bias: [768]
2026-03-29 13:24:23,229 [INFO]   model.vision_model.encoder.layers.2.mlp.fc1.weight: [3072, 768]
2026-03-29 13:24:23,229 [INFO]   model.vision_model.encoder.layers.2.mlp.fc1.bias: [3072]
2026-03-29 13:24:23,229 [INFO]   model.vision_model.encoder.layers.2.mlp.fc2.weight: [768, 3072]
2026-03-29 13:24:23,229 [INFO]   model.vision_model.encoder.layers.2.mlp.fc2.bias: [768]
2026-03-29 13:24:23,229 [INFO]   model.vision_model.encoder.layers.2.layer_norm2.weight: [768]
2026-03-29 13:24:23,229 [INFO]   model.vision_model.encoder.layers.2.layer_norm2.bias: [768]
2026-03-29 13:24:23,229 [INFO]   model.vision_model.encoder.layers.3.self_attn.k_proj.weight: [768, 768]
2026-03-29 13:24:23,229 [INFO]   model.vision_model.encoder.layers.3.self_attn.k_proj.bias: [768]
2026-03-29 13:24:23,230 [INFO]   model.vision_model.encoder.layers.3.self_attn.v_proj.weight: [768, 768]
2026-03-29 13:24:23,230 [INFO]   model.vision_model.encoder.layers.3.self_attn.v_proj.bias: [768]
2026-03-29 13:24:23,230 [INFO]   model.vision_model.encoder.layers.3.self_attn.q_proj.weight: [768, 768]
2026-03-29 13:24:23,230 [INFO]   model.vision_model.encoder.layers.3.self_attn.q_proj.bias: [768]
2026-03-29 13:24:23,230 [INFO]   model.vision_model.encoder.layers.3.self_attn.out_proj.weight: [768, 768]
2026-03-29 13:24:23,230 [INFO]   model.vision_model.encoder.layers.3.self_attn.out_proj.bias: [768]
2026-03-29 13:24:23,230 [INFO]   model.vision_model.encoder.layers.3.layer_norm1.weight: [768]
2026-03-29 13:24:23,230 [INFO]   model.vision_model.encoder.layers.3.layer_norm1.bias: [768]
2026-03-29 13:24:23,230 [INFO]   model.vision_model.encoder.layers.3.mlp.fc1.weight: [3072, 768]
2026-03-29 13:24:23,230 [INFO]   model.vision_model.encoder.layers.3.mlp.fc1.bias: [3072]
2026-03-29 13:24:23,230 [INFO]   model.vision_model.encoder.layers.3.mlp.fc2.weight: [768, 3072]
2026-03-29 13:24:23,230 [INFO]   model.vision_model.encoder.layers.3.mlp.fc2.bias: [768]
2026-03-29 13:24:23,230 [INFO]   model.vision_model.encoder.layers.3.layer_norm2.weight: [768]
2026-03-29 13:24:23,230 [INFO]   model.vision_model.encoder.layers.3.layer_norm2.bias: [768]
2026-03-29 13:24:23,230 [INFO]   model.vision_model.encoder.layers.4.self_attn.k_proj.weight: [768, 768]
2026-03-29 13:24:23,230 [INFO]   model.vision_model.encoder.layers.4.self_attn.k_proj.bias: [768]
2026-03-29 13:24:23,230 [INFO]   model.vision_model.encoder.layers.4.self_attn.v_proj.weight: [768, 768]
2026-03-29 13:24:23,230 [INFO]   model.vision_model.encoder.layers.4.self_attn.v_proj.bias: [768]
2026-03-29 13:24:23,230 [INFO]   model.vision_model.encoder.layers.4.self_attn.q_proj.weight: [768, 768]
2026-03-29 13:24:23,230 [INFO]   model.vision_model.encoder.layers.4.self_attn.q_proj.bias: [768]
2026-03-29 13:24:23,230 [INFO]   model.vision_model.encoder.layers.4.self_attn.out_proj.weight: [768, 768]
2026-03-29 13:24:23,230 [INFO]   model.vision_model.encoder.layers.4.self_attn.out_proj.bias: [768]
2026-03-29 13:24:23,230 [INFO]   model.vision_model.encoder.layers.4.layer_norm1.weight: [768]
2026-03-29 13:24:23,230 [INFO]   model.vision_model.encoder.layers.4.layer_norm1.bias: [768]
2026-03-29 13:24:23,230 [INFO]   model.vision_model.encoder.layers.4.mlp.fc1.weight: [3072, 768]
2026-03-29 13:24:23,230 [INFO]   model.vision_model.encoder.layers.4.mlp.fc1.bias: [3072]
2026-03-29 13:24:23,230 [INFO]   model.vision_model.encoder.layers.4.mlp.fc2.weight: [768, 3072]
2026-03-29 13:24:23,230 [INFO]   model.vision_model.encoder.layers.4.mlp.fc2.bias: [768]
2026-03-29 13:24:23,230 [INFO]   model.vision_model.encoder.layers.4.layer_norm2.weight: [768]
2026-03-29 13:24:23,230 [INFO]   model.vision_model.encoder.layers.4.layer_norm2.bias: [768]
2026-03-29 13:24:23,230 [INFO]   model.vision_model.encoder.layers.5.self_attn.k_proj.weight: [768, 768]
2026-03-29 13:24:23,230 [INFO]   model.vision_model.encoder.layers.5.self_attn.k_proj.bias: [768]
2026-03-29 13:24:23,230 [INFO]   model.vision_model.encoder.layers.5.self_attn.v_proj.weight: [768, 768]
2026-03-29 13:24:23,230 [INFO]   model.vision_model.encoder.layers.5.self_attn.v_proj.bias: [768]
2026-03-29 13:24:23,230 [INFO]   model.vision_model.encoder.layers.5.self_attn.q_proj.weight: [768, 768]
2026-03-29 13:24:23,230 [INFO]   model.vision_model.encoder.layers.5.self_attn.q_proj.bias: [768]
2026-03-29 13:24:23,230 [INFO]   model.vision_model.encoder.layers.5.self_attn.out_proj.weight: [768, 768]
2026-03-29 13:24:23,230 [INFO]   model.vision_model.encoder.layers.5.self_attn.out_proj.bias: [768]
2026-03-29 13:24:23,230 [INFO]   model.vision_model.encoder.layers.5.layer_norm1.weight: [768]
2026-03-29 13:24:23,230 [INFO]   model.vision_model.encoder.layers.5.layer_norm1.bias: [768]
2026-03-29 13:24:23,230 [INFO]   model.vision_model.encoder.layers.5.mlp.fc1.weight: [3072, 768]
2026-03-29 13:24:23,230 [INFO]   model.vision_model.encoder.layers.5.mlp.fc1.bias: [3072]
2026-03-29 13:24:23,230 [INFO]   model.vision_model.encoder.layers.5.mlp.fc2.weight: [768, 3072]
2026-03-29 13:24:23,230 [INFO]   model.vision_model.encoder.layers.5.mlp.fc2.bias: [768]
2026-03-29 13:24:23,231 [INFO]   model.vision_model.encoder.layers.5.layer_norm2.weight: [768]
2026-03-29 13:24:23,231 [INFO]   model.vision_model.encoder.layers.5.layer_norm2.bias: [768]
2026-03-29 13:24:23,231 [INFO]   model.vision_model.encoder.layers.6.self_attn.k_proj.weight: [768, 768]
2026-03-29 13:24:23,231 [INFO]   model.vision_model.encoder.layers.6.self_attn.k_proj.bias: [768]
2026-03-29 13:24:23,231 [INFO]   model.vision_model.encoder.layers.6.self_attn.v_proj.weight: [768, 768]
2026-03-29 13:24:23,231 [INFO]   model.vision_model.encoder.layers.6.self_attn.v_proj.bias: [768]
2026-03-29 13:24:23,231 [INFO]   model.vision_model.encoder.layers.6.self_attn.q_proj.weight: [768, 768]
2026-03-29 13:24:23,231 [INFO]   model.vision_model.encoder.layers.6.self_attn.q_proj.bias: [768]
2026-03-29 13:24:23,231 [INFO]   model.vision_model.encoder.layers.6.self_attn.out_proj.weight: [768, 768]
2026-03-29 13:24:23,231 [INFO]   model.vision_model.encoder.layers.6.self_attn.out_proj.bias: [768]
2026-03-29 13:24:23,231 [INFO]   model.vision_model.encoder.layers.6.layer_norm1.weight: [768]
2026-03-29 13:24:23,231 [INFO]   model.vision_model.encoder.layers.6.layer_norm1.bias: [768]
2026-03-29 13:24:23,231 [INFO]   model.vision_model.encoder.layers.6.mlp.fc1.weight: [3072, 768]
2026-03-29 13:24:23,231 [INFO]   model.vision_model.encoder.layers.6.mlp.fc1.bias: [3072]
2026-03-29 13:24:23,231 [INFO]   model.vision_model.encoder.layers.6.mlp.fc2.weight: [768, 3072]
2026-03-29 13:24:23,231 [INFO]   model.vision_model.encoder.layers.6.mlp.fc2.bias: [768]
2026-03-29 13:24:23,231 [INFO]   model.vision_model.encoder.layers.6.layer_norm2.weight: [768]
2026-03-29 13:24:23,231 [INFO]   model.vision_model.encoder.layers.6.layer_norm2.bias: [768]
2026-03-29 13:24:23,231 [INFO]   model.vision_model.encoder.layers.7.self_attn.k_proj.weight: [768, 768]
2026-03-29 13:24:23,231 [INFO]   model.vision_model.encoder.layers.7.self_attn.k_proj.bias: [768]
2026-03-29 13:24:23,231 [INFO]   model.vision_model.encoder.layers.7.self_attn.v_proj.weight: [768, 768]
2026-03-29 13:24:23,231 [INFO]   model.vision_model.encoder.layers.7.self_attn.v_proj.bias: [768]
2026-03-29 13:24:23,231 [INFO]   model.vision_model.encoder.layers.7.self_attn.q_proj.weight: [768, 768]
2026-03-29 13:24:23,231 [INFO]   model.vision_model.encoder.layers.7.self_attn.q_proj.bias: [768]
2026-03-29 13:24:23,231 [INFO]   model.vision_model.encoder.layers.7.self_attn.out_proj.weight: [768, 768]
2026-03-29 13:24:23,231 [INFO]   model.vision_model.encoder.layers.7.self_attn.out_proj.bias: [768]
2026-03-29 13:24:23,231 [INFO]   model.vision_model.encoder.layers.7.layer_norm1.weight: [768]
2026-03-29 13:24:23,231 [INFO]   model.vision_model.encoder.layers.7.layer_norm1.bias: [768]
2026-03-29 13:24:23,231 [INFO]   model.vision_model.encoder.layers.7.mlp.fc1.weight: [3072, 768]
2026-03-29 13:24:23,231 [INFO]   model.vision_model.encoder.layers.7.mlp.fc1.bias: [3072]
2026-03-29 13:24:23,231 [INFO]   model.vision_model.encoder.layers.7.mlp.fc2.weight: [768, 3072]
2026-03-29 13:24:23,231 [INFO]   model.vision_model.encoder.layers.7.mlp.fc2.bias: [768]
2026-03-29 13:24:23,231 [INFO]   model.vision_model.encoder.layers.7.layer_norm2.weight: [768]
2026-03-29 13:24:23,231 [INFO]   model.vision_model.encoder.layers.7.layer_norm2.bias: [768]
2026-03-29 13:24:23,231 [INFO]   model.vision_model.encoder.layers.8.self_attn.k_proj.weight: [768, 768]
2026-03-29 13:24:23,231 [INFO]   model.vision_model.encoder.layers.8.self_attn.k_proj.bias: [768]
2026-03-29 13:24:23,231 [INFO]   model.vision_model.encoder.layers.8.self_attn.v_proj.weight: [768, 768]
2026-03-29 13:24:23,231 [INFO]   model.vision_model.encoder.layers.8.self_attn.v_proj.bias: [768]
2026-03-29 13:24:23,231 [INFO]   model.vision_model.encoder.layers.8.self_attn.q_proj.weight: [768, 768]
2026-03-29 13:24:23,231 [INFO]   model.vision_model.encoder.layers.8.self_attn.q_proj.bias: [768]
2026-03-29 13:24:23,231 [INFO]   model.vision_model.encoder.layers.8.self_attn.out_proj.weight: [768, 768]
2026-03-29 13:24:23,231 [INFO]   model.vision_model.encoder.layers.8.self_attn.out_proj.bias: [768]
2026-03-29 13:24:23,231 [INFO]   model.vision_model.encoder.layers.8.layer_norm1.weight: [768]
2026-03-29 13:24:23,231 [INFO]   model.vision_model.encoder.layers.8.layer_norm1.bias: [768]
2026-03-29 13:24:23,232 [INFO]   model.vision_model.encoder.layers.8.mlp.fc1.weight: [3072, 768]
2026-03-29 13:24:23,232 [INFO]   model.vision_model.encoder.layers.8.mlp.fc1.bias: [3072]
2026-03-29 13:24:23,232 [INFO]   model.vision_model.encoder.layers.8.mlp.fc2.weight: [768, 3072]
2026-03-29 13:24:23,232 [INFO]   model.vision_model.encoder.layers.8.mlp.fc2.bias: [768]
2026-03-29 13:24:23,232 [INFO]   model.vision_model.encoder.layers.8.layer_norm2.weight: [768]
2026-03-29 13:24:23,232 [INFO]   model.vision_model.encoder.layers.8.layer_norm2.bias: [768]
2026-03-29 13:24:23,232 [INFO]   model.vision_model.encoder.layers.9.self_attn.k_proj.weight: [768, 768]
2026-03-29 13:24:23,232 [INFO]   model.vision_model.encoder.layers.9.self_attn.k_proj.bias: [768]
2026-03-29 13:24:23,232 [INFO]   model.vision_model.encoder.layers.9.self_attn.v_proj.weight: [768, 768]
2026-03-29 13:24:23,232 [INFO]   model.vision_model.encoder.layers.9.self_attn.v_proj.bias: [768]
2026-03-29 13:24:23,232 [INFO]   model.vision_model.encoder.layers.9.self_attn.q_proj.weight: [768, 768]
2026-03-29 13:24:23,232 [INFO]   model.vision_model.encoder.layers.9.self_attn.q_proj.bias: [768]
2026-03-29 13:24:23,232 [INFO]   model.vision_model.encoder.layers.9.self_attn.out_proj.weight: [768, 768]
2026-03-29 13:24:23,232 [INFO]   model.vision_model.encoder.layers.9.self_attn.out_proj.bias: [768]
2026-03-29 13:24:23,232 [INFO]   model.vision_model.encoder.layers.9.layer_norm1.weight: [768]
2026-03-29 13:24:23,232 [INFO]   model.vision_model.encoder.layers.9.layer_norm1.bias: [768]
2026-03-29 13:24:23,232 [INFO]   model.vision_model.encoder.layers.9.mlp.fc1.weight: [3072, 768]
2026-03-29 13:24:23,232 [INFO]   model.vision_model.encoder.layers.9.mlp.fc1.bias: [3072]
2026-03-29 13:24:23,232 [INFO]   model.vision_model.encoder.layers.9.mlp.fc2.weight: [768, 3072]
2026-03-29 13:24:23,232 [INFO]   model.vision_model.encoder.layers.9.mlp.fc2.bias: [768]
2026-03-29 13:24:23,232 [INFO]   model.vision_model.encoder.layers.9.layer_norm2.weight: [768]
2026-03-29 13:24:23,232 [INFO]   model.vision_model.encoder.layers.9.layer_norm2.bias: [768]
2026-03-29 13:24:23,232 [INFO]   model.vision_model.encoder.layers.10.self_attn.k_proj.weight: [768, 768]
2026-03-29 13:24:23,232 [INFO]   model.vision_model.encoder.layers.10.self_attn.k_proj.bias: [768]
2026-03-29 13:24:23,232 [INFO]   model.vision_model.encoder.layers.10.self_attn.v_proj.weight: [768, 768]
2026-03-29 13:24:23,232 [INFO]   model.vision_model.encoder.layers.10.self_attn.v_proj.bias: [768]
2026-03-29 13:24:23,232 [INFO]   model.vision_model.encoder.layers.10.self_attn.q_proj.weight: [768, 768]
2026-03-29 13:24:23,232 [INFO]   model.vision_model.encoder.layers.10.self_attn.q_proj.bias: [768]
2026-03-29 13:24:23,232 [INFO]   model.vision_model.encoder.layers.10.self_attn.out_proj.weight: [768, 768]
2026-03-29 13:24:23,232 [INFO]   model.vision_model.encoder.layers.10.self_attn.out_proj.bias: [768]
2026-03-29 13:24:23,232 [INFO]   model.vision_model.encoder.layers.10.layer_norm1.weight: [768]
2026-03-29 13:24:23,232 [INFO]   model.vision_model.encoder.layers.10.layer_norm1.bias: [768]
2026-03-29 13:24:23,232 [INFO]   model.vision_model.encoder.layers.10.mlp.fc1.weight: [3072, 768]
2026-03-29 13:24:23,232 [INFO]   model.vision_model.encoder.layers.10.mlp.fc1.bias: [3072]
2026-03-29 13:24:23,232 [INFO]   model.vision_model.encoder.layers.10.mlp.fc2.weight: [768, 3072]
2026-03-29 13:24:23,232 [INFO]   model.vision_model.encoder.layers.10.mlp.fc2.bias: [768]
2026-03-29 13:24:23,232 [INFO]   model.vision_model.encoder.layers.10.layer_norm2.weight: [768]
2026-03-29 13:24:23,232 [INFO]   model.vision_model.encoder.layers.10.layer_norm2.bias: [768]
2026-03-29 13:24:23,232 [INFO]   model.vision_model.encoder.layers.11.self_attn.k_proj.weight: [768, 768]
2026-03-29 13:24:23,232 [INFO]   model.vision_model.encoder.layers.11.self_attn.k_proj.bias: [768]
2026-03-29 13:24:23,232 [INFO]   model.vision_model.encoder.layers.11.self_attn.v_proj.weight: [768, 768]
2026-03-29 13:24:23,232 [INFO]   model.vision_model.encoder.layers.11.self_attn.v_proj.bias: [768]
2026-03-29 13:24:23,232 [INFO]   model.vision_model.encoder.layers.11.self_attn.q_proj.weight: [768, 768]
2026-03-29 13:24:23,232 [INFO]   model.vision_model.encoder.layers.11.self_attn.q_proj.bias: [768]
2026-03-29 13:24:23,232 [INFO]   model.vision_model.encoder.layers.11.self_attn.out_proj.weight: [768, 768]
2026-03-29 13:24:23,232 [INFO]   model.vision_model.encoder.layers.11.self_attn.out_proj.bias: [768]
2026-03-29 13:24:23,232 [INFO]   model.vision_model.encoder.layers.11.layer_norm1.weight: [768]
2026-03-29 13:24:23,232 [INFO]   model.vision_model.encoder.layers.11.layer_norm1.bias: [768]
2026-03-29 13:24:23,233 [INFO]   model.vision_model.encoder.layers.11.mlp.fc1.weight: [3072, 768]
2026-03-29 13:24:23,233 [INFO]   model.vision_model.encoder.layers.11.mlp.fc1.bias: [3072]
2026-03-29 13:24:23,233 [INFO]   model.vision_model.encoder.layers.11.mlp.fc2.weight: [768, 3072]
2026-03-29 13:24:23,233 [INFO]   model.vision_model.encoder.layers.11.mlp.fc2.bias: [768]
2026-03-29 13:24:23,233 [INFO]   model.vision_model.encoder.layers.11.layer_norm2.weight: [768]
2026-03-29 13:24:23,233 [INFO]   model.vision_model.encoder.layers.11.layer_norm2.bias: [768]
2026-03-29 13:24:23,233 [INFO]   model.vision_model.post_layernorm.weight: [768]
2026-03-29 13:24:23,233 [INFO]   model.vision_model.post_layernorm.bias: [768]
2026-03-29 13:24:23,233 [INFO]   model.connector.modality_projection.proj.weight: [960, 12288]
2026-03-29 13:24:23,233 [INFO] Train samples: 9000 | Val samples: 200
2026-03-29 13:24:23,354 [INFO] Starting Stage 1 training (vision encoder + projector)...
2026-03-29 13:31:15,453 [INFO] Step 20 | train_loss: 2.4037
2026-03-29 13:37:45,582 [INFO] Step 40 | train_loss: 2.2634
2026-03-29 13:44:18,405 [INFO] Step 60 | train_loss: 2.0823
2026-03-29 13:50:45,852 [INFO] Step 80 | train_loss: 1.8714
2026-03-29 13:57:16,707 [INFO] Step 100 | train_loss: 1.7917
2026-03-29 14:00:12,703 [INFO] Step 100 | eval_loss: 1.8412
2026-03-29 14:06:41,459 [INFO] Step 120 | train_loss: 1.7154
2026-03-29 14:13:09,211 [INFO] Step 140 | train_loss: 1.6465
2026-03-29 14:20:09,802 [INFO] Step 160 | train_loss: 1.6046
2026-03-29 14:26:37,866 [INFO] Step 180 | train_loss: 1.5379
2026-03-29 14:33:06,510 [INFO] Step 200 | train_loss: 1.5058
2026-03-29 14:36:06,483 [INFO] Step 200 | eval_loss: 1.6478
2026-03-29 14:42:39,601 [INFO] Step 220 | train_loss: 1.4749
2026-03-29 14:49:06,671 [INFO] Step 240 | train_loss: 1.4606
2026-03-29 14:55:34,728 [INFO] Step 260 | train_loss: 1.4091
2026-03-29 15:02:03,211 [INFO] Step 280 | train_loss: 1.3810
2026-03-29 15:08:30,052 [INFO] Step 300 | train_loss: 1.3348
2026-03-29 15:11:26,289 [INFO] Step 300 | eval_loss: 1.5423
2026-03-29 15:17:53,737 [INFO] Step 320 | train_loss: 1.3487
2026-03-29 15:24:21,175 [INFO] Step 340 | train_loss: 1.3272
2026-03-29 15:30:49,532 [INFO] Step 360 | train_loss: 1.3176
2026-03-29 15:37:19,163 [INFO] Step 380 | train_loss: 1.3115
2026-03-29 15:43:48,020 [INFO] Step 400 | train_loss: 1.2983
2026-03-29 15:46:50,925 [INFO] Step 400 | eval_loss: 1.5127
2026-03-29 15:53:21,677 [INFO] Step 420 | train_loss: 1.2862
2026-03-29 15:59:47,888 [INFO] Step 440 | train_loss: 1.2742
2026-03-29 16:06:15,639 [INFO] Step 460 | train_loss: 1.2517
2026-03-29 16:12:43,077 [INFO] Step 480 | train_loss: 1.2832
2026-03-29 16:19:12,604 [INFO] Step 500 | train_loss: 1.2827
2026-03-29 16:22:20,991 [INFO] Step 500 | eval_loss: 1.5075
2026-03-29 16:28:50,842 [INFO] Step 520 | train_loss: 1.2884
2026-03-29 16:35:19,225 [INFO] Step 540 | train_loss: 1.2683
2026-03-29 16:42:58,366 [INFO] Step 560 | train_loss: 1.2621
2026-03-29 16:43:49,667 [INFO] Saving model to models/student/sft_stage1_checkpoint
2026-03-29 16:43:51,647 [INFO] Stage 1 complete.
